<?xml version="1.0" encoding="ISO-8859-1" ?>
<link_info>
   <banner>TI ARM Linker PC v18.12.4.LTS</banner>
   <copyright>Copyright (c) 1996-2018 Texas Instruments Incorporated</copyright>
   <link_time>0x604f148d</link_time>
   <link_errors>0x0</link_errors>
   <output_file>Lab4-1.out</output_file>
   <entry_point>
      <name>_c_int00_noargs</name>
      <address>0x2000f3d9</address>
   </entry_point>
   <input_file_list>
      <input_file id="fl-2">
         <path>.\</path>
         <kind>object</kind>
         <file>Adafruit_GFX.obj</file>
         <name>Adafruit_GFX.obj</name>
      </input_file>
      <input_file id="fl-3">
         <path>.\</path>
         <kind>object</kind>
         <file>Adafruit_OLED.obj</file>
         <name>Adafruit_OLED.obj</name>
      </input_file>
      <input_file id="fl-4">
         <path>.\</path>
         <kind>object</kind>
         <file>gpio_if.obj</file>
         <name>gpio_if.obj</name>
      </input_file>
      <input_file id="fl-5">
         <path>.\</path>
         <kind>object</kind>
         <file>i2c_if.obj</file>
         <name>i2c_if.obj</name>
      </input_file>
      <input_file id="fl-6">
         <path>.\</path>
         <kind>object</kind>
         <file>main.obj</file>
         <name>main.obj</name>
      </input_file>
      <input_file id="fl-7">
         <path>.\</path>
         <kind>object</kind>
         <file>network_common.obj</file>
         <name>network_common.obj</name>
      </input_file>
      <input_file id="fl-8">
         <path>.\</path>
         <kind>object</kind>
         <file>pinmux.obj</file>
         <name>pinmux.obj</name>
      </input_file>
      <input_file id="fl-9">
         <path>.\</path>
         <kind>object</kind>
         <file>startup_ccs.obj</file>
         <name>startup_ccs.obj</name>
      </input_file>
      <input_file id="fl-a">
         <path>.\</path>
         <kind>object</kind>
         <file>test.obj</file>
         <name>test.obj</name>
      </input_file>
      <input_file id="fl-b">
         <path>.\</path>
         <kind>object</kind>
         <file>uart_if.obj</file>
         <name>uart_if.obj</name>
      </input_file>
      <input_file id="fl-11">
         <kind>object</kind>
         <file>&lt;internal&gt;</file>
         <name>&lt;internal&gt;</name>
      </input_file>
      <input_file id="fl-12">
         <path>C:\ti\CC3200SDK_1.5.0\cc3200-sdk\simplelink\ccs\NON_OS_debug\</path>
         <kind>archive</kind>
         <file>simplelink.a</file>
         <name>device.obj</name>
      </input_file>
      <input_file id="fl-13">
         <path>C:\ti\CC3200SDK_1.5.0\cc3200-sdk\simplelink\ccs\NON_OS_debug\</path>
         <kind>archive</kind>
         <file>simplelink.a</file>
         <name>driver.obj</name>
      </input_file>
      <input_file id="fl-14">
         <path>C:\ti\CC3200SDK_1.5.0\cc3200-sdk\simplelink\ccs\NON_OS_debug\</path>
         <kind>archive</kind>
         <file>simplelink.a</file>
         <name>netapp.obj</name>
      </input_file>
      <input_file id="fl-15">
         <path>C:\ti\CC3200SDK_1.5.0\cc3200-sdk\simplelink\ccs\NON_OS_debug\</path>
         <kind>archive</kind>
         <file>simplelink.a</file>
         <name>netcfg.obj</name>
      </input_file>
      <input_file id="fl-16">
         <path>C:\ti\CC3200SDK_1.5.0\cc3200-sdk\simplelink\ccs\NON_OS_debug\</path>
         <kind>archive</kind>
         <file>simplelink.a</file>
         <name>nonos.obj</name>
      </input_file>
      <input_file id="fl-17">
         <path>C:\ti\CC3200SDK_1.5.0\cc3200-sdk\simplelink\ccs\NON_OS_debug\</path>
         <kind>archive</kind>
         <file>simplelink.a</file>
         <name>socket.obj</name>
      </input_file>
      <input_file id="fl-18">
         <path>C:\ti\CC3200SDK_1.5.0\cc3200-sdk\simplelink\ccs\NON_OS_debug\</path>
         <kind>archive</kind>
         <file>simplelink.a</file>
         <name>wlan.obj</name>
      </input_file>
      <input_file id="fl-19">
         <path>C:\ti\CC3200SDK_1.5.0\cc3200-sdk\simplelink\ccs\NON_OS_debug\</path>
         <kind>archive</kind>
         <file>simplelink.a</file>
         <name>cc_pal.obj</name>
      </input_file>
      <input_file id="fl-1a">
         <path>C:\ti\CC3200SDK_1.5.0\cc3200-sdk\driverlib\ccs\Release\</path>
         <kind>archive</kind>
         <file>driverlib.a</file>
         <name>gpio.obj</name>
      </input_file>
      <input_file id="fl-1b">
         <path>C:\ti\CC3200SDK_1.5.0\cc3200-sdk\driverlib\ccs\Release\</path>
         <kind>archive</kind>
         <file>driverlib.a</file>
         <name>i2c.obj</name>
      </input_file>
      <input_file id="fl-1c">
         <path>C:\ti\CC3200SDK_1.5.0\cc3200-sdk\driverlib\ccs\Release\</path>
         <kind>archive</kind>
         <file>driverlib.a</file>
         <name>interrupt.obj</name>
      </input_file>
      <input_file id="fl-1d">
         <path>C:\ti\CC3200SDK_1.5.0\cc3200-sdk\driverlib\ccs\Release\</path>
         <kind>archive</kind>
         <file>driverlib.a</file>
         <name>pin.obj</name>
      </input_file>
      <input_file id="fl-1e">
         <path>C:\ti\CC3200SDK_1.5.0\cc3200-sdk\driverlib\ccs\Release\</path>
         <kind>archive</kind>
         <file>driverlib.a</file>
         <name>prcm.obj</name>
      </input_file>
      <input_file id="fl-1f">
         <path>C:\ti\CC3200SDK_1.5.0\cc3200-sdk\driverlib\ccs\Release\</path>
         <kind>archive</kind>
         <file>driverlib.a</file>
         <name>spi.obj</name>
      </input_file>
      <input_file id="fl-20">
         <path>C:\ti\CC3200SDK_1.5.0\cc3200-sdk\driverlib\ccs\Release\</path>
         <kind>archive</kind>
         <file>driverlib.a</file>
         <name>timer.obj</name>
      </input_file>
      <input_file id="fl-21">
         <path>C:\ti\CC3200SDK_1.5.0\cc3200-sdk\driverlib\ccs\Release\</path>
         <kind>archive</kind>
         <file>driverlib.a</file>
         <name>uart.obj</name>
      </input_file>
      <input_file id="fl-22">
         <path>C:\ti\CC3200SDK_1.5.0\cc3200-sdk\driverlib\ccs\Release\</path>
         <kind>archive</kind>
         <file>driverlib.a</file>
         <name>udma.obj</name>
      </input_file>
      <input_file id="fl-23">
         <path>C:\ti\CC3200SDK_1.5.0\cc3200-sdk\driverlib\ccs\Release\</path>
         <kind>archive</kind>
         <file>driverlib.a</file>
         <name>utils.obj</name>
      </input_file>
      <input_file id="fl-24">
         <path>C:\ti\CC3200SDK_1.5.0\cc3200-sdk\driverlib\ccs\Release\</path>
         <kind>archive</kind>
         <file>driverlib.a</file>
         <name>cpu.obj</name>
      </input_file>
      <input_file id="fl-25">
         <path>C:\ti\CC3200SDK_1.5.0\cc3200-sdk\driverlib\ccs\Release\</path>
         <kind>archive</kind>
         <file>driverlib.a</file>
         <name>flash.obj</name>
      </input_file>
      <input_file id="fl-db">
         <path>C:\ti\ccs930\ccs\tools\compiler\ti-cgt-arm_18.12.4.LTS\lib\</path>
         <kind>archive</kind>
         <file>rtsv7M4_T_le_eabi.lib</file>
         <name>sprintf.c.obj</name>
      </input_file>
      <input_file id="fl-dc">
         <path>C:\ti\ccs930\ccs\tools\compiler\ti-cgt-arm_18.12.4.LTS\lib\</path>
         <kind>archive</kind>
         <file>rtsv7M4_T_le_eabi.lib</file>
         <name>vsnprintf.c.obj</name>
      </input_file>
      <input_file id="fl-dd">
         <path>C:\ti\ccs930\ccs\tools\compiler\ti-cgt-arm_18.12.4.LTS\lib\</path>
         <kind>archive</kind>
         <file>rtsv7M4_T_le_eabi.lib</file>
         <name>memcpy_t2.asm.obj</name>
      </input_file>
      <input_file id="fl-de">
         <path>C:\ti\ccs930\ccs\tools\compiler\ti-cgt-arm_18.12.4.LTS\lib\</path>
         <kind>archive</kind>
         <file>rtsv7M4_T_le_eabi.lib</file>
         <name>ull_div_t2.asm.obj</name>
      </input_file>
      <input_file id="fl-df">
         <path>C:\ti\ccs930\ccs\tools\compiler\ti-cgt-arm_18.12.4.LTS\lib\</path>
         <kind>archive</kind>
         <file>rtsv7M4_T_le_eabi.lib</file>
         <name>memset_t2.asm.obj</name>
      </input_file>
      <input_file id="fl-e0">
         <path>C:\ti\ccs930\ccs\tools\compiler\ti-cgt-arm_18.12.4.LTS\lib\</path>
         <kind>archive</kind>
         <file>rtsv7M4_T_le_eabi.lib</file>
         <name>copy_zero_init.c.obj</name>
      </input_file>
      <input_file id="fl-e1">
         <path>C:\ti\ccs930\ccs\tools\compiler\ti-cgt-arm_18.12.4.LTS\lib\</path>
         <kind>archive</kind>
         <file>rtsv7M4_T_le_eabi.lib</file>
         <name>copy_decompress_none.c.obj</name>
      </input_file>
      <input_file id="fl-e2">
         <path>C:\ti\ccs930\ccs\tools\compiler\ti-cgt-arm_18.12.4.LTS\lib\</path>
         <kind>archive</kind>
         <file>rtsv7M4_T_le_eabi.lib</file>
         <name>copy_decompress_lzss.c.obj</name>
      </input_file>
      <input_file id="fl-e3">
         <path>C:\ti\ccs930\ccs\tools\compiler\ti-cgt-arm_18.12.4.LTS\lib\</path>
         <kind>archive</kind>
         <file>rtsv7M4_T_le_eabi.lib</file>
         <name>memmov.c.obj</name>
      </input_file>
      <input_file id="fl-e4">
         <path>C:\ti\ccs930\ccs\tools\compiler\ti-cgt-arm_18.12.4.LTS\lib\</path>
         <kind>archive</kind>
         <file>rtsv7M4_T_le_eabi.lib</file>
         <name>memory.c.obj</name>
      </input_file>
      <input_file id="fl-e5">
         <path>C:\ti\ccs930\ccs\tools\compiler\ti-cgt-arm_18.12.4.LTS\lib\</path>
         <kind>archive</kind>
         <file>rtsv7M4_T_le_eabi.lib</file>
         <name>strcmp.c.obj</name>
      </input_file>
      <input_file id="fl-e6">
         <path>C:\ti\ccs930\ccs\tools\compiler\ti-cgt-arm_18.12.4.LTS\lib\</path>
         <kind>archive</kind>
         <file>rtsv7M4_T_le_eabi.lib</file>
         <name>strcpy.c.obj</name>
      </input_file>
      <input_file id="fl-e7">
         <path>C:\ti\ccs930\ccs\tools\compiler\ti-cgt-arm_18.12.4.LTS\lib\</path>
         <kind>archive</kind>
         <file>rtsv7M4_T_le_eabi.lib</file>
         <name>strlen.c.obj</name>
      </input_file>
      <input_file id="fl-e8">
         <path>C:\ti\ccs930\ccs\tools\compiler\ti-cgt-arm_18.12.4.LTS\lib\</path>
         <kind>archive</kind>
         <file>rtsv7M4_T_le_eabi.lib</file>
         <name>strstr.c.obj</name>
      </input_file>
      <input_file id="fl-e9">
         <path>C:\ti\ccs930\ccs\tools\compiler\ti-cgt-arm_18.12.4.LTS\lib\</path>
         <kind>archive</kind>
         <file>rtsv7M4_T_le_eabi.lib</file>
         <name>strtok.c.obj</name>
      </input_file>
      <input_file id="fl-ea">
         <path>C:\ti\ccs930\ccs\tools\compiler\ti-cgt-arm_18.12.4.LTS\lib\</path>
         <kind>archive</kind>
         <file>rtsv7M4_T_le_eabi.lib</file>
         <name>strtoul.c.obj</name>
      </input_file>
      <input_file id="fl-eb">
         <path>C:\ti\ccs930\ccs\tools\compiler\ti-cgt-arm_18.12.4.LTS\lib\</path>
         <kind>archive</kind>
         <file>rtsv7M4_T_le_eabi.lib</file>
         <name>boot_cortex_m.c.obj</name>
      </input_file>
      <input_file id="fl-ec">
         <path>C:\ti\ccs930\ccs\tools\compiler\ti-cgt-arm_18.12.4.LTS\lib\</path>
         <kind>archive</kind>
         <file>rtsv7M4_T_le_eabi.lib</file>
         <name>errno.c.obj</name>
      </input_file>
      <input_file id="fl-ed">
         <path>C:\ti\ccs930\ccs\tools\compiler\ti-cgt-arm_18.12.4.LTS\lib\</path>
         <kind>archive</kind>
         <file>rtsv7M4_T_le_eabi.lib</file>
         <name>_printfi.c.obj</name>
      </input_file>
      <input_file id="fl-ee">
         <path>C:\ti\ccs930\ccs\tools\compiler\ti-cgt-arm_18.12.4.LTS\lib\</path>
         <kind>archive</kind>
         <file>rtsv7M4_T_le_eabi.lib</file>
         <name>div0.asm.obj</name>
      </input_file>
      <input_file id="fl-ef">
         <path>C:\ti\ccs930\ccs\tools\compiler\ti-cgt-arm_18.12.4.LTS\lib\</path>
         <kind>archive</kind>
         <file>rtsv7M4_T_le_eabi.lib</file>
         <name>fd_add_t2.asm.obj</name>
      </input_file>
      <input_file id="fl-f0">
         <path>C:\ti\ccs930\ccs\tools\compiler\ti-cgt-arm_18.12.4.LTS\lib\</path>
         <kind>archive</kind>
         <file>rtsv7M4_T_le_eabi.lib</file>
         <name>fd_cmp_t2.asm.obj</name>
      </input_file>
      <input_file id="fl-f1">
         <path>C:\ti\ccs930\ccs\tools\compiler\ti-cgt-arm_18.12.4.LTS\lib\</path>
         <kind>archive</kind>
         <file>rtsv7M4_T_le_eabi.lib</file>
         <name>fd_div_t2.asm.obj</name>
      </input_file>
      <input_file id="fl-f2">
         <path>C:\ti\ccs930\ccs\tools\compiler\ti-cgt-arm_18.12.4.LTS\lib\</path>
         <kind>archive</kind>
         <file>rtsv7M4_T_le_eabi.lib</file>
         <name>fd_mul_t2.asm.obj</name>
      </input_file>
      <input_file id="fl-f3">
         <path>C:\ti\ccs930\ccs\tools\compiler\ti-cgt-arm_18.12.4.LTS\lib\</path>
         <kind>archive</kind>
         <file>rtsv7M4_T_le_eabi.lib</file>
         <name>fd_toi_t2.asm.obj</name>
      </input_file>
      <input_file id="fl-f4">
         <path>C:\ti\ccs930\ccs\tools\compiler\ti-cgt-arm_18.12.4.LTS\lib\</path>
         <kind>archive</kind>
         <file>rtsv7M4_T_le_eabi.lib</file>
         <name>i_tofd_t2.asm.obj</name>
      </input_file>
      <input_file id="fl-f5">
         <path>C:\ti\ccs930\ccs\tools\compiler\ti-cgt-arm_18.12.4.LTS\lib\</path>
         <kind>archive</kind>
         <file>rtsv7M4_T_le_eabi.lib</file>
         <name>autoinit.c.obj</name>
      </input_file>
      <input_file id="fl-f6">
         <path>C:\ti\ccs930\ccs\tools\compiler\ti-cgt-arm_18.12.4.LTS\lib\</path>
         <kind>archive</kind>
         <file>rtsv7M4_T_le_eabi.lib</file>
         <name>pre_init.c.obj</name>
      </input_file>
      <input_file id="fl-f7">
         <path>C:\ti\ccs930\ccs\tools\compiler\ti-cgt-arm_18.12.4.LTS\lib\</path>
         <kind>archive</kind>
         <file>rtsv7M4_T_le_eabi.lib</file>
         <name>cpy_tbl.c.obj</name>
      </input_file>
      <input_file id="fl-f8">
         <path>C:\ti\ccs930\ccs\tools\compiler\ti-cgt-arm_18.12.4.LTS\lib\</path>
         <kind>archive</kind>
         <file>rtsv7M4_T_le_eabi.lib</file>
         <name>exit.c.obj</name>
      </input_file>
      <input_file id="fl-f9">
         <path>C:\ti\ccs930\ccs\tools\compiler\ti-cgt-arm_18.12.4.LTS\lib\</path>
         <kind>archive</kind>
         <file>rtsv7M4_T_le_eabi.lib</file>
         <name>_lock.c.obj</name>
      </input_file>
      <input_file id="fl-fa">
         <path>C:\ti\ccs930\ccs\tools\compiler\ti-cgt-arm_18.12.4.LTS\lib\</path>
         <kind>archive</kind>
         <file>rtsv7M4_T_le_eabi.lib</file>
         <name>args_main.c.obj</name>
      </input_file>
      <input_file id="fl-fb">
         <path>C:\ti\ccs930\ccs\tools\compiler\ti-cgt-arm_18.12.4.LTS\lib\</path>
         <kind>archive</kind>
         <file>rtsv7M4_T_le_eabi.lib</file>
         <name>atoi.c.obj</name>
      </input_file>
      <input_file id="fl-fc">
         <path>C:\ti\ccs930\ccs\tools\compiler\ti-cgt-arm_18.12.4.LTS\lib\</path>
         <kind>archive</kind>
         <file>rtsv7M4_T_le_eabi.lib</file>
         <name>ctype.c.obj</name>
      </input_file>
      <input_file id="fl-fd">
         <path>C:\ti\ccs930\ccs\tools\compiler\ti-cgt-arm_18.12.4.LTS\lib\</path>
         <kind>archive</kind>
         <file>rtsv7M4_T_le_eabi.lib</file>
         <name>ltoa.c.obj</name>
      </input_file>
      <input_file id="fl-fe">
         <path>C:\ti\ccs930\ccs\tools\compiler\ti-cgt-arm_18.12.4.LTS\lib\</path>
         <kind>archive</kind>
         <file>rtsv7M4_T_le_eabi.lib</file>
         <name>memccpy.c.obj</name>
      </input_file>
      <input_file id="fl-ff">
         <path>C:\ti\ccs930\ccs\tools\compiler\ti-cgt-arm_18.12.4.LTS\lib\</path>
         <kind>archive</kind>
         <file>rtsv7M4_T_le_eabi.lib</file>
         <name>strchr.c.obj</name>
      </input_file>
      <input_file id="fl-100">
         <path>C:\ti\ccs930\ccs\tools\compiler\ti-cgt-arm_18.12.4.LTS\lib\</path>
         <kind>archive</kind>
         <file>rtsv7M4_T_le_eabi.lib</file>
         <name>strcspn.c.obj</name>
      </input_file>
      <input_file id="fl-101">
         <path>C:\ti\ccs930\ccs\tools\compiler\ti-cgt-arm_18.12.4.LTS\lib\</path>
         <kind>archive</kind>
         <file>rtsv7M4_T_le_eabi.lib</file>
         <name>strspn.c.obj</name>
      </input_file>
      <input_file id="fl-102">
         <path>C:\ti\ccs930\ccs\tools\compiler\ti-cgt-arm_18.12.4.LTS\lib\</path>
         <kind>archive</kind>
         <file>rtsv7M4_T_le_eabi.lib</file>
         <name>wcslen.c.obj</name>
      </input_file>
      <input_file id="fl-103">
         <path>C:\ti\ccs930\ccs\tools\compiler\ti-cgt-arm_18.12.4.LTS\lib\</path>
         <kind>archive</kind>
         <file>rtsv7M4_T_le_eabi.lib</file>
         <name>s_frexp.c.obj</name>
      </input_file>
      <input_file id="fl-104">
         <path>C:\ti\ccs930\ccs\tools\compiler\ti-cgt-arm_18.12.4.LTS\lib\</path>
         <kind>archive</kind>
         <file>rtsv7M4_T_le_eabi.lib</file>
         <name>s_scalbn.c.obj</name>
      </input_file>
      <input_file id="fl-105">
         <path>C:\ti\ccs930\ccs\tools\compiler\ti-cgt-arm_18.12.4.LTS\lib\</path>
         <kind>archive</kind>
         <file>rtsv7M4_T_le_eabi.lib</file>
         <name>s_copysign.c.obj</name>
      </input_file>
   </input_file_list>
   <object_component_list>
      <object_component id="oc-f">
         <name>.intvecs</name>
         <load_address>0x20004000</load_address>
         <run_address>0x20004000</run_address>
         <size>0x400</size>
         <input_file_ref idref="fl-9"/>
      </object_component>
      <object_component id="oc-94">
         <name>.text</name>
         <load_address>0x20004400</load_address>
         <run_address>0x20004400</run_address>
         <size>0x253c</size>
         <input_file_ref idref="fl-6"/>
      </object_component>
      <object_component id="oc-1e9">
         <name>.text</name>
         <load_address>0x2000693c</load_address>
         <run_address>0x2000693c</run_address>
         <size>0xa80</size>
         <input_file_ref idref="fl-2"/>
      </object_component>
      <object_component id="oc-51b">
         <name>.text:__TI_printfi</name>
         <load_address>0x200073bc</load_address>
         <run_address>0x200073bc</run_address>
         <size>0xa4e</size>
         <input_file_ref idref="fl-ed"/>
      </object_component>
      <object_component id="oc-81f">
         <name>.text:IntDefaultHandler</name>
         <load_address>0x20007e0a</load_address>
         <run_address>0x20007e0a</run_address>
         <size>0x2</size>
         <input_file_ref idref="fl-1c"/>
      </object_component>
      <object_component id="oc-7cc">
         <name>.text:_SlDrvMsgRead</name>
         <load_address>0x20007e0c</load_address>
         <run_address>0x20007e0c</run_address>
         <size>0x590</size>
         <input_file_ref idref="fl-13"/>
      </object_component>
      <object_component id="oc-214">
         <name>.text</name>
         <load_address>0x2000839c</load_address>
         <run_address>0x2000839c</run_address>
         <size>0x47a</size>
         <input_file_ref idref="fl-3"/>
      </object_component>
      <object_component id="oc-77e">
         <name>.text:_nop</name>
         <load_address>0x20008816</load_address>
         <run_address>0x20008816</run_address>
         <size>0x2</size>
         <input_file_ref idref="fl-f9"/>
      </object_component>
      <object_component id="oc-e0">
         <name>.text</name>
         <load_address>0x20008818</load_address>
         <run_address>0x20008818</run_address>
         <size>0x398</size>
         <input_file_ref idref="fl-4"/>
      </object_component>
      <object_component id="oc-13a">
         <name>.text</name>
         <load_address>0x20008bb0</load_address>
         <run_address>0x20008bb0</run_address>
         <size>0x2b4</size>
         <input_file_ref idref="fl-5"/>
      </object_component>
      <object_component id="oc-1b2">
         <name>.text:sl_WlanConnect</name>
         <load_address>0x20008e64</load_address>
         <run_address>0x20008e64</run_address>
         <size>0x280</size>
         <input_file_ref idref="fl-18"/>
      </object_component>
      <object_component id="oc-ce">
         <name>.text</name>
         <load_address>0x200090e4</load_address>
         <run_address>0x200090e4</run_address>
         <size>0x280</size>
         <input_file_ref idref="fl-b"/>
      </object_component>
      <object_component id="oc-75a">
         <name>.text:_pconv_a</name>
         <load_address>0x20009364</load_address>
         <run_address>0x20009364</run_address>
         <size>0x268</size>
         <input_file_ref idref="fl-ed"/>
      </object_component>
      <object_component id="oc-8e3">
         <name>.text:_SlDrvRxHdrRead</name>
         <load_address>0x200095cc</load_address>
         <run_address>0x200095cc</run_address>
         <size>0x248</size>
         <input_file_ref idref="fl-13"/>
      </object_component>
      <object_component id="oc-323">
         <name>.text:_SlDrvDataReadOp</name>
         <load_address>0x20009814</load_address>
         <run_address>0x20009814</run_address>
         <size>0x1e4</size>
         <input_file_ref idref="fl-13"/>
      </object_component>
      <object_component id="oc-40b">
         <name>.text:_SlDrvReleasePoolObj</name>
         <load_address>0x200099f8</load_address>
         <run_address>0x200099f8</run_address>
         <size>0x1d0</size>
         <input_file_ref idref="fl-13"/>
      </object_component>
      <object_component id="oc-748">
         <name>.text:_pconv_g</name>
         <load_address>0x20009bc8</load_address>
         <run_address>0x20009bc8</run_address>
         <size>0x1cc</size>
         <input_file_ref idref="fl-ed"/>
      </object_component>
      <object_component id="oc-86b">
         <name>.text</name>
         <load_address>0x20009d94</load_address>
         <run_address>0x20009d94</run_address>
         <size>0x1b6</size>
         <input_file_ref idref="fl-ef"/>
      </object_component>
      <object_component id="oc-915">
         <name>.text</name>
         <load_address>0x20009f4a</load_address>
         <run_address>0x20009f4a</run_address>
         <size>0x2</size>
         <input_file_ref idref="fl-ee"/>
      </object_component>
      <object_component id="oc-3e1">
         <name>.text:_SlDrvDriverCBInit</name>
         <load_address>0x20009f4c</load_address>
         <run_address>0x20009f4c</run_address>
         <size>0x1b4</size>
         <input_file_ref idref="fl-13"/>
      </object_component>
      <object_component id="oc-5c3">
         <name>.text:_SlDrvMsgWrite</name>
         <load_address>0x2000a100</load_address>
         <run_address>0x2000a100</run_address>
         <size>0x19c</size>
         <input_file_ref idref="fl-13"/>
      </object_component>
      <object_component id="oc-4ae">
         <name>.text:_SlDrvWaitForPoolObj</name>
         <load_address>0x2000a29c</load_address>
         <run_address>0x2000a29c</run_address>
         <size>0x190</size>
         <input_file_ref idref="fl-13"/>
      </object_component>
      <object_component id="oc-1e3">
         <name>.text:sl_Connect</name>
         <load_address>0x2000a42c</load_address>
         <run_address>0x2000a42c</run_address>
         <size>0x18c</size>
         <input_file_ref idref="fl-17"/>
      </object_component>
      <object_component id="oc-1ac">
         <name>.text:PRCMCC3200MCUInit</name>
         <load_address>0x2000a5b8</load_address>
         <run_address>0x2000a5b8</run_address>
         <size>0x178</size>
         <input_file_ref idref="fl-1e"/>
      </object_component>
      <object_component id="oc-8f5">
         <name>.text:_SlFindAndSetActiveObj</name>
         <load_address>0x2000a730</load_address>
         <run_address>0x2000a730</run_address>
         <size>0x170</size>
         <input_file_ref idref="fl-13"/>
      </object_component>
      <object_component id="oc-2c3">
         <name>.text:_SlDrvDataWriteOp</name>
         <load_address>0x2000a8a0</load_address>
         <run_address>0x2000a8a0</run_address>
         <size>0x150</size>
         <input_file_ref idref="fl-13"/>
      </object_component>
      <object_component id="oc-3e7">
         <name>.text:spi_Open</name>
         <load_address>0x2000a9f0</load_address>
         <run_address>0x2000a9f0</run_address>
         <size>0x148</size>
         <input_file_ref idref="fl-19"/>
      </object_component>
      <object_component id="oc-5e1">
         <name>.text:_SlDrvMsgReadCmdCtx</name>
         <load_address>0x2000ab38</load_address>
         <run_address>0x2000ab38</run_address>
         <size>0x144</size>
         <input_file_ref idref="fl-13"/>
      </object_component>
      <object_component id="oc-1c5">
         <name>.text:sl_NetAppDnsGetHostByName</name>
         <load_address>0x2000ac7c</load_address>
         <run_address>0x2000ac7c</run_address>
         <size>0x144</size>
         <input_file_ref idref="fl-14"/>
      </object_component>
      <object_component id="oc-754">
         <name>.text:_pconv_e</name>
         <load_address>0x2000adc0</load_address>
         <run_address>0x2000adc0</run_address>
         <size>0x13c</size>
         <input_file_ref idref="fl-ed"/>
      </object_component>
      <object_component id="oc-851">
         <name>.text</name>
         <load_address>0x2000aefc</load_address>
         <run_address>0x2000aefc</run_address>
         <size>0x136</size>
         <input_file_ref idref="fl-f1"/>
      </object_component>
      <object_component id="oc-d4">
         <name>.text:sl_Send</name>
         <load_address>0x2000b034</load_address>
         <run_address>0x2000b034</run_address>
         <size>0x134</size>
         <input_file_ref idref="fl-17"/>
      </object_component>
      <object_component id="oc-43f">
         <name>.text:_SlDrvDriverCBDeinit</name>
         <load_address>0x2000b168</load_address>
         <run_address>0x2000b168</run_address>
         <size>0x130</size>
         <input_file_ref idref="fl-13"/>
      </object_component>
      <object_component id="oc-87d">
         <name>.text:fcvt</name>
         <load_address>0x2000b298</load_address>
         <run_address>0x2000b298</run_address>
         <size>0x120</size>
         <input_file_ref idref="fl-ed"/>
      </object_component>
      <object_component id="oc-57c">
         <name>.text:aligned_alloc</name>
         <load_address>0x2000b3b8</load_address>
         <run_address>0x2000b3b8</run_address>
         <size>0x118</size>
         <input_file_ref idref="fl-e4"/>
      </object_component>
      <object_component id="oc-134">
         <name>.text:strtoul</name>
         <load_address>0x2000b4d0</load_address>
         <run_address>0x2000b4d0</run_address>
         <size>0x110</size>
         <input_file_ref idref="fl-ea"/>
      </object_component>
      <object_component id="oc-1f0">
         <name>.text</name>
         <load_address>0x2000b5e0</load_address>
         <run_address>0x2000b5e0</run_address>
         <size>0x10c</size>
         <input_file_ref idref="fl-8"/>
      </object_component>
      <object_component id="oc-966">
         <name>.text:_SlDrvNetAppEventHandler</name>
         <load_address>0x2000b6ec</load_address>
         <run_address>0x2000b6ec</run_address>
         <size>0x104</size>
         <input_file_ref idref="fl-14"/>
      </object_component>
      <object_component id="oc-84c">
         <name>.text</name>
         <load_address>0x2000b7f0</load_address>
         <run_address>0x2000b7f0</run_address>
         <size>0xfc</size>
         <input_file_ref idref="fl-f2"/>
      </object_component>
      <object_component id="oc-14b">
         <name>.text:sl_Start</name>
         <load_address>0x2000b8ec</load_address>
         <run_address>0x2000b8ec</run_address>
         <size>0xf0</size>
         <input_file_ref idref="fl-12"/>
      </object_component>
      <object_component id="oc-15d">
         <name>.text:sl_Stop</name>
         <load_address>0x2000b9dc</load_address>
         <run_address>0x2000b9dc</run_address>
         <size>0xf0</size>
         <input_file_ref idref="fl-12"/>
      </object_component>
      <object_component id="oc-8ef">
         <name>.text:spi_Read</name>
         <load_address>0x2000bacc</load_address>
         <run_address>0x2000bacc</run_address>
         <size>0xf0</size>
         <input_file_ref idref="fl-19"/>
      </object_component>
      <object_component id="oc-9c6">
         <name>.text:uDMAChannelTransferSet</name>
         <load_address>0x2000bbbc</load_address>
         <run_address>0x2000bbbc</run_address>
         <size>0xf0</size>
         <input_file_ref idref="fl-22"/>
      </object_component>
      <object_component id="oc-7d2">
         <name>.text:_SlAsyncEventGenericHandler</name>
         <load_address>0x2000bcac</load_address>
         <run_address>0x2000bcac</run_address>
         <size>0xe8</size>
         <input_file_ref idref="fl-13"/>
      </object_component>
      <object_component id="oc-6c1">
         <name>.text:_SlDrvMsgReadSpawnCtx</name>
         <load_address>0x2000bd94</load_address>
         <run_address>0x2000bd94</run_address>
         <size>0xe8</size>
         <input_file_ref idref="fl-13"/>
      </object_component>
      <object_component id="oc-29c">
         <name>.text:realloc</name>
         <load_address>0x2000be7c</load_address>
         <run_address>0x2000be7c</run_address>
         <size>0xe8</size>
         <input_file_ref idref="fl-e4"/>
      </object_component>
      <object_component id="oc-2a2">
         <name>.text:free</name>
         <load_address>0x2000bf64</load_address>
         <run_address>0x2000bf64</run_address>
         <size>0xe4</size>
         <input_file_ref idref="fl-e4"/>
      </object_component>
      <object_component id="oc-46f">
         <name>.text:sl_NetAppMDNSRegisterUnregisterService</name>
         <load_address>0x2000c048</load_address>
         <run_address>0x2000c048</run_address>
         <size>0xe4</size>
         <input_file_ref idref="fl-14"/>
      </object_component>
      <object_component id="oc-8e9">
         <name>.text:_SlDrvClassifyRxMsg</name>
         <load_address>0x2000c12c</load_address>
         <run_address>0x2000c12c</run_address>
         <size>0xdc</size>
         <input_file_ref idref="fl-13"/>
      </object_component>
      <object_component id="oc-33d">
         <name>.text:SPITransfer32</name>
         <load_address>0x2000c208</load_address>
         <run_address>0x2000c208</run_address>
         <size>0xd0</size>
         <input_file_ref idref="fl-1f"/>
      </object_component>
      <object_component id="oc-891">
         <name>.text:scalbn</name>
         <load_address>0x2000c2d8</load_address>
         <run_address>0x2000c2d8</run_address>
         <size>0xd0</size>
         <input_file_ref idref="fl-104"/>
      </object_component>
      <object_component id="oc-337">
         <name>.text:SPITransfer16</name>
         <load_address>0x2000c3a8</load_address>
         <run_address>0x2000c3a8</run_address>
         <size>0xce</size>
         <input_file_ref idref="fl-1f"/>
      </object_component>
      <object_component id="oc-9f1">
         <name>.text:_sl_HandleAsync_DnsGetHostByService</name>
         <load_address>0x2000c478</load_address>
         <run_address>0x2000c478</run_address>
         <size>0xcc</size>
         <input_file_ref idref="fl-14"/>
      </object_component>
      <object_component id="oc-163">
         <name>.text:sl_DevGet</name>
         <load_address>0x2000c544</load_address>
         <run_address>0x2000c544</run_address>
         <size>0xcc</size>
         <input_file_ref idref="fl-12"/>
      </object_component>
      <object_component id="oc-6aa">
         <name>.text:_SlRemoveFromList</name>
         <load_address>0x2000c610</load_address>
         <run_address>0x2000c610</run_address>
         <size>0xc4</size>
         <input_file_ref idref="fl-13"/>
      </object_component>
      <object_component id="oc-2de">
         <name>.text:_SlDrvCmdOp</name>
         <load_address>0x2000c6d4</load_address>
         <run_address>0x2000c6d4</run_address>
         <size>0xc0</size>
         <input_file_ref idref="fl-13"/>
      </object_component>
      <object_component id="oc-331">
         <name>.text:SPITransfer8</name>
         <load_address>0x2000c794</load_address>
         <run_address>0x2000c794</run_address>
         <size>0xb8</size>
         <input_file_ref idref="fl-1f"/>
      </object_component>
      <object_component id="oc-73d">
         <name>.text:_ltostr</name>
         <load_address>0x2000c84c</load_address>
         <run_address>0x2000c84c</run_address>
         <size>0xb1</size>
         <input_file_ref idref="fl-ed"/>
      </object_component>
      <object_component id="oc-5ab">
         <name>.text:_SlNonOsSemGet</name>
         <load_address>0x2000c900</load_address>
         <run_address>0x2000c900</run_address>
         <size>0xb0</size>
         <input_file_ref idref="fl-16"/>
      </object_component>
      <object_component id="oc-689">
         <name>.text:IntDisable</name>
         <load_address>0x2000c9b0</load_address>
         <run_address>0x2000c9b0</run_address>
         <size>0xa8</size>
         <input_file_ref idref="fl-1c"/>
      </object_component>
      <object_component id="oc-1a6">
         <name>.text:IntEnable</name>
         <load_address>0x2000ca58</load_address>
         <run_address>0x2000ca58</run_address>
         <size>0xa8</size>
         <input_file_ref idref="fl-1c"/>
      </object_component>
      <object_component id="oc-6a3">
         <name>.text:_SlDriverHandleError</name>
         <load_address>0x2000cb00</load_address>
         <run_address>0x2000cb00</run_address>
         <size>0xa4</size>
         <input_file_ref idref="fl-13"/>
      </object_component>
      <object_component id="oc-20e">
         <name>.text:SPIConfigSetExpClk</name>
         <load_address>0x2000cba4</load_address>
         <run_address>0x2000cba4</run_address>
         <size>0xa0</size>
         <input_file_ref idref="fl-1f"/>
      </object_component>
      <object_component id="oc-e6">
         <name>.text:sl_Recv</name>
         <load_address>0x2000cc44</load_address>
         <run_address>0x2000cc44</run_address>
         <size>0xa0</size>
         <input_file_ref idref="fl-17"/>
      </object_component>
      <object_component id="oc-3a">
         <name>.text</name>
         <load_address>0x2000cce4</load_address>
         <run_address>0x2000cce4</run_address>
         <size>0x9c</size>
         <input_file_ref idref="fl-dd"/>
      </object_component>
      <object_component id="oc-9d7">
         <name>.text:_SlDrvDeviceEventHandler</name>
         <load_address>0x2000cd80</load_address>
         <run_address>0x2000cd80</run_address>
         <size>0x9a</size>
         <input_file_ref idref="fl-12"/>
      </object_component>
      <object_component id="oc-1b9">
         <name>.text:sl_DevSet</name>
         <load_address>0x2000ce1c</load_address>
         <run_address>0x2000ce1c</run_address>
         <size>0x98</size>
         <input_file_ref idref="fl-12"/>
      </object_component>
      <object_component id="oc-17b">
         <name>.text:sl_NetCfgSet</name>
         <load_address>0x2000ceb4</load_address>
         <run_address>0x2000ceb4</run_address>
         <size>0x98</size>
         <input_file_ref idref="fl-15"/>
      </object_component>
      <object_component id="oc-1dd">
         <name>.text:sl_SetSockOpt</name>
         <load_address>0x2000cf4c</load_address>
         <run_address>0x2000cf4c</run_address>
         <size>0x98</size>
         <input_file_ref idref="fl-17"/>
      </object_component>
      <object_component id="oc-181">
         <name>.text:sl_WlanSet</name>
         <load_address>0x2000cfe4</load_address>
         <run_address>0x2000cfe4</run_address>
         <size>0x98</size>
         <input_file_ref idref="fl-18"/>
      </object_component>
      <object_component id="oc-7c2">
         <name>.text:spi_Write</name>
         <load_address>0x2000d07c</load_address>
         <run_address>0x2000d07c</run_address>
         <size>0x98</size>
         <input_file_ref idref="fl-19"/>
      </object_component>
      <object_component id="oc-845">
         <name>.text</name>
         <load_address>0x2000d114</load_address>
         <run_address>0x2000d114</run_address>
         <size>0x96</size>
         <input_file_ref idref="fl-de"/>
      </object_component>
      <object_component id="oc-208">
         <name>.text:PRCMPeripheralClockGet</name>
         <load_address>0x2000d1ac</load_address>
         <run_address>0x2000d1ac</run_address>
         <size>0x94</size>
         <input_file_ref idref="fl-1e"/>
      </object_component>
      <object_component id="oc-9eb">
         <name>.text:_sl_HandleAsync_DnsGetHostByName</name>
         <load_address>0x2000d240</load_address>
         <run_address>0x2000d240</run_address>
         <size>0x90</size>
         <input_file_ref idref="fl-14"/>
      </object_component>
      <object_component id="oc-96c">
         <name>.text:_sl_HandleAsync_PingResponse</name>
         <load_address>0x2000d2d0</load_address>
         <run_address>0x2000d2d0</run_address>
         <size>0x90</size>
         <input_file_ref idref="fl-14"/>
      </object_component>
      <object_component id="oc-169">
         <name>.text:sl_WlanPolicySet</name>
         <load_address>0x2000d360</load_address>
         <run_address>0x2000d360</run_address>
         <size>0x90</size>
         <input_file_ref idref="fl-18"/>
      </object_component>
      <object_component id="oc-973">
         <name>.text:SetupDMAReceive</name>
         <load_address>0x2000d3f0</load_address>
         <run_address>0x2000d3f0</run_address>
         <size>0x8c</size>
         <input_file_ref idref="fl-19"/>
      </object_component>
      <object_component id="oc-8ce">
         <name>.text:SetupDMASend</name>
         <load_address>0x2000d47c</load_address>
         <run_address>0x2000d47c</run_address>
         <size>0x8c</size>
         <input_file_ref idref="fl-19"/>
      </object_component>
      <object_component id="oc-7b5">
         <name>.text:_SlDrvIsTimeoutExpired</name>
         <load_address>0x2000d508</load_address>
         <run_address>0x2000d508</run_address>
         <size>0x8c</size>
         <input_file_ref idref="fl-13"/>
      </object_component>
      <object_component id="oc-a30">
         <name>.text:_sl_HandleAsync_InitComplete</name>
         <load_address>0x2000d594</load_address>
         <run_address>0x2000d594</run_address>
         <size>0x8c</size>
         <input_file_ref idref="fl-12"/>
      </object_component>
      <object_component id="oc-1d7">
         <name>.text:sl_Socket</name>
         <load_address>0x2000d620</load_address>
         <run_address>0x2000d620</run_address>
         <size>0x8c</size>
         <input_file_ref idref="fl-17"/>
      </object_component>
      <object_component id="oc-721">
         <name>.text:PinConfigSet</name>
         <load_address>0x2000d6ac</load_address>
         <run_address>0x2000d6ac</run_address>
         <size>0x88</size>
         <input_file_ref idref="fl-1d"/>
      </object_component>
      <object_component id="oc-fe">
         <name>.text:SPITransfer</name>
         <load_address>0x2000d734</load_address>
         <run_address>0x2000d734</run_address>
         <size>0x88</size>
         <input_file_ref idref="fl-1f"/>
      </object_component>
      <object_component id="oc-743">
         <name>.text:__aeabi_cdcmple</name>
         <load_address>0x2000d7bc</load_address>
         <run_address>0x2000d7bc</run_address>
         <size>0x86</size>
         <input_file_ref idref="fl-f0"/>
      </object_component>
      <object_component id="oc-856">
         <name>.text:__aeabi_cdrcmple</name>
         <load_address>0x2000d842</load_address>
         <run_address>0x2000d842</run_address>
         <size>0x86</size>
         <input_file_ref idref="fl-f0"/>
      </object_component>
      <object_component id="oc-3ab">
         <name>.text:I2CMasterInitExpClk</name>
         <load_address>0x2000d8c8</load_address>
         <run_address>0x2000d8c8</run_address>
         <size>0x84</size>
         <input_file_ref idref="fl-1b"/>
      </object_component>
      <object_component id="oc-3db">
         <name>.text:NwpPowerOnPreamble</name>
         <load_address>0x2000d94c</load_address>
         <run_address>0x2000d94c</run_address>
         <size>0x84</size>
         <input_file_ref idref="fl-19"/>
      </object_component>
      <object_component id="oc-193">
         <name>.text:sl_WlanRxFilterSet</name>
         <load_address>0x2000d9d0</load_address>
         <run_address>0x2000d9d0</run_address>
         <size>0x84</size>
         <input_file_ref idref="fl-18"/>
      </object_component>
      <object_component id="oc-2ed">
         <name>.text:GPIOIntTypeSet</name>
         <load_address>0x2000da54</load_address>
         <run_address>0x2000da54</run_address>
         <size>0x82</size>
         <input_file_ref idref="fl-1a"/>
      </object_component>
      <object_component id="oc-a13">
         <name>.text:_sl_HandleAsync_Connect</name>
         <load_address>0x2000dad8</load_address>
         <run_address>0x2000dad8</run_address>
         <size>0x80</size>
         <input_file_ref idref="fl-17"/>
      </object_component>
      <object_component id="oc-979">
         <name>.text:spi_Read_CPU</name>
         <load_address>0x2000db58</load_address>
         <run_address>0x2000db58</run_address>
         <size>0x80</size>
         <input_file_ref idref="fl-19"/>
      </object_component>
      <object_component id="oc-8da">
         <name>.text:spi_Write_CPU</name>
         <load_address>0x2000dbd8</load_address>
         <run_address>0x2000dbd8</run_address>
         <size>0x80</size>
         <input_file_ref idref="fl-19"/>
      </object_component>
      <object_component id="oc-88">
         <name>.text</name>
         <load_address>0x2000dc58</load_address>
         <run_address>0x2000dc58</run_address>
         <size>0x7a</size>
         <input_file_ref idref="fl-df"/>
      </object_component>
      <object_component id="oc-439">
         <name>.text:spi_Close</name>
         <load_address>0x2000dcd4</load_address>
         <run_address>0x2000dcd4</run_address>
         <size>0x78</size>
         <input_file_ref idref="fl-19"/>
      </object_component>
      <object_component id="oc-278">
         <name>.text:UARTConfigSetExpClk</name>
         <load_address>0x2000dd4c</load_address>
         <run_address>0x2000dd4c</run_address>
         <size>0x76</size>
         <input_file_ref idref="fl-21"/>
      </object_component>
      <object_component id="oc-151">
         <name>.text:_SlNonOsMainLoopTask</name>
         <load_address>0x2000ddc4</load_address>
         <run_address>0x2000ddc4</run_address>
         <size>0x74</size>
         <input_file_ref idref="fl-16"/>
      </object_component>
      <object_component id="oc-589">
         <name>.text:split</name>
         <load_address>0x2000de38</load_address>
         <run_address>0x2000de38</run_address>
         <size>0x70</size>
         <input_file_ref idref="fl-e4"/>
      </object_component>
      <object_component id="oc-876">
         <name>.text:_mcpy</name>
         <load_address>0x2000dea8</load_address>
         <run_address>0x2000dea8</run_address>
         <size>0x6e</size>
         <input_file_ref idref="fl-ed"/>
      </object_component>
      <object_component id="oc-a48">
         <name>.text:_SlDrvCmdSend</name>
         <load_address>0x2000df18</load_address>
         <run_address>0x2000df18</run_address>
         <size>0x6c</size>
         <input_file_ref idref="fl-13"/>
      </object_component>
      <object_component id="oc-9fd">
         <name>.text:_sl_NetAppSendTokenValue</name>
         <load_address>0x2000df84</load_address>
         <run_address>0x2000df84</run_address>
         <size>0x6c</size>
         <input_file_ref idref="fl-14"/>
      </object_component>
      <object_component id="oc-12">
         <name>.text:decompress:lzss:__TI_decompress_lzss</name>
         <load_address>0x2000dff0</load_address>
         <run_address>0x2000dff0</run_address>
         <size>0x68</size>
         <input_file_ref idref="fl-e2"/>
      </object_component>
      <object_component id="oc-6bb">
         <name>.text:_SlNonOsSpawn</name>
         <load_address>0x2000e058</load_address>
         <run_address>0x2000e058</run_address>
         <size>0x64</size>
         <input_file_ref idref="fl-16"/>
      </object_component>
      <object_component id="oc-a0d">
         <name>.text:_sl_HandleAsync_Accept</name>
         <load_address>0x2000e0bc</load_address>
         <run_address>0x2000e0bc</run_address>
         <size>0x64</size>
         <input_file_ref idref="fl-17"/>
      </object_component>
      <object_component id="oc-187">
         <name>.text:sl_NetAppMDNSUnRegisterService</name>
         <load_address>0x2000e120</load_address>
         <run_address>0x2000e120</run_address>
         <size>0x64</size>
         <input_file_ref idref="fl-14"/>
      </object_component>
      <object_component id="oc-7f9">
         <name>.text:uDMAChannelAttributeDisable</name>
         <load_address>0x2000e184</load_address>
         <run_address>0x2000e184</run_address>
         <size>0x64</size>
         <input_file_ref idref="fl-22"/>
      </object_component>
      <object_component id="oc-9c0">
         <name>.text:uDMAChannelAttributeEnable</name>
         <load_address>0x2000e1e8</load_address>
         <run_address>0x2000e1e8</run_address>
         <size>0x64</size>
         <input_file_ref idref="fl-22"/>
      </object_component>
      <object_component id="oc-da">
         <name>.text:sl_Close</name>
         <load_address>0x2000e24c</load_address>
         <run_address>0x2000e24c</run_address>
         <size>0x60</size>
         <input_file_ref idref="fl-17"/>
      </object_component>
      <object_component id="oc-16f">
         <name>.text:sl_WlanProfileDel</name>
         <load_address>0x2000e2ac</load_address>
         <run_address>0x2000e2ac</run_address>
         <size>0x60</size>
         <input_file_ref idref="fl-18"/>
      </object_component>
      <object_component id="oc-157">
         <name>.text:sl_WlanSetMode</name>
         <load_address>0x2000e30c</load_address>
         <run_address>0x2000e30c</run_address>
         <size>0x60</size>
         <input_file_ref idref="fl-18"/>
      </object_component>
      <object_component id="oc-88b">
         <name>.text:frexp</name>
         <load_address>0x2000e36c</load_address>
         <run_address>0x2000e36c</run_address>
         <size>0x5c</size>
         <input_file_ref idref="fl-103"/>
      </object_component>
      <object_component id="oc-695">
         <name>.text:IntPendClear</name>
         <load_address>0x2000e3c8</load_address>
         <run_address>0x2000e3c8</run_address>
         <size>0x58</size>
         <input_file_ref idref="fl-1c"/>
      </object_component>
      <object_component id="oc-1fc">
         <name>.text:PRCMPeripheralReset</name>
         <load_address>0x2000e420</load_address>
         <run_address>0x2000e420</run_address>
         <size>0x58</size>
         <input_file_ref idref="fl-1e"/>
      </object_component>
      <object_component id="oc-74e">
         <name>.text:_pconv_f</name>
         <load_address>0x2000e478</load_address>
         <run_address>0x2000e478</run_address>
         <size>0x56</size>
         <input_file_ref idref="fl-ed"/>
      </object_component>
      <object_component id="oc-2f3">
         <name>.text:IntPrioritySet</name>
         <load_address>0x2000e4d0</load_address>
         <run_address>0x2000e4d0</run_address>
         <size>0x54</size>
         <input_file_ref idref="fl-1c"/>
      </object_component>
      <object_component id="oc-417">
         <name>.text:_SlDrvRxIrqHandler</name>
         <load_address>0x2000e524</load_address>
         <run_address>0x2000e524</run_address>
         <size>0x54</size>
         <input_file_ref idref="fl-13"/>
      </object_component>
      <object_component id="oc-a19">
         <name>.text:_sl_HandleAsync_Select</name>
         <load_address>0x2000e578</load_address>
         <run_address>0x2000e578</run_address>
         <size>0x54</size>
         <input_file_ref idref="fl-17"/>
      </object_component>
      <object_component id="oc-860">
         <name>.text:ltoa</name>
         <load_address>0x2000e5cc</load_address>
         <run_address>0x2000e5cc</run_address>
         <size>0x54</size>
         <input_file_ref idref="fl-fd"/>
      </object_component>
      <object_component id="oc-870">
         <name>.text:_ecpy</name>
         <load_address>0x2000e620</load_address>
         <run_address>0x2000e620</run_address>
         <size>0x52</size>
         <input_file_ref idref="fl-ed"/>
      </object_component>
      <object_component id="oc-a1f">
         <name>.text:_sl_HandleAsync_Stop</name>
         <load_address>0x2000e674</load_address>
         <run_address>0x2000e674</run_address>
         <size>0x50</size>
         <input_file_ref idref="fl-12"/>
      </object_component>
      <object_component id="oc-66d">
         <name>.text:SPIIntEnable</name>
         <load_address>0x2000e6c4</load_address>
         <run_address>0x2000e6c4</run_address>
         <size>0x4c</size>
         <input_file_ref idref="fl-1f"/>
      </object_component>
      <object_component id="oc-832">
         <name>.text:SPIIntNumberGet</name>
         <load_address>0x2000e710</load_address>
         <run_address>0x2000e710</run_address>
         <size>0x4c</size>
         <input_file_ref idref="fl-1f"/>
      </object_component>
      <object_component id="oc-3ed">
         <name>.text:_SlDrvProtectAsyncRespSetting</name>
         <load_address>0x2000e75c</load_address>
         <run_address>0x2000e75c</run_address>
         <size>0x4c</size>
         <input_file_ref idref="fl-13"/>
      </object_component>
      <object_component id="oc-4d9">
         <name>.text:_sl_BuildAddress</name>
         <load_address>0x2000e7a8</load_address>
         <run_address>0x2000e7a8</run_address>
         <size>0x4c</size>
         <input_file_ref idref="fl-17"/>
      </object_component>
      <object_component id="oc-737">
         <name>.text:atoi</name>
         <load_address>0x2000e7f4</load_address>
         <run_address>0x2000e7f4</run_address>
         <size>0x4c</size>
         <input_file_ref idref="fl-fb"/>
      </object_component>
      <object_component id="oc-7f3">
         <name>.text:uDMAChannelAssign</name>
         <load_address>0x2000e840</load_address>
         <run_address>0x2000e840</run_address>
         <size>0x4c</size>
         <input_file_ref idref="fl-22"/>
      </object_component>
      <object_component id="oc-5ef">
         <name>.text:GPIOGetIntNumber</name>
         <load_address>0x2000e88c</load_address>
         <run_address>0x2000e88c</run_address>
         <size>0x48</size>
         <input_file_ref idref="fl-1a"/>
      </object_component>
      <object_component id="oc-813">
         <name>.text:SPIIntClear</name>
         <load_address>0x2000e8d4</load_address>
         <run_address>0x2000e8d4</run_address>
         <size>0x48</size>
         <input_file_ref idref="fl-1f"/>
      </object_component>
      <object_component id="oc-45a">
         <name>.text:_SlDrvBasicCmd</name>
         <load_address>0x2000e91c</load_address>
         <run_address>0x2000e91c</run_address>
         <size>0x48</size>
         <input_file_ref idref="fl-13"/>
      </object_component>
      <object_component id="oc-85b">
         <name>.text</name>
         <load_address>0x2000e964</load_address>
         <run_address>0x2000e964</run_address>
         <size>0x48</size>
         <input_file_ref idref="fl-f3"/>
      </object_component>
      <object_component id="oc-803">
         <name>.text:SPIDmaMaskGet</name>
         <load_address>0x2000e9ac</load_address>
         <run_address>0x2000e9ac</run_address>
         <size>0x44</size>
         <input_file_ref idref="fl-1f"/>
      </object_component>
      <object_component id="oc-9a0">
         <name>.text:TimerConfigure</name>
         <load_address>0x2000e9f0</load_address>
         <run_address>0x2000e9f0</run_address>
         <size>0x44</size>
         <input_file_ref idref="fl-20"/>
      </object_component>
      <object_component id="oc-a41">
         <name>.text:_SlDrvHandleHttpServerEvents</name>
         <load_address>0x2000ea34</load_address>
         <run_address>0x2000ea34</run_address>
         <size>0x44</size>
         <input_file_ref idref="fl-13"/>
      </object_component>
      <object_component id="oc-405">
         <name>.text:_SlDrvSyncObjWaitTimeout</name>
         <load_address>0x2000ea78</load_address>
         <run_address>0x2000ea78</run_address>
         <size>0x44</size>
         <input_file_ref idref="fl-13"/>
      </object_component>
      <object_component id="oc-242">
         <name>.text:__TI_auto_init_nobinit_nopinit:__TI_auto_init_nobinit_nopinit</name>
         <load_address>0x2000eabc</load_address>
         <run_address>0x2000eabc</run_address>
         <size>0x44</size>
         <input_file_ref idref="fl-f5"/>
      </object_component>
      <object_component id="oc-953">
         <name>.text:cc_SetupTransfer</name>
         <load_address>0x2000eb00</load_address>
         <run_address>0x2000eb00</run_address>
         <size>0x44</size>
         <input_file_ref idref="fl-19"/>
      </object_component>
      <object_component id="oc-1d1">
         <name>.text:sl_Htonl</name>
         <load_address>0x2000eb44</load_address>
         <run_address>0x2000eb44</run_address>
         <size>0x42</size>
         <input_file_ref idref="fl-17"/>
      </object_component>
      <object_component id="oc-4eb">
         <name>.text:PinModeSet</name>
         <load_address>0x2000eb88</load_address>
         <run_address>0x2000eb88</run_address>
         <size>0x40</size>
         <input_file_ref idref="fl-1d"/>
      </object_component>
      <object_component id="oc-9e3">
         <name>.text:_SlDrvHandleNetAppEvents</name>
         <load_address>0x2000ebc8</load_address>
         <run_address>0x2000ebc8</run_address>
         <size>0x40</size>
         <input_file_ref idref="fl-13"/>
      </object_component>
      <object_component id="oc-9dd">
         <name>.text:_SlDrvHandleWlanEvents</name>
         <load_address>0x2000ec08</load_address>
         <run_address>0x2000ec08</run_address>
         <size>0x40</size>
         <input_file_ref idref="fl-13"/>
      </object_component>
      <object_component id="oc-2bd">
         <name>.text:_sl_TruncatePayloadByProtocol</name>
         <load_address>0x2000ec48</load_address>
         <run_address>0x2000ec48</run_address>
         <size>0x40</size>
         <input_file_ref idref="fl-17"/>
      </object_component>
      <object_component id="oc-21b">
         <name>.text:sprintf</name>
         <load_address>0x2000ec88</load_address>
         <run_address>0x2000ec88</run_address>
         <size>0x40</size>
         <input_file_ref idref="fl-db"/>
      </object_component>
      <object_component id="oc-12e">
         <name>.text:strtok</name>
         <load_address>0x2000ecc8</load_address>
         <run_address>0x2000ecc8</run_address>
         <size>0x40</size>
         <input_file_ref idref="fl-e9"/>
      </object_component>
      <object_component id="oc-27e">
         <name>.text:vsnprintf</name>
         <load_address>0x2000ed08</load_address>
         <run_address>0x2000ed08</run_address>
         <size>0x40</size>
         <input_file_ref idref="fl-dc"/>
      </object_component>
      <object_component id="oc-3f9">
         <name>.text:NwpRegisterInterruptHandler</name>
         <load_address>0x2000ed48</load_address>
         <run_address>0x2000ed48</run_address>
         <size>0x3e</size>
         <input_file_ref idref="fl-19"/>
      </object_component>
      <object_component id="oc-883">
         <name>.text:_fcpy</name>
         <load_address>0x2000ed86</load_address>
         <run_address>0x2000ed86</run_address>
         <size>0x3e</size>
         <input_file_ref idref="fl-ed"/>
      </object_component>
      <object_component id="oc-a04">
         <name>.text:CopyPingResultsToReport</name>
         <load_address>0x2000edc4</load_address>
         <run_address>0x2000edc4</run_address>
         <size>0x3c</size>
         <input_file_ref idref="fl-14"/>
      </object_component>
      <object_component id="oc-1f6">
         <name>.text:PRCMPeripheralClkEnable</name>
         <load_address>0x2000ee00</load_address>
         <run_address>0x2000ee00</run_address>
         <size>0x3c</size>
         <input_file_ref idref="fl-1e"/>
      </object_component>
      <object_component id="oc-946">
         <name>.text:simplelink_timerA2_start</name>
         <load_address>0x2000ee3c</load_address>
         <run_address>0x2000ee3c</run_address>
         <size>0x3c</size>
         <input_file_ref idref="fl-19"/>
      </object_component>
      <object_component id="oc-1cb">
         <name>.text:sl_Htons</name>
         <load_address>0x2000ee78</load_address>
         <run_address>0x2000ee78</run_address>
         <size>0x3c</size>
         <input_file_ref idref="fl-17"/>
      </object_component>
      <object_component id="oc-9ba">
         <name>.text:uDMAChannelControlSet</name>
         <load_address>0x2000eeb4</load_address>
         <run_address>0x2000eeb4</run_address>
         <size>0x3c</size>
         <input_file_ref idref="fl-22"/>
      </object_component>
      <object_component id="oc-3f3">
         <name>.text:NwpPowerOff</name>
         <load_address>0x2000eef0</load_address>
         <run_address>0x2000eef0</run_address>
         <size>0x38</size>
         <input_file_ref idref="fl-19"/>
      </object_component>
      <object_component id="oc-175">
         <name>.text:sl_WlanDisconnect</name>
         <load_address>0x2000ef28</load_address>
         <run_address>0x2000ef28</run_address>
         <size>0x38</size>
         <input_file_ref idref="fl-18"/>
      </object_component>
      <object_component id="oc-4f7">
         <name>.text:GPIODirModeSet</name>
         <load_address>0x2000ef60</load_address>
         <run_address>0x2000ef60</run_address>
         <size>0x36</size>
         <input_file_ref idref="fl-1a"/>
      </object_component>
      <object_component id="oc-3ff">
         <name>.text:NwpPowerOn</name>
         <load_address>0x2000ef98</load_address>
         <run_address>0x2000ef98</run_address>
         <size>0x34</size>
         <input_file_ref idref="fl-19"/>
      </object_component>
      <object_component id="oc-64f">
         <name>.text:PRCMPeripheralStatusGet</name>
         <load_address>0x2000efcc</load_address>
         <run_address>0x2000efcc</run_address>
         <size>0x34</size>
         <input_file_ref idref="fl-1e"/>
      </object_component>
      <object_component id="oc-667">
         <name>.text:SPIFIFOLevelSet</name>
         <load_address>0x2000f000</load_address>
         <run_address>0x2000f000</run_address>
         <size>0x34</size>
         <input_file_ref idref="fl-1f"/>
      </object_component>
      <object_component id="oc-ec">
         <name>.text:strstr</name>
         <load_address>0x2000f034</load_address>
         <run_address>0x2000f034</run_address>
         <size>0x34</size>
         <input_file_ref idref="fl-e8"/>
      </object_component>
      <object_component id="oc-4f1">
         <name>.text:PinTypeGPIO</name>
         <load_address>0x2000f068</load_address>
         <run_address>0x2000f068</run_address>
         <size>0x30</size>
         <input_file_ref idref="fl-1d"/>
      </object_component>
      <object_component id="oc-553">
         <name>.text:UARTDisable</name>
         <load_address>0x2000f098</load_address>
         <run_address>0x2000f098</run_address>
         <size>0x30</size>
         <input_file_ref idref="fl-21"/>
      </object_component>
      <object_component id="oc-560">
         <name>.text:_outs</name>
         <load_address>0x2000f0c8</load_address>
         <run_address>0x2000f0c8</run_address>
         <size>0x30</size>
         <input_file_ref idref="fl-dc"/>
      </object_component>
      <object_component id="oc-866">
         <name>.text</name>
         <load_address>0x2000f0f8</load_address>
         <run_address>0x2000f0f8</run_address>
         <size>0x2e</size>
         <input_file_ref idref="fl-f4"/>
      </object_component>
      <object_component id="oc-387">
         <name>.text:I2CMasterErr</name>
         <load_address>0x2000f126</load_address>
         <run_address>0x2000f126</run_address>
         <size>0x2c</size>
         <input_file_ref idref="fl-1b"/>
      </object_component>
      <object_component id="oc-48b">
         <name>.text:PRCMSysResetCauseGet</name>
         <load_address>0x2000f154</load_address>
         <run_address>0x2000f154</run_address>
         <size>0x2c</size>
         <input_file_ref idref="fl-1e"/>
      </object_component>
      <object_component id="oc-5b7">
         <name>.text:_SlDrvObjGlobalLockWaitForever</name>
         <load_address>0x2000f180</load_address>
         <run_address>0x2000f180</run_address>
         <size>0x2c</size>
         <input_file_ref idref="fl-13"/>
      </object_component>
      <object_component id="oc-4b4">
         <name>.text:_SlDrvProtectionObjLockWaitForever</name>
         <load_address>0x2000f1ac</load_address>
         <run_address>0x2000f1ac</run_address>
         <size>0x2c</size>
         <input_file_ref idref="fl-13"/>
      </object_component>
      <object_component id="oc-9ac">
         <name>.text:TimerLoadSet</name>
         <load_address>0x2000f1d8</load_address>
         <run_address>0x2000f1d8</run_address>
         <size>0x2a</size>
         <input_file_ref idref="fl-20"/>
      </object_component>
      <object_component id="oc-9a6">
         <name>.text:TimerPrescaleSet</name>
         <load_address>0x2000f202</load_address>
         <run_address>0x2000f202</run_address>
         <size>0x2a</size>
         <input_file_ref idref="fl-20"/>
      </object_component>
      <object_component id="oc-353">
         <name>.text:strspn</name>
         <load_address>0x2000f22c</load_address>
         <run_address>0x2000f22c</run_address>
         <size>0x2a</size>
         <input_file_ref idref="fl-101"/>
      </object_component>
      <object_component id="oc-3b1">
         <name>.text:PRCMPeripheralClkDisable</name>
         <load_address>0x2000f258</load_address>
         <run_address>0x2000f258</run_address>
         <size>0x28</size>
         <input_file_ref idref="fl-1e"/>
      </object_component>
      <object_component id="oc-5bd">
         <name>.text:_SlDrvGlobalObjUnLock</name>
         <load_address>0x2000f280</load_address>
         <run_address>0x2000f280</run_address>
         <size>0x28</size>
         <input_file_ref idref="fl-13"/>
      </object_component>
      <object_component id="oc-4ba">
         <name>.text:_SlDrvProtectionObjUnLock</name>
         <load_address>0x2000f2a8</load_address>
         <run_address>0x2000f2a8</run_address>
         <size>0x28</size>
         <input_file_ref idref="fl-13"/>
      </object_component>
      <object_component id="oc-4c0">
         <name>.text:_SlDrvSyncObjWaitForever</name>
         <load_address>0x2000f2d0</load_address>
         <run_address>0x2000f2d0</run_address>
         <size>0x28</size>
         <input_file_ref idref="fl-13"/>
      </object_component>
      <object_component id="oc-590">
         <name>.text:free_list_insert</name>
         <load_address>0x2000f2f8</load_address>
         <run_address>0x2000f2f8</run_address>
         <size>0x28</size>
         <input_file_ref idref="fl-e4"/>
      </object_component>
      <object_component id="oc-5a5">
         <name>.text:_SlDrvObjLockWaitForever</name>
         <load_address>0x2000f320</load_address>
         <run_address>0x2000f320</run_address>
         <size>0x26</size>
         <input_file_ref idref="fl-13"/>
      </object_component>
      <object_component id="oc-a5f">
         <name>.text</name>
         <load_address>0x2000f346</load_address>
         <run_address>0x2000f346</run_address>
         <size>0x26</size>
         <input_file_ref idref="fl-7"/>
      </object_component>
      <object_component id="oc-679">
         <name>.text:DmaSpiSwIntHandler</name>
         <load_address>0x2000f36c</load_address>
         <run_address>0x2000f36c</run_address>
         <size>0x24</size>
         <input_file_ref idref="fl-19"/>
      </object_component>
      <object_component id="oc-68f">
         <name>.text:IntUnregister</name>
         <load_address>0x2000f390</load_address>
         <run_address>0x2000f390</run_address>
         <size>0x24</size>
         <input_file_ref idref="fl-1c"/>
      </object_component>
      <object_component id="oc-559">
         <name>.text:UARTEnable</name>
         <load_address>0x2000f3b4</load_address>
         <run_address>0x2000f3b4</run_address>
         <size>0x24</size>
         <input_file_ref idref="fl-21"/>
      </object_component>
      <object_component id="oc-58">
         <name>.text:_c_int00_noargs:_c_int00_noargs</name>
         <load_address>0x2000f3d8</load_address>
         <run_address>0x2000f3d8</run_address>
         <size>0x24</size>
         <input_file_ref idref="fl-eb"/>
      </object_component>
      <object_component id="oc-290">
         <name>.text:memmove</name>
         <load_address>0x2000f3fc</load_address>
         <run_address>0x2000f3fc</run_address>
         <size>0x24</size>
         <input_file_ref idref="fl-e3"/>
      </object_component>
      <object_component id="oc-359">
         <name>.text:strcspn</name>
         <load_address>0x2000f420</load_address>
         <run_address>0x2000f420</run_address>
         <size>0x24</size>
         <input_file_ref idref="fl-100"/>
      </object_component>
      <object_component id="oc-38d">
         <name>.text:I2CMasterSlaveAddrSet</name>
         <load_address>0x2000f444</load_address>
         <run_address>0x2000f444</run_address>
         <size>0x22</size>
         <input_file_ref idref="fl-1b"/>
      </object_component>
      <object_component id="oc-202">
         <name>.text:SPIReset</name>
         <load_address>0x2000f466</load_address>
         <run_address>0x2000f466</run_address>
         <size>0x22</size>
         <input_file_ref idref="fl-1f"/>
      </object_component>
      <object_component id="oc-8d4">
         <name>.text:SPIWordCountSet</name>
         <load_address>0x2000f488</load_address>
         <run_address>0x2000f488</run_address>
         <size>0x22</size>
         <input_file_ref idref="fl-1f"/>
      </object_component>
      <object_component id="oc-30b">
         <name>.text:GPIOPinWrite</name>
         <load_address>0x2000f4aa</load_address>
         <run_address>0x2000f4aa</run_address>
         <size>0x20</size>
         <input_file_ref idref="fl-1a"/>
      </object_component>
      <object_component id="oc-5f5">
         <name>.text:IntRegister</name>
         <load_address>0x2000f4cc</load_address>
         <run_address>0x2000f4cc</run_address>
         <size>0x20</size>
         <input_file_ref idref="fl-1c"/>
      </object_component>
      <object_component id="oc-433">
         <name>.text:NwpPrePowerOffTimout0</name>
         <load_address>0x2000f4ec</load_address>
         <run_address>0x2000f4ec</run_address>
         <size>0x20</size>
         <input_file_ref idref="fl-19"/>
      </object_component>
      <object_component id="oc-116">
         <name>.text:SPIDataGet</name>
         <load_address>0x2000f50c</load_address>
         <run_address>0x2000f50c</run_address>
         <size>0x20</size>
         <input_file_ref idref="fl-1f"/>
      </object_component>
      <object_component id="oc-8c4">
         <name>.text:TimerGetCurrentTimestamp</name>
         <load_address>0x2000f52c</load_address>
         <run_address>0x2000f52c</run_address>
         <size>0x20</size>
         <input_file_ref idref="fl-19"/>
      </object_component>
      <object_component id="oc-5b1">
         <name>.text:_SlDrvObjUnLock</name>
         <load_address>0x2000f54c</load_address>
         <run_address>0x2000f54c</run_address>
         <size>0x20</size>
         <input_file_ref idref="fl-13"/>
      </object_component>
      <object_component id="oc-6b0">
         <name>.text:_SlDrvSyncObjSignal</name>
         <load_address>0x2000f56c</load_address>
         <run_address>0x2000f56c</run_address>
         <size>0x20</size>
         <input_file_ref idref="fl-13"/>
      </object_component>
      <object_component id="oc-2f9">
         <name>.text:GPIOIntRegister</name>
         <load_address>0x2000f58c</load_address>
         <run_address>0x2000f58c</run_address>
         <size>0x1e</size>
         <input_file_ref idref="fl-1a"/>
      </object_component>
      <object_component id="oc-36f">
         <name>.text:I2CMasterIntStatusEx</name>
         <load_address>0x2000f5aa</load_address>
         <run_address>0x2000f5aa</run_address>
         <size>0x1e</size>
         <input_file_ref idref="fl-1b"/>
      </object_component>
      <object_component id="oc-110">
         <name>.text:SPIDataPut</name>
         <load_address>0x2000f5c8</load_address>
         <run_address>0x2000f5c8</run_address>
         <size>0x1e</size>
         <input_file_ref idref="fl-1f"/>
      </object_component>
      <object_component id="oc-9b2">
         <name>.text:TimerEnable</name>
         <load_address>0x2000f5e6</load_address>
         <run_address>0x2000f5e6</run_address>
         <size>0x1e</size>
         <input_file_ref idref="fl-20"/>
      </object_component>
      <object_component id="oc-10a">
         <name>.text:UARTCharPut</name>
         <load_address>0x2000f604</load_address>
         <run_address>0x2000f604</run_address>
         <size>0x1e</size>
         <input_file_ref idref="fl-21"/>
      </object_component>
      <object_component id="oc-655">
         <name>.text:cc_UDMAChannelSelect</name>
         <load_address>0x2000f622</load_address>
         <run_address>0x2000f622</run_address>
         <size>0x1e</size>
         <input_file_ref idref="fl-19"/>
      </object_component>
      <object_component id="oc-509">
         <name>.text:PinTypeI2C</name>
         <load_address>0x2000f640</load_address>
         <run_address>0x2000f640</run_address>
         <size>0x1c</size>
         <input_file_ref idref="fl-1d"/>
      </object_component>
      <object_component id="oc-94c">
         <name>.text:TimerValueGet</name>
         <load_address>0x2000f65c</load_address>
         <run_address>0x2000f65c</run_address>
         <size>0x1c</size>
         <input_file_ref idref="fl-20"/>
      </object_component>
      <object_component id="oc-28a">
         <name>.text:UARTCharGetNonBlocking</name>
         <load_address>0x2000f678</load_address>
         <run_address>0x2000f678</run_address>
         <size>0x1c</size>
         <input_file_ref idref="fl-21"/>
      </object_component>
      <object_component id="oc-7af">
         <name>.text:_SlDrvStartMeasureTimeout</name>
         <load_address>0x2000f694</load_address>
         <run_address>0x2000f694</run_address>
         <size>0x1c</size>
         <input_file_ref idref="fl-13"/>
      </object_component>
      <object_component id="oc-46">
         <name>.text:decompress:ZI:__TI_zero_init_nomemset:__TI_zero_init_nomemset</name>
         <load_address>0x2000f6b0</load_address>
         <run_address>0x2000f6b0</run_address>
         <size>0x1c</size>
         <input_file_ref idref="fl-e0"/>
      </object_component>
      <object_component id="oc-583">
         <name>.text:free_list_remove</name>
         <load_address>0x2000f6cc</load_address>
         <run_address>0x2000f6cc</run_address>
         <size>0x1c</size>
         <input_file_ref idref="fl-e4"/>
      </object_component>
      <object_component id="oc-760">
         <name>.text:memccpy</name>
         <load_address>0x2000f6e8</load_address>
         <run_address>0x2000f6e8</run_address>
         <size>0x1c</size>
         <input_file_ref idref="fl-fe"/>
      </object_component>
      <object_component id="oc-9cc">
         <name>.text:uDMAChannelEnable</name>
         <load_address>0x2000f704</load_address>
         <run_address>0x2000f704</run_address>
         <size>0x1c</size>
         <input_file_ref idref="fl-22"/>
      </object_component>
      <object_component id="oc-305">
         <name>.text:GPIOIntEnable</name>
         <load_address>0x2000f720</load_address>
         <run_address>0x2000f720</run_address>
         <size>0x1a</size>
         <input_file_ref idref="fl-1a"/>
      </object_component>
      <object_component id="oc-4fd">
         <name>.text:PinTypeSPI</name>
         <load_address>0x2000f73a</load_address>
         <run_address>0x2000f73a</run_address>
         <size>0x1a</size>
         <input_file_ref idref="fl-1d"/>
      </object_component>
      <object_component id="oc-503">
         <name>.text:PinTypeUART</name>
         <load_address>0x2000f754</load_address>
         <run_address>0x2000f754</run_address>
         <size>0x1a</size>
         <input_file_ref idref="fl-1d"/>
      </object_component>
      <object_component id="oc-6df">
         <name>.text:SPIDmaDisable</name>
         <load_address>0x2000f76e</load_address>
         <run_address>0x2000f76e</run_address>
         <size>0x1a</size>
         <input_file_ref idref="fl-1f"/>
      </object_component>
      <object_component id="oc-661">
         <name>.text:SPIDmaEnable</name>
         <load_address>0x2000f788</load_address>
         <run_address>0x2000f788</run_address>
         <size>0x1a</size>
         <input_file_ref idref="fl-1f"/>
      </object_component>
      <object_component id="oc-6d9">
         <name>.text:SPIFIFODisable</name>
         <load_address>0x2000f7a2</load_address>
         <run_address>0x2000f7a2</run_address>
         <size>0x1a</size>
         <input_file_ref idref="fl-1f"/>
      </object_component>
      <object_component id="oc-65b">
         <name>.text:SPIFIFOEnable</name>
         <load_address>0x2000f7bc</load_address>
         <run_address>0x2000f7bc</run_address>
         <size>0x1a</size>
         <input_file_ref idref="fl-1f"/>
      </object_component>
      <object_component id="oc-6d3">
         <name>.text:SPIIntUnregister</name>
         <load_address>0x2000f7d6</load_address>
         <run_address>0x2000f7d6</run_address>
         <size>0x1a</size>
         <input_file_ref idref="fl-1f"/>
      </object_component>
      <object_component id="oc-317">
         <name>.text:GPIOPinRead</name>
         <load_address>0x2000f7f0</load_address>
         <run_address>0x2000f7f0</run_address>
         <size>0x18</size>
         <input_file_ref idref="fl-1a"/>
      </object_component>
      <object_component id="oc-3a5">
         <name>.text:I2CMasterIntEnableEx</name>
         <load_address>0x2000f808</load_address>
         <run_address>0x2000f808</run_address>
         <size>0x18</size>
         <input_file_ref idref="fl-1b"/>
      </object_component>
      <object_component id="oc-11c">
         <name>.text:SPICSDisable</name>
         <load_address>0x2000f820</load_address>
         <run_address>0x2000f820</run_address>
         <size>0x18</size>
         <input_file_ref idref="fl-1f"/>
      </object_component>
      <object_component id="oc-104">
         <name>.text:SPICSEnable</name>
         <load_address>0x2000f838</load_address>
         <run_address>0x2000f838</run_address>
         <size>0x18</size>
         <input_file_ref idref="fl-1f"/>
      </object_component>
      <object_component id="oc-649">
         <name>.text:SPIDisable</name>
         <load_address>0x2000f850</load_address>
         <run_address>0x2000f850</run_address>
         <size>0x18</size>
         <input_file_ref idref="fl-1f"/>
      </object_component>
      <object_component id="oc-f2">
         <name>.text:SPIEnable</name>
         <load_address>0x2000f868</load_address>
         <run_address>0x2000f868</run_address>
         <size>0x18</size>
         <input_file_ref idref="fl-1f"/>
      </object_component>
      <object_component id="oc-284">
         <name>.text:UARTCharsAvail</name>
         <load_address>0x2000f880</load_address>
         <run_address>0x2000f880</run_address>
         <size>0x18</size>
         <input_file_ref idref="fl-21"/>
      </object_component>
      <object_component id="oc-63e">
         <name>.text:_SlNonOsSemSet</name>
         <load_address>0x2000f898</load_address>
         <run_address>0x2000f898</run_address>
         <size>0x18</size>
         <input_file_ref idref="fl-16"/>
      </object_component>
      <object_component id="oc-566">
         <name>.text:_outc</name>
         <load_address>0x2000f8b0</load_address>
         <run_address>0x2000f8b0</run_address>
         <size>0x18</size>
         <input_file_ref idref="fl-dc"/>
      </object_component>
      <object_component id="oc-521">
         <name>.text:_outs</name>
         <load_address>0x2000f8c8</load_address>
         <run_address>0x2000f8c8</run_address>
         <size>0x18</size>
         <input_file_ref idref="fl-db"/>
      </object_component>
      <object_component id="oc-411">
         <name>.text:_sl_GetStartResponseConvert</name>
         <load_address>0x2000f8e0</load_address>
         <run_address>0x2000f8e0</run_address>
         <size>0x18</size>
         <input_file_ref idref="fl-12"/>
      </object_component>
      <object_component id="oc-143">
         <name>.text:strcmp</name>
         <load_address>0x2000f8f8</load_address>
         <run_address>0x2000f8f8</run_address>
         <size>0x18</size>
         <input_file_ref idref="fl-e5"/>
      </object_component>
      <object_component id="oc-393">
         <name>.text:I2CMasterDataPut</name>
         <load_address>0x2000f910</load_address>
         <run_address>0x2000f910</run_address>
         <size>0x16</size>
         <input_file_ref idref="fl-1b"/>
      </object_component>
      <object_component id="oc-39f">
         <name>.text:I2CMasterEnable</name>
         <load_address>0x2000f926</load_address>
         <run_address>0x2000f926</run_address>
         <size>0x16</size>
         <input_file_ref idref="fl-1b"/>
      </object_component>
      <object_component id="oc-491">
         <name>.text:PRCMHIBRegRead</name>
         <load_address>0x2000f93c</load_address>
         <run_address>0x2000f93c</run_address>
         <size>0x16</size>
         <input_file_ref idref="fl-1e"/>
      </object_component>
      <object_component id="oc-497">
         <name>.text:PRCMHIBRegWrite</name>
         <load_address>0x2000f952</load_address>
         <run_address>0x2000f952</run_address>
         <size>0x16</size>
         <input_file_ref idref="fl-1e"/>
      </object_component>
      <object_component id="oc-f8">
         <name>.text:UARTCharGet</name>
         <load_address>0x2000f968</load_address>
         <run_address>0x2000f968</run_address>
         <size>0x16</size>
         <input_file_ref idref="fl-21"/>
      </object_component>
      <object_component id="oc-49e">
         <name>.text:_SlDrvMemZero</name>
         <load_address>0x2000f97e</load_address>
         <run_address>0x2000f97e</run_address>
         <size>0x16</size>
         <input_file_ref idref="fl-13"/>
      </object_component>
      <object_component id="oc-897">
         <name>.text:strchr</name>
         <load_address>0x2000f994</load_address>
[...]
      </symbol>
      <symbol id="sm-e00">
         <name>PinTypeUART</name>
         <value>0x2000f755</value>
         <object_component_ref idref="oc-503"/>
      </symbol>
      <symbol id="sm-e01">
         <name>PinTypeGPIO</name>
         <value>0x2000f069</value>
         <object_component_ref idref="oc-4f1"/>
      </symbol>
      <symbol id="sm-e02">
         <name>PinConfigSet</name>
         <value>0x2000d6ad</value>
         <object_component_ref idref="oc-721"/>
      </symbol>
      <symbol id="sm-e03">
         <name>PinTypeSPI</name>
         <value>0x2000f73b</value>
         <object_component_ref idref="oc-4fd"/>
      </symbol>
      <symbol id="sm-e04">
         <name>PinModeSet</name>
         <value>0x2000eb89</value>
         <object_component_ref idref="oc-4eb"/>
      </symbol>
      <symbol id="sm-e97">
         <name>PRCMPeripheralReset</name>
         <value>0x2000e421</value>
         <object_component_ref idref="oc-1fc"/>
      </symbol>
      <symbol id="sm-e98">
         <name>PRCMPeripheralClkEnable</name>
         <value>0x2000ee01</value>
         <object_component_ref idref="oc-1f6"/>
      </symbol>
      <symbol id="sm-e99">
         <name>PRCMPeripheralClockGet</name>
         <value>0x2000d1ad</value>
         <object_component_ref idref="oc-208"/>
      </symbol>
      <symbol id="sm-e9a">
         <name>PRCMCC3200MCUInit</name>
         <value>0x2000a5b9</value>
         <object_component_ref idref="oc-1ac"/>
      </symbol>
      <symbol id="sm-e9b">
         <name>PRCMHIBRegWrite</name>
         <value>0x2000f953</value>
         <object_component_ref idref="oc-497"/>
      </symbol>
      <symbol id="sm-e9c">
         <name>PRCMSysResetCauseGet</name>
         <value>0x2000f155</value>
         <object_component_ref idref="oc-48b"/>
      </symbol>
      <symbol id="sm-e9d">
         <name>PRCMPeripheralStatusGet</name>
         <value>0x2000efcd</value>
         <object_component_ref idref="oc-64f"/>
      </symbol>
      <symbol id="sm-e9e">
         <name>PRCMPeripheralClkDisable</name>
         <value>0x2000f259</value>
         <object_component_ref idref="oc-3b1"/>
      </symbol>
      <symbol id="sm-e9f">
         <name>PRCMHIBRegRead</name>
         <value>0x2000f93d</value>
         <object_component_ref idref="oc-491"/>
      </symbol>
      <symbol id="sm-fad">
         <name>SPIFIFODisable</name>
         <value>0x2000f7a3</value>
         <object_component_ref idref="oc-6d9"/>
      </symbol>
      <symbol id="sm-fae">
         <name>SPITransfer</name>
         <value>0x2000d735</value>
         <object_component_ref idref="oc-fe"/>
      </symbol>
      <symbol id="sm-faf">
         <name>SPICSEnable</name>
         <value>0x2000f839</value>
         <object_component_ref idref="oc-104"/>
      </symbol>
      <symbol id="sm-fb0">
         <name>SPIDisable</name>
         <value>0x2000f851</value>
         <object_component_ref idref="oc-649"/>
      </symbol>
      <symbol id="sm-fb1">
         <name>SPIFIFOEnable</name>
         <value>0x2000f7bd</value>
         <object_component_ref idref="oc-65b"/>
      </symbol>
      <symbol id="sm-fb2">
         <name>SPIWordCountSet</name>
         <value>0x2000f489</value>
         <object_component_ref idref="oc-8d4"/>
      </symbol>
      <symbol id="sm-fb3">
         <name>SPIDataPut</name>
         <value>0x2000f5c9</value>
         <object_component_ref idref="oc-110"/>
      </symbol>
      <symbol id="sm-fb4">
         <name>SPIEnable</name>
         <value>0x2000f869</value>
         <object_component_ref idref="oc-f2"/>
      </symbol>
      <symbol id="sm-fb5">
         <name>SPIDataGet</name>
         <value>0x2000f50d</value>
         <object_component_ref idref="oc-116"/>
      </symbol>
      <symbol id="sm-fb6">
         <name>SPIDmaEnable</name>
         <value>0x2000f789</value>
         <object_component_ref idref="oc-661"/>
      </symbol>
      <symbol id="sm-fb7">
         <name>SPIConfigSetExpClk</name>
         <value>0x2000cba5</value>
         <object_component_ref idref="oc-20e"/>
      </symbol>
      <symbol id="sm-fb8">
         <name>SPIIntUnregister</name>
         <value>0x2000f7d7</value>
         <object_component_ref idref="oc-6d3"/>
      </symbol>
      <symbol id="sm-fb9">
         <name>SPIFIFOLevelSet</name>
         <value>0x2000f001</value>
         <object_component_ref idref="oc-667"/>
      </symbol>
      <symbol id="sm-fba">
         <name>SPIDmaDisable</name>
         <value>0x2000f76f</value>
         <object_component_ref idref="oc-6df"/>
      </symbol>
      <symbol id="sm-fbb">
         <name>SPIReset</name>
         <value>0x2000f467</value>
         <object_component_ref idref="oc-202"/>
      </symbol>
      <symbol id="sm-fbc">
         <name>SPIIntEnable</name>
         <value>0x2000e6c5</value>
         <object_component_ref idref="oc-66d"/>
      </symbol>
      <symbol id="sm-fbd">
         <name>SPIIntClear</name>
         <value>0x2000e8d5</value>
         <object_component_ref idref="oc-813"/>
      </symbol>
      <symbol id="sm-fbe">
         <name>SPICSDisable</name>
         <value>0x2000f821</value>
         <object_component_ref idref="oc-11c"/>
      </symbol>
      <symbol id="sm-ff1">
         <name>TimerLoadSet</name>
         <value>0x2000f1d9</value>
         <object_component_ref idref="oc-9ac"/>
      </symbol>
      <symbol id="sm-ff2">
         <name>TimerEnable</name>
         <value>0x2000f5e7</value>
         <object_component_ref idref="oc-9b2"/>
      </symbol>
      <symbol id="sm-ff3">
         <name>TimerValueGet</name>
         <value>0x2000f65d</value>
         <object_component_ref idref="oc-94c"/>
      </symbol>
      <symbol id="sm-ff4">
         <name>TimerPrescaleSet</name>
         <value>0x2000f203</value>
         <object_component_ref idref="oc-9a6"/>
      </symbol>
      <symbol id="sm-ff5">
         <name>TimerConfigure</name>
         <value>0x2000e9f1</value>
         <object_component_ref idref="oc-9a0"/>
      </symbol>
      <symbol id="sm-103a">
         <name>UARTConfigSetExpClk</name>
         <value>0x2000dd4d</value>
         <object_component_ref idref="oc-278"/>
      </symbol>
      <symbol id="sm-103b">
         <name>UARTDisable</name>
         <value>0x2000f099</value>
         <object_component_ref idref="oc-553"/>
      </symbol>
      <symbol id="sm-103c">
         <name>UARTCharsAvail</name>
         <value>0x2000f881</value>
         <object_component_ref idref="oc-284"/>
      </symbol>
      <symbol id="sm-103d">
         <name>UARTCharGetNonBlocking</name>
         <value>0x2000f679</value>
         <object_component_ref idref="oc-28a"/>
      </symbol>
      <symbol id="sm-103e">
         <name>UARTCharPut</name>
         <value>0x2000f605</value>
         <object_component_ref idref="oc-10a"/>
      </symbol>
      <symbol id="sm-103f">
         <name>UARTEnable</name>
         <value>0x2000f3b5</value>
         <object_component_ref idref="oc-559"/>
      </symbol>
      <symbol id="sm-1040">
         <name>UARTCharGet</name>
         <value>0x2000f969</value>
         <object_component_ref idref="oc-f8"/>
      </symbol>
      <symbol id="sm-1097">
         <name>uDMAChannelControlSet</name>
         <value>0x2000eeb5</value>
         <object_component_ref idref="oc-9ba"/>
      </symbol>
      <symbol id="sm-1098">
         <name>uDMAChannelAttributeEnable</name>
         <value>0x2000e1e9</value>
         <object_component_ref idref="oc-9c0"/>
      </symbol>
      <symbol id="sm-1099">
         <name>uDMAChannelTransferSet</name>
         <value>0x2000bbbd</value>
         <object_component_ref idref="oc-9c6"/>
      </symbol>
      <symbol id="sm-109a">
         <name>uDMAChannelAssign</name>
         <value>0x2000e841</value>
         <object_component_ref idref="oc-7f3"/>
      </symbol>
      <symbol id="sm-109b">
         <name>uDMAChannelAttributeDisable</name>
         <value>0x2000e185</value>
         <object_component_ref idref="oc-7f9"/>
      </symbol>
      <symbol id="sm-109c">
         <name>uDMAChannelEnable</name>
         <value>0x2000f705</value>
         <object_component_ref idref="oc-9cc"/>
      </symbol>
      <symbol id="sm-10a0">
         <name>UtilsDelay</name>
         <value>0x2000fae9</value>
         <object_component_ref idref="oc-1b8"/>
      </symbol>
      <symbol id="sm-10aa">
         <name>CPUcpsie</name>
         <value>0x2000f9ab</value>
         <object_component_ref idref="oc-480"/>
      </symbol>
      <symbol id="sm-10d2">
         <name>sprintf</name>
         <value>0x2000ec89</value>
         <object_component_ref idref="oc-21b"/>
      </symbol>
      <symbol id="sm-10fc">
         <name>vsnprintf</name>
         <value>0x2000ed09</value>
         <object_component_ref idref="oc-27e"/>
      </symbol>
      <symbol id="sm-1117">
         <name>memcpy</name>
         <value>0x2000cce5</value>
         <object_component_ref idref="oc-3a"/>
      </symbol>
      <symbol id="sm-1118">
         <name>__aeabi_memcpy</name>
         <value>0x2000cce5</value>
         <object_component_ref idref="oc-3a"/>
      </symbol>
      <symbol id="sm-1119">
         <name>__aeabi_memcpy8</name>
         <value>0x2000cce5</value>
         <object_component_ref idref="oc-3a"/>
      </symbol>
      <symbol id="sm-111a">
         <name>__aeabi_memcpy4</name>
         <value>0x2000cce5</value>
         <object_component_ref idref="oc-3a"/>
      </symbol>
      <symbol id="sm-1127">
         <name>__aeabi_uldivmod</name>
         <value>0x2000d115</value>
         <object_component_ref idref="oc-845"/>
      </symbol>
      <symbol id="sm-1136">
         <name>__aeabi_memset</name>
         <value>0x2000dc5b</value>
         <object_component_ref idref="oc-88"/>
      </symbol>
      <symbol id="sm-1137">
         <name>memset</name>
         <value>0x2000dc61</value>
         <object_component_ref idref="oc-88"/>
      </symbol>
      <symbol id="sm-1138">
         <name>__aeabi_memset8</name>
         <value>0x2000dc5b</value>
         <object_component_ref idref="oc-88"/>
      </symbol>
      <symbol id="sm-1139">
         <name>__aeabi_memset4</name>
         <value>0x2000dc5b</value>
         <object_component_ref idref="oc-88"/>
      </symbol>
      <symbol id="sm-113a">
         <name>__aeabi_memclr8</name>
         <value>0x2000dc59</value>
         <object_component_ref idref="oc-88"/>
      </symbol>
      <symbol id="sm-113b">
         <name>__aeabi_memclr4</name>
         <value>0x2000dc59</value>
         <object_component_ref idref="oc-88"/>
      </symbol>
      <symbol id="sm-113c">
         <name>__aeabi_memclr</name>
         <value>0x2000dc59</value>
         <object_component_ref idref="oc-88"/>
      </symbol>
      <symbol id="sm-1150">
         <name>__TI_zero_init_nomemset</name>
         <value>0x2000f6b1</value>
         <object_component_ref idref="oc-46"/>
      </symbol>
      <symbol id="sm-1167">
         <name>__TI_decompress_none</name>
         <value>0x2000fa85</value>
         <object_component_ref idref="oc-18"/>
      </symbol>
      <symbol id="sm-118a">
         <name>__TI_decompress_lzss</name>
         <value>0x2000dff1</value>
         <object_component_ref idref="oc-12"/>
      </symbol>
      <symbol id="sm-119a">
         <name>memmove</name>
         <value>0x2000f3fd</value>
         <object_component_ref idref="oc-290"/>
      </symbol>
      <symbol id="sm-1238">
         <name>_sys_memory</name>
         <value>0x20017000</value>
         <object_component_ref idref="oc-20"/>
      </symbol>
      <symbol id="sm-1239">
         <name>free</name>
         <value>0x2000bf65</value>
         <object_component_ref idref="oc-2a2"/>
      </symbol>
      <symbol id="sm-123a">
         <name>realloc</name>
         <value>0x2000be7d</value>
         <object_component_ref idref="oc-29c"/>
      </symbol>
      <symbol id="sm-123b">
         <name>memalign</name>
         <value>0x2000b3b9</value>
         <object_component_ref idref="oc-57c"/>
      </symbol>
      <symbol id="sm-123c">
         <name>malloc</name>
         <value>0x2000fae1</value>
         <object_component_ref idref="oc-296"/>
      </symbol>
      <symbol id="sm-123d">
         <name>aligned_alloc</name>
         <value>0x2000b3b9</value>
         <object_component_ref idref="oc-57c"/>
      </symbol>
      <symbol id="sm-124c">
         <name>strcmp</name>
         <value>0x2000f8f9</value>
         <object_component_ref idref="oc-143"/>
      </symbol>
      <symbol id="sm-125a">
         <name>strcpy</name>
         <value>0x2000f9e9</value>
         <object_component_ref idref="oc-c2"/>
      </symbol>
      <symbol id="sm-1268">
         <name>strlen</name>
         <value>0x2000f9fd</value>
         <object_component_ref idref="oc-c8"/>
      </symbol>
      <symbol id="sm-127b">
         <name>strstr</name>
         <value>0x2000f035</value>
         <object_component_ref idref="oc-ec"/>
      </symbol>
      <symbol id="sm-1293">
         <name>strtok</name>
         <value>0x2000ecc9</value>
         <object_component_ref idref="oc-12e"/>
      </symbol>
      <symbol id="sm-12b3">
         <name>strtoul</name>
         <value>0x2000b4d1</value>
         <object_component_ref idref="oc-134"/>
      </symbol>
      <symbol id="sm-12c5">
         <name>__stack</name>
         <value>0x2002f000</value>
         <object_component_ref idref="oc-23"/>
      </symbol>
      <symbol id="sm-12c6">
         <name>_c_int00_noargs</name>
         <value>0x2000f3d9</value>
         <object_component_ref idref="oc-58"/>
      </symbol>
      <symbol id="sm-12dc">
         <name>__aeabi_errno_addr</name>
         <value>0x2000fad9</value>
         <object_component_ref idref="oc-364"/>
      </symbol>
      <symbol id="sm-12dd">
         <name>errno</name>
         <value>0x2001f39c</value>
         <object_component_ref idref="oc-619"/>
      </symbol>
      <symbol id="sm-1442">
         <name>__TI_printfi</name>
         <value>0x200073bd</value>
         <object_component_ref idref="oc-51b"/>
      </symbol>
      <symbol id="sm-144c">
         <name>__aeabi_idiv0</name>
         <value>0x20009f4b</value>
         <object_component_ref idref="oc-915"/>
      </symbol>
      <symbol id="sm-144d">
         <name>__aeabi_ldiv0</name>
         <value>0x20009f4b</value>
         <object_component_ref idref="oc-915"/>
      </symbol>
      <symbol id="sm-1464">
         <name>__aeabi_dsub</name>
         <value>0x20009d95</value>
         <object_component_ref idref="oc-86b"/>
      </symbol>
      <symbol id="sm-1465">
         <name>__aeabi_dadd</name>
         <value>0x20009d9f</value>
         <object_component_ref idref="oc-86b"/>
      </symbol>
      <symbol id="sm-1487">
         <name>__aeabi_cdcmpeq</name>
         <value>0x2000d7bd</value>
         <object_component_ref idref="oc-743"/>
      </symbol>
      <symbol id="sm-1488">
         <name>__aeabi_cdcmple</name>
         <value>0x2000d7bd</value>
         <object_component_ref idref="oc-743"/>
      </symbol>
      <symbol id="sm-1489">
         <name>__aeabi_cdrcmple</name>
         <value>0x2000d843</value>
         <object_component_ref idref="oc-856"/>
      </symbol>
      <symbol id="sm-149d">
         <name>__aeabi_ddiv</name>
         <value>0x2000aefd</value>
         <object_component_ref idref="oc-851"/>
      </symbol>
      <symbol id="sm-14a8">
         <name>__aeabi_dmul</name>
         <value>0x2000b7f1</value>
         <object_component_ref idref="oc-84c"/>
      </symbol>
      <symbol id="sm-14b2">
         <name>__aeabi_d2iz</name>
         <value>0x2000e965</value>
         <object_component_ref idref="oc-85b"/>
      </symbol>
      <symbol id="sm-14bc">
         <name>__aeabi_i2d</name>
         <value>0x2000f0f9</value>
         <object_component_ref idref="oc-866"/>
      </symbol>
      <symbol id="sm-14e4">
         <name>__TI_auto_init_nobinit_nopinit</name>
         <value>0x2000eabd</value>
         <object_component_ref idref="oc-242"/>
      </symbol>
      <symbol id="sm-14ee">
         <name>_system_pre_init</name>
         <value>0x2000faef</value>
         <object_component_ref idref="oc-8e"/>
      </symbol>
      <symbol id="sm-14fa">
         <name>C$$EXIT</name>
         <value>0x2000faf3</value>
         <object_component_ref idref="oc-236"/>
      </symbol>
      <symbol id="sm-14fb">
         <name>abort</name>
         <value>0x2000faf3</value>
         <object_component_ref idref="oc-236"/>
      </symbol>
      <symbol id="sm-1510">
         <name>_nop</name>
         <value>0x20008817</value>
         <object_component_ref idref="oc-77e"/>
      </symbol>
      <symbol id="sm-1511">
         <name>_lock</name>
         <value>0x2001f38c</value>
         <object_component_ref idref="oc-533"/>
      </symbol>
      <symbol id="sm-1512">
         <name>_unlock</name>
         <value>0x2001f390</value>
         <object_component_ref idref="oc-533"/>
      </symbol>
      <symbol id="sm-1529">
         <name>atoi</name>
         <value>0x2000e7f5</value>
         <object_component_ref idref="oc-737"/>
      </symbol>
      <symbol id="sm-1534">
         <name>_ctypes_</name>
         <value>0x2000fff3</value>
         <object_component_ref idref="oc-36a"/>
      </symbol>
      <symbol id="sm-1543">
         <name>ltoa</name>
         <value>0x2000e5cd</value>
         <object_component_ref idref="oc-860"/>
      </symbol>
      <symbol id="sm-1553">
         <name>memccpy</name>
         <value>0x2000f6e9</value>
         <object_component_ref idref="oc-760"/>
      </symbol>
      <symbol id="sm-1563">
         <name>strchr</name>
         <value>0x2000f995</value>
         <object_component_ref idref="oc-897"/>
      </symbol>
      <symbol id="sm-1574">
         <name>strcspn</name>
         <value>0x2000f421</value>
         <object_component_ref idref="oc-359"/>
      </symbol>
      <symbol id="sm-1586">
         <name>strspn</name>
         <value>0x2000f22d</value>
         <object_component_ref idref="oc-353"/>
      </symbol>
      <symbol id="sm-159f">
         <name>wcslen</name>
         <value>0x2000fa47</value>
         <object_component_ref idref="oc-766"/>
      </symbol>
      <symbol id="sm-15bf">
         <name>frexpl</name>
         <value>0x2000e36d</value>
         <object_component_ref idref="oc-88b"/>
      </symbol>
      <symbol id="sm-15c0">
         <name>frexp</name>
         <value>0x2000e36d</value>
         <object_component_ref idref="oc-88b"/>
      </symbol>
      <symbol id="sm-15de">
         <name>scalbn</name>
         <value>0x2000c2d9</value>
         <object_component_ref idref="oc-891"/>
      </symbol>
      <symbol id="sm-15df">
         <name>scalbnl</name>
         <value>0x2000c2d9</value>
         <object_component_ref idref="oc-891"/>
      </symbol>
      <symbol id="sm-15e0">
         <name>ldexpl</name>
         <value>0x2000c2d9</value>
         <object_component_ref idref="oc-891"/>
      </symbol>
      <symbol id="sm-15e1">
         <name>ldexp</name>
         <value>0x2000c2d9</value>
         <object_component_ref idref="oc-891"/>
      </symbol>
      <symbol id="sm-15eb">
         <name>copysign</name>
         <value>0x2000fab9</value>
         <object_component_ref idref="oc-92e"/>
      </symbol>
      <symbol id="sm-15ec">
         <name>copysignl</name>
         <value>0x2000fab9</value>
         <object_component_ref idref="oc-92e"/>
      </symbol>
      <symbol id="sm-15ed">
         <name>__TI_static_base__</name>
         <value>0x20010608</value>
      </symbol>
      <symbol id="sm-15f0">
         <name>__mpu_init</name>
         <value>0x0</value>
      </symbol>
      <symbol id="sm-15f1">
         <name>_system_post_cinit</name>
         <value>0x0</value>
      </symbol>
   </symbol_table>
   <title>Link successful</title>
</link_info>
