******************************************************************************
                  TI ARM Linker PC v18.12.4                    
******************************************************************************
>> Linked Mon Mar 15 01:02:21 2021

OUTPUT FILE NAME:   <Lab4-1.out>
ENTRY POINT SYMBOL: "_c_int00_noargs"  address: 2000f3d9


MEMORY CONFIGURATION

         name            origin    length      used     unused   attr    fill
----------------------  --------  ---------  --------  --------  ----  --------
  SRAM_CODE             20004000   00013000  0000c66a  00006996  RW X
  SRAM_DATA             20017000   00019000  000093a8  0000fc58  RW X


SEGMENT ALLOCATION MAP

run origin  load origin   length   init length attrs members
----------  ----------- ---------- ----------- ----- -------
20004000    20004000    0000c670   0000c670    r-x
  20004000    20004000    00000400   00000400    r-- .intvecs
  20004400    20004400    0000b6f6   0000b6f6    r-x .text
  2000faf8    2000faf8    00000b0c   00000b0c    r-- .const
  20010608    20010608    00000068   00000068    r-- .cinit
20017000    20017000    000083a8   00000000    rw-
  20017000    20017000    00008000   00000000    rw- .sysmem
  2001f000    2001f000    000002e8   00000000    rw- .bss
  2001f2e8    2001f2e8    000000c0   00000000    rw- .data
2002f000    2002f000    00001000   00000000    rw-
  2002f000    2002f000    00001000   00000000    rw- .stack


SECTION ALLOCATION MAP

 output                                  attributes/
section   page    origin      length       input sections
--------  ----  ----------  ----------   ----------------
.intvecs   0    20004000    00000400     
                  20004000    00000400     startup_ccs.obj (.intvecs)

.init_array 
*          0    20004000    00000000     UNINITIALIZED

.text      0    20004400    0000b6f6     
                  20004400    0000253c     main.obj (.text)
                  2000693c    00000a80     Adafruit_GFX.obj (.text)
                  200073bc    00000a4e     rtsv7M4_T_le_eabi.lib : _printfi.c.obj (.text:__TI_printfi)
                  20007e0a    00000002     driverlib.a : interrupt.obj (.text:IntDefaultHandler)
                  20007e0c    00000590     simplelink.a : driver.obj (.text:_SlDrvMsgRead)
                  2000839c    0000047a     Adafruit_OLED.obj (.text)
                  20008816    00000002     rtsv7M4_T_le_eabi.lib : _lock.c.obj (.text:_nop)
                  20008818    00000398     gpio_if.obj (.text)
                  20008bb0    000002b4     i2c_if.obj (.text)
                  20008e64    00000280     simplelink.a : wlan.obj (.text:sl_WlanConnect)
                  200090e4    00000280     uart_if.obj (.text)
                  20009364    00000268     rtsv7M4_T_le_eabi.lib : _printfi.c.obj (.text:_pconv_a)
                  200095cc    00000248     simplelink.a : driver.obj (.text:_SlDrvRxHdrRead)
                  20009814    000001e4                  : driver.obj (.text:_SlDrvDataReadOp)
                  200099f8    000001d0                  : driver.obj (.text:_SlDrvReleasePoolObj)
                  20009bc8    000001cc     rtsv7M4_T_le_eabi.lib : _printfi.c.obj (.text:_pconv_g)
                  20009d94    000001b6                           : fd_add_t2.asm.obj (.text)
                  20009f4a    00000002                           : div0.asm.obj (.text)
                  20009f4c    000001b4     simplelink.a : driver.obj (.text:_SlDrvDriverCBInit)
                  2000a100    0000019c                  : driver.obj (.text:_SlDrvMsgWrite)
                  2000a29c    00000190                  : driver.obj (.text:_SlDrvWaitForPoolObj)
                  2000a42c    0000018c                  : socket.obj (.text:sl_Connect)
                  2000a5b8    00000178     driverlib.a : prcm.obj (.text:PRCMCC3200MCUInit)
                  2000a730    00000170     simplelink.a : driver.obj (.text:_SlFindAndSetActiveObj)
                  2000a8a0    00000150                  : driver.obj (.text:_SlDrvDataWriteOp)
                  2000a9f0    00000148                  : cc_pal.obj (.text:spi_Open)
                  2000ab38    00000144                  : driver.obj (.text:_SlDrvMsgReadCmdCtx)
                  2000ac7c    00000144                  : netapp.obj (.text:sl_NetAppDnsGetHostByName)
                  2000adc0    0000013c     rtsv7M4_T_le_eabi.lib : _printfi.c.obj (.text:_pconv_e)
                  2000aefc    00000136                           : fd_div_t2.asm.obj (.text)
                  2000b032    00000002     --HOLE-- [fill = 0]
                  2000b034    00000134     simplelink.a : socket.obj (.text:sl_Send)
                  2000b168    00000130                  : driver.obj (.text:_SlDrvDriverCBDeinit)
                  2000b298    00000120     rtsv7M4_T_le_eabi.lib : _printfi.c.obj (.text:fcvt)
                  2000b3b8    00000118                           : memory.c.obj (.text:aligned_alloc)
                  2000b4d0    00000110                           : strtoul.c.obj (.text:strtoul)
                  2000b5e0    0000010c     pinmux.obj (.text)
                  2000b6ec    00000104     simplelink.a : netapp.obj (.text:_SlDrvNetAppEventHandler)
                  2000b7f0    000000fc     rtsv7M4_T_le_eabi.lib : fd_mul_t2.asm.obj (.text)
                  2000b8ec    000000f0     simplelink.a : device.obj (.text:sl_Start)
                  2000b9dc    000000f0                  : device.obj (.text:sl_Stop)
                  2000bacc    000000f0                  : cc_pal.obj (.text:spi_Read)
                  2000bbbc    000000f0     driverlib.a : udma.obj (.text:uDMAChannelTransferSet)
                  2000bcac    000000e8     simplelink.a : driver.obj (.text:_SlAsyncEventGenericHandler)
                  2000bd94    000000e8                  : driver.obj (.text:_SlDrvMsgReadSpawnCtx)
                  2000be7c    000000e8     rtsv7M4_T_le_eabi.lib : memory.c.obj (.text:realloc)
                  2000bf64    000000e4                           : memory.c.obj (.text:free)
                  2000c048    000000e4     simplelink.a : netapp.obj (.text:sl_NetAppMDNSRegisterUnregisterService)
                  2000c12c    000000dc                  : driver.obj (.text:_SlDrvClassifyRxMsg)
                  2000c208    000000d0     driverlib.a : spi.obj (.text:SPITransfer32)
                  2000c2d8    000000d0     rtsv7M4_T_le_eabi.lib : s_scalbn.c.obj (.text:scalbn)
                  2000c3a8    000000ce     driverlib.a : spi.obj (.text:SPITransfer16)
                  2000c476    00000002     --HOLE-- [fill = 0]
                  2000c478    000000cc     simplelink.a : netapp.obj (.text:_sl_HandleAsync_DnsGetHostByService)
                  2000c544    000000cc                  : device.obj (.text:sl_DevGet)
                  2000c610    000000c4                  : driver.obj (.text:_SlRemoveFromList)
                  2000c6d4    000000c0                  : driver.obj (.text:_SlDrvCmdOp)
                  2000c794    000000b8     driverlib.a : spi.obj (.text:SPITransfer8)
                  2000c84c    000000b1     rtsv7M4_T_le_eabi.lib : _printfi.c.obj (.text:_ltostr)
                  2000c8fd    00000003     --HOLE-- [fill = 0]
                  2000c900    000000b0     simplelink.a : nonos.obj (.text:_SlNonOsSemGet)
                  2000c9b0    000000a8     driverlib.a : interrupt.obj (.text:IntDisable)
                  2000ca58    000000a8                 : interrupt.obj (.text:IntEnable)
                  2000cb00    000000a4     simplelink.a : driver.obj (.text:_SlDriverHandleError)
                  2000cba4    000000a0     driverlib.a : spi.obj (.text:SPIConfigSetExpClk)
                  2000cc44    000000a0     simplelink.a : socket.obj (.text:sl_Recv)
                  2000cce4    0000009c     rtsv7M4_T_le_eabi.lib : memcpy_t2.asm.obj (.text)
                  2000cd80    0000009a     simplelink.a : device.obj (.text:_SlDrvDeviceEventHandler)
                  2000ce1a    00000002     --HOLE-- [fill = 0]
                  2000ce1c    00000098                  : device.obj (.text:sl_DevSet)
                  2000ceb4    00000098                  : netcfg.obj (.text:sl_NetCfgSet)
                  2000cf4c    00000098                  : socket.obj (.text:sl_SetSockOpt)
                  2000cfe4    00000098                  : wlan.obj (.text:sl_WlanSet)
                  2000d07c    00000098                  : cc_pal.obj (.text:spi_Write)
                  2000d114    00000096     rtsv7M4_T_le_eabi.lib : ull_div_t2.asm.obj (.text)
                  2000d1aa    00000002     --HOLE-- [fill = 0]
                  2000d1ac    00000094     driverlib.a : prcm.obj (.text:PRCMPeripheralClockGet)
                  2000d240    00000090     simplelink.a : netapp.obj (.text:_sl_HandleAsync_DnsGetHostByName)
                  2000d2d0    00000090                  : netapp.obj (.text:_sl_HandleAsync_PingResponse)
                  2000d360    00000090                  : wlan.obj (.text:sl_WlanPolicySet)
                  2000d3f0    0000008c                  : cc_pal.obj (.text:SetupDMAReceive)
                  2000d47c    0000008c                  : cc_pal.obj (.text:SetupDMASend)
                  2000d508    0000008c                  : driver.obj (.text:_SlDrvIsTimeoutExpired)
                  2000d594    0000008c                  : device.obj (.text:_sl_HandleAsync_InitComplete)
                  2000d620    0000008c                  : socket.obj (.text:sl_Socket)
                  2000d6ac    00000088     driverlib.a : pin.obj (.text:PinConfigSet)
                  2000d734    00000088                 : spi.obj (.text:SPITransfer)
                  2000d7bc    00000086     rtsv7M4_T_le_eabi.lib : fd_cmp_t2.asm.obj (.text:__aeabi_cdcmple)
                  2000d842    00000086                           : fd_cmp_t2.asm.obj (.text:__aeabi_cdrcmple)
                  2000d8c8    00000084     driverlib.a : i2c.obj (.text:I2CMasterInitExpClk)
                  2000d94c    00000084     simplelink.a : cc_pal.obj (.text:NwpPowerOnPreamble)
                  2000d9d0    00000084                  : wlan.obj (.text:sl_WlanRxFilterSet)
                  2000da54    00000082     driverlib.a : gpio.obj (.text:GPIOIntTypeSet)
                  2000dad6    00000002     --HOLE-- [fill = 0]
                  2000dad8    00000080     simplelink.a : socket.obj (.text:_sl_HandleAsync_Connect)
                  2000db58    00000080                  : cc_pal.obj (.text:spi_Read_CPU)
                  2000dbd8    00000080                  : cc_pal.obj (.text:spi_Write_CPU)
                  2000dc58    0000007a     rtsv7M4_T_le_eabi.lib : memset_t2.asm.obj (.text)
                  2000dcd2    00000002     --HOLE-- [fill = 0]
                  2000dcd4    00000078     simplelink.a : cc_pal.obj (.text:spi_Close)
                  2000dd4c    00000076     driverlib.a : uart.obj (.text:UARTConfigSetExpClk)
                  2000ddc2    00000002     --HOLE-- [fill = 0]
                  2000ddc4    00000074     simplelink.a : nonos.obj (.text:_SlNonOsMainLoopTask)
                  2000de38    00000070     rtsv7M4_T_le_eabi.lib : memory.c.obj (.text:split)
                  2000dea8    0000006e                           : _printfi.c.obj (.text:_mcpy)
                  2000df16    00000002     --HOLE-- [fill = 0]
                  2000df18    0000006c     simplelink.a : driver.obj (.text:_SlDrvCmdSend)
                  2000df84    0000006c                  : netapp.obj (.text:_sl_NetAppSendTokenValue)
                  2000dff0    00000068     rtsv7M4_T_le_eabi.lib : copy_decompress_lzss.c.obj (.text:decompress:lzss:__TI_decompress_lzss)
                  2000e058    00000064     simplelink.a : nonos.obj (.text:_SlNonOsSpawn)
                  2000e0bc    00000064                  : socket.obj (.text:_sl_HandleAsync_Accept)
                  2000e120    00000064                  : netapp.obj (.text:sl_NetAppMDNSUnRegisterService)
                  2000e184    00000064     driverlib.a : udma.obj (.text:uDMAChannelAttributeDisable)
                  2000e1e8    00000064                 : udma.obj (.text:uDMAChannelAttributeEnable)
                  2000e24c    00000060     simplelink.a : socket.obj (.text:sl_Close)
                  2000e2ac    00000060                  : wlan.obj (.text:sl_WlanProfileDel)
                  2000e30c    00000060                  : wlan.obj (.text:sl_WlanSetMode)
                  2000e36c    0000005c     rtsv7M4_T_le_eabi.lib : s_frexp.c.obj (.text:frexp)
                  2000e3c8    00000058     driverlib.a : interrupt.obj (.text:IntPendClear)
                  2000e420    00000058                 : prcm.obj (.text:PRCMPeripheralReset)
                  2000e478    00000056     rtsv7M4_T_le_eabi.lib : _printfi.c.obj (.text:_pconv_f)
                  2000e4ce    00000002     --HOLE-- [fill = 0]
                  2000e4d0    00000054     driverlib.a : interrupt.obj (.text:IntPrioritySet)
                  2000e524    00000054     simplelink.a : driver.obj (.text:_SlDrvRxIrqHandler)
                  2000e578    00000054                  : socket.obj (.text:_sl_HandleAsync_Select)
                  2000e5cc    00000054     rtsv7M4_T_le_eabi.lib : ltoa.c.obj (.text:ltoa)
                  2000e620    00000052                           : _printfi.c.obj (.text:_ecpy)
                  2000e672    00000002     --HOLE-- [fill = 0]
                  2000e674    00000050     simplelink.a : device.obj (.text:_sl_HandleAsync_Stop)
                  2000e6c4    0000004c     driverlib.a : spi.obj (.text:SPIIntEnable)
                  2000e710    0000004c                 : spi.obj (.text:SPIIntNumberGet)
                  2000e75c    0000004c     simplelink.a : driver.obj (.text:_SlDrvProtectAsyncRespSetting)
                  2000e7a8    0000004c                  : socket.obj (.text:_sl_BuildAddress)
                  2000e7f4    0000004c     rtsv7M4_T_le_eabi.lib : atoi.c.obj (.text:atoi)
                  2000e840    0000004c     driverlib.a : udma.obj (.text:uDMAChannelAssign)
                  2000e88c    00000048                 : gpio.obj (.text:GPIOGetIntNumber)
                  2000e8d4    00000048                 : spi.obj (.text:SPIIntClear)
                  2000e91c    00000048     simplelink.a : driver.obj (.text:_SlDrvBasicCmd)
                  2000e964    00000048     rtsv7M4_T_le_eabi.lib : fd_toi_t2.asm.obj (.text)
                  2000e9ac    00000044     driverlib.a : spi.obj (.text:SPIDmaMaskGet)
                  2000e9f0    00000044                 : timer.obj (.text:TimerConfigure)
                  2000ea34    00000044     simplelink.a : driver.obj (.text:_SlDrvHandleHttpServerEvents)
                  2000ea78    00000044                  : driver.obj (.text:_SlDrvSyncObjWaitTimeout)
                  2000eabc    00000044     rtsv7M4_T_le_eabi.lib : autoinit.c.obj (.text:__TI_auto_init_nobinit_nopinit:__TI_auto_init_nobinit_nopinit)
                  2000eb00    00000044     simplelink.a : cc_pal.obj (.text:cc_SetupTransfer)
                  2000eb44    00000042                  : socket.obj (.text:sl_Htonl)
                  2000eb86    00000002     --HOLE-- [fill = 0]
                  2000eb88    00000040     driverlib.a : pin.obj (.text:PinModeSet)
                  2000ebc8    00000040     simplelink.a : driver.obj (.text:_SlDrvHandleNetAppEvents)
                  2000ec08    00000040                  : driver.obj (.text:_SlDrvHandleWlanEvents)
                  2000ec48    00000040                  : socket.obj (.text:_sl_TruncatePayloadByProtocol)
                  2000ec88    00000040     rtsv7M4_T_le_eabi.lib : sprintf.c.obj (.text:sprintf)
                  2000ecc8    00000040                           : strtok.c.obj (.text:strtok)
                  2000ed08    00000040                           : vsnprintf.c.obj (.text:vsnprintf)
                  2000ed48    0000003e     simplelink.a : cc_pal.obj (.text:NwpRegisterInterruptHandler)
                  2000ed86    0000003e     rtsv7M4_T_le_eabi.lib : _printfi.c.obj (.text:_fcpy)
                  2000edc4    0000003c     simplelink.a : netapp.obj (.text:CopyPingResultsToReport)
                  2000ee00    0000003c     driverlib.a : prcm.obj (.text:PRCMPeripheralClkEnable)
                  2000ee3c    0000003c     simplelink.a : cc_pal.obj (.text:simplelink_timerA2_start)
                  2000ee78    0000003c                  : socket.obj (.text:sl_Htons)
                  2000eeb4    0000003c     driverlib.a : udma.obj (.text:uDMAChannelControlSet)
                  2000eef0    00000038     simplelink.a : cc_pal.obj (.text:NwpPowerOff)
                  2000ef28    00000038                  : wlan.obj (.text:sl_WlanDisconnect)
                  2000ef60    00000036     driverlib.a : gpio.obj (.text:GPIODirModeSet)
                  2000ef96    00000002     --HOLE-- [fill = 0]
                  2000ef98    00000034     simplelink.a : cc_pal.obj (.text:NwpPowerOn)
                  2000efcc    00000034     driverlib.a : prcm.obj (.text:PRCMPeripheralStatusGet)
                  2000f000    00000034                 : spi.obj (.text:SPIFIFOLevelSet)
                  2000f034    00000034     rtsv7M4_T_le_eabi.lib : strstr.c.obj (.text:strstr)
                  2000f068    00000030     driverlib.a : pin.obj (.text:PinTypeGPIO)
                  2000f098    00000030                 : uart.obj (.text:UARTDisable)
                  2000f0c8    00000030     rtsv7M4_T_le_eabi.lib : vsnprintf.c.obj (.text:_outs)
                  2000f0f8    0000002e                           : i_tofd_t2.asm.obj (.text)
                  2000f126    0000002c     driverlib.a : i2c.obj (.text:I2CMasterErr)
                  2000f152    00000002     --HOLE-- [fill = 0]
                  2000f154    0000002c                 : prcm.obj (.text:PRCMSysResetCauseGet)
                  2000f180    0000002c     simplelink.a : driver.obj (.text:_SlDrvObjGlobalLockWaitForever)
                  2000f1ac    0000002c                  : driver.obj (.text:_SlDrvProtectionObjLockWaitForever)
                  2000f1d8    0000002a     driverlib.a : timer.obj (.text:TimerLoadSet)
                  2000f202    0000002a                 : timer.obj (.text:TimerPrescaleSet)
                  2000f22c    0000002a     rtsv7M4_T_le_eabi.lib : strspn.c.obj (.text:strspn)
                  2000f256    00000002     --HOLE-- [fill = 0]
                  2000f258    00000028     driverlib.a : prcm.obj (.text:PRCMPeripheralClkDisable)
                  2000f280    00000028     simplelink.a : driver.obj (.text:_SlDrvGlobalObjUnLock)
                  2000f2a8    00000028                  : driver.obj (.text:_SlDrvProtectionObjUnLock)
                  2000f2d0    00000028                  : driver.obj (.text:_SlDrvSyncObjWaitForever)
                  2000f2f8    00000028     rtsv7M4_T_le_eabi.lib : memory.c.obj (.text:free_list_insert)
                  2000f320    00000026     simplelink.a : driver.obj (.text:_SlDrvObjLockWaitForever)
                  2000f346    00000026     network_common.obj (.text)
                  2000f36c    00000024     simplelink.a : cc_pal.obj (.text:DmaSpiSwIntHandler)
                  2000f390    00000024     driverlib.a : interrupt.obj (.text:IntUnregister)
                  2000f3b4    00000024                 : uart.obj (.text:UARTEnable)
                  2000f3d8    00000024     rtsv7M4_T_le_eabi.lib : boot_cortex_m.c.obj (.text:_c_int00_noargs:_c_int00_noargs)
                  2000f3fc    00000024                           : memmov.c.obj (.text:memmove)
                  2000f420    00000024                           : strcspn.c.obj (.text:strcspn)
                  2000f444    00000022     driverlib.a : i2c.obj (.text:I2CMasterSlaveAddrSet)
                  2000f466    00000022                 : spi.obj (.text:SPIReset)
                  2000f488    00000022                 : spi.obj (.text:SPIWordCountSet)
                  2000f4aa    00000020                 : gpio.obj (.text:GPIOPinWrite)
                  2000f4ca    00000002     --HOLE-- [fill = 0]
                  2000f4cc    00000020                 : interrupt.obj (.text:IntRegister)
                  2000f4ec    00000020     simplelink.a : cc_pal.obj (.text:NwpPrePowerOffTimout0)
                  2000f50c    00000020     driverlib.a : spi.obj (.text:SPIDataGet)
                  2000f52c    00000020     simplelink.a : cc_pal.obj (.text:TimerGetCurrentTimestamp)
                  2000f54c    00000020                  : driver.obj (.text:_SlDrvObjUnLock)
                  2000f56c    00000020                  : driver.obj (.text:_SlDrvSyncObjSignal)
                  2000f58c    0000001e     driverlib.a : gpio.obj (.text:GPIOIntRegister)
                  2000f5aa    0000001e                 : i2c.obj (.text:I2CMasterIntStatusEx)
                  2000f5c8    0000001e                 : spi.obj (.text:SPIDataPut)
                  2000f5e6    0000001e                 : timer.obj (.text:TimerEnable)
                  2000f604    0000001e                 : uart.obj (.text:UARTCharPut)
                  2000f622    0000001e     simplelink.a : cc_pal.obj (.text:cc_UDMAChannelSelect)
                  2000f640    0000001c     driverlib.a : pin.obj (.text:PinTypeI2C)
                  2000f65c    0000001c                 : timer.obj (.text:TimerValueGet)
                  2000f678    0000001c                 : uart.obj (.text:UARTCharGetNonBlocking)
                  2000f694    0000001c     simplelink.a : driver.obj (.text:_SlDrvStartMeasureTimeout)
                  2000f6b0    0000001c     rtsv7M4_T_le_eabi.lib : copy_zero_init.c.obj (.text:decompress:ZI:__TI_zero_init_nomemset:__TI_zero_init_nomemset)
                  2000f6cc    0000001c                           : memory.c.obj (.text:free_list_remove)
                  2000f6e8    0000001c                           : memccpy.c.obj (.text:memccpy)
                  2000f704    0000001c     driverlib.a : udma.obj (.text:uDMAChannelEnable)
                  2000f720    0000001a                 : gpio.obj (.text:GPIOIntEnable)
                  2000f73a    0000001a                 : pin.obj (.text:PinTypeSPI)
                  2000f754    0000001a                 : pin.obj (.text:PinTypeUART)
                  2000f76e    0000001a                 : spi.obj (.text:SPIDmaDisable)
                  2000f788    0000001a                 : spi.obj (.text:SPIDmaEnable)
                  2000f7a2    0000001a                 : spi.obj (.text:SPIFIFODisable)
                  2000f7bc    0000001a                 : spi.obj (.text:SPIFIFOEnable)
                  2000f7d6    0000001a                 : spi.obj (.text:SPIIntUnregister)
                  2000f7f0    00000018                 : gpio.obj (.text:GPIOPinRead)
                  2000f808    00000018                 : i2c.obj (.text:I2CMasterIntEnableEx)
                  2000f820    00000018                 : spi.obj (.text:SPICSDisable)
                  2000f838    00000018                 : spi.obj (.text:SPICSEnable)
                  2000f850    00000018                 : spi.obj (.text:SPIDisable)
                  2000f868    00000018                 : spi.obj (.text:SPIEnable)
                  2000f880    00000018                 : uart.obj (.text:UARTCharsAvail)
                  2000f898    00000018     simplelink.a : nonos.obj (.text:_SlNonOsSemSet)
                  2000f8b0    00000018     rtsv7M4_T_le_eabi.lib : vsnprintf.c.obj (.text:_outc)
                  2000f8c8    00000018                           : sprintf.c.obj (.text:_outs)
                  2000f8e0    00000018     simplelink.a : device.obj (.text:_sl_GetStartResponseConvert)
                  2000f8f8    00000018     rtsv7M4_T_le_eabi.lib : strcmp.c.obj (.text:strcmp)
                  2000f910    00000016     driverlib.a : i2c.obj (.text:I2CMasterDataPut)
                  2000f926    00000016                 : i2c.obj (.text:I2CMasterEnable)
                  2000f93c    00000016                 : prcm.obj (.text:PRCMHIBRegRead)
                  2000f952    00000016                 : prcm.obj (.text:PRCMHIBRegWrite)
                  2000f968    00000016                 : uart.obj (.text:UARTCharGet)
                  2000f97e    00000016     simplelink.a : driver.obj (.text:_SlDrvMemZero)
                  2000f994    00000016     rtsv7M4_T_le_eabi.lib : strchr.c.obj (.text:strchr)
                  2000f9aa    00000014     driverlib.a : cpu.obj (.text:CPUcpsie)
                  2000f9be    00000014                 : gpio.obj (.text:GPIOIntClear)
                  2000f9d2    00000002     --HOLE-- [fill = 0]
                  2000f9d4    00000014                 : interrupt.obj (.text:IntVTableBaseSet)
                  2000f9e8    00000014     rtsv7M4_T_le_eabi.lib : strcpy.c.obj (.text:strcpy)
                  2000f9fc    00000014                           : strlen.c.obj (.text:strlen)
                  2000fa10    00000012     driverlib.a : i2c.obj (.text:I2CMasterControl)
                  2000fa22    00000012                 : i2c.obj (.text:I2CMasterIntClearEx)
                  2000fa34    00000012                 : i2c.obj (.text:I2CMasterTimeoutSet)
                  2000fa46    00000012     rtsv7M4_T_le_eabi.lib : wcslen.c.obj (.text:wcslen)
                  2000fa58    00000010     simplelink.a : driver.obj (.text:_SlDrvDispatchHttpServerEvents)
                  2000fa68    0000000e     driverlib.a : i2c.obj (.text:I2CMasterDataGet)
                  2000fa76    0000000e     simplelink.a : driver.obj (.text:_SlDrvResetCmdExt)
                  2000fa84    0000000e     rtsv7M4_T_le_eabi.lib : copy_decompress_none.c.obj (.text:decompress:none:__TI_decompress_none)
                  2000fa92    0000000e     startup_ccs.obj (.text)
                  2000faa0    0000000c     simplelink.a : cc_pal.obj (.text:NwpMaskInterrupt)
                  2000faac    0000000c                  : cc_pal.obj (.text:NwpUnMaskInterrupt)
                  2000fab8    0000000c     rtsv7M4_T_le_eabi.lib : s_copysign.c.obj (.text:copysign)
                  2000fac4    0000000a     driverlib.a : interrupt.obj (.text:IntMasterEnable)
                  2000face    0000000a     rtsv7M4_T_le_eabi.lib : sprintf.c.obj (.text:_outc)
                  2000fad8    00000008                           : errno.c.obj (.text:__aeabi_errno_addr)
                  2000fae0    00000008                           : memory.c.obj (.text:malloc)
                  2000fae8    00000006     driverlib.a : utils.obj (.text:UtilsDelay)
                  2000faee    00000004     rtsv7M4_T_le_eabi.lib : pre_init.c.obj (.text:_system_pre_init)
                  2000faf2    00000004                           : exit.c.obj (.text:abort:abort)

.const     0    2000faf8    00000b0c     
                  2000faf8    000004fb     Adafruit_GFX.obj (.const:.string:font)
                  2000fff3    00000101     rtsv7M4_T_le_eabi.lib : ctype.c.obj (.const:.string:_ctypes_)
                  200100f4    00000100     driverlib.a : pin.obj (.const:g_ulPinToPadMap)
                  200101f4    000000d4                 : interrupt.obj (.const:g_pulRegs)
                  200102c8    000000a8                 : prcm.obj (.const:PRCM_PeriphRegsList)
                  20010370    0000003c     simplelink.a : driver.obj (.const:OpcodeTranslateTable)
                  200103ac    00000038                  : driver.obj (.const:_SlActionLookupTable)
                  200103e4    00000030     main.obj (.const:.string)
                  20010414    0000002c     main.obj (.const:$P$T1$2)
                  20010440    00000024     driverlib.a : spi.obj (.const:g_ppulSPIIntMap)
                  20010464    00000022     main.obj (.const:.string:$P$T0$1)
                  20010486    00000002     --HOLE-- [fill = 0]
                  20010488    00000020     simplelink.a : driver.obj (.const:RxMsgClassLUT)
                  200104a8    00000018     driverlib.a : interrupt.obj (.const:g_pulDisRegs)
                  200104c0    00000018                 : interrupt.obj (.const:g_pulEnRegs)
                  200104d8    00000018                 : interrupt.obj (.const:g_pulUnpendRegs)
                  200104f0    00000018                 : spi.obj (.const:g_ulSPIDmaMaskMap)
                  20010508    00000015     main.obj (.const:.string:$P$T6$7)
                  2001051d    00000003     --HOLE-- [fill = 0]
                  20010520    00000014     simplelink.a : driver.obj (.const:$P$T0$1)
                  20010534    00000014                  : nonos.obj (.const:$P$T0$1)
                  20010548    00000014     main.obj (.const:$P$T2$3)
                  2001055c    00000010     simplelink.a : socket.obj (.const:.string:_SlPayloadByProtocolLUT)
                  2001056c    0000000c     main.obj (.const:$P$T4$5)
                  20010578    0000000c     main.obj (.const:.string:$P$T3$4)
                  20010584    00000009     main.obj (.const:.string:$P$T5$6)
                  2001058d    00000008     simplelink.a : device.obj (.const:StartResponseLUT)
                  20010595    00000003     --HOLE-- [fill = 0]
                  20010598    00000008                  : driver.obj (.const:g_H2NCnysPattern)
                  200105a0    00000008                  : driver.obj (.const:g_H2NSyncPattern)
                  200105a8    00000005     main.obj (.const:.string:$P$T7$8)
                  200105ad    00000001     --HOLE-- [fill = 0]
                  200105ae    00000004     simplelink.a : wlan.obj (.const:$P$T0$1)
                  200105b2    00000004                  : socket.obj (.const:$P$T2$3)
                  200105b6    00000004                  : device.obj (.const:_SlDeviceGetCmdCtrl)
                  200105ba    00000004                  : device.obj (.const:_SlDeviceSetCmdCtrl)
                  200105be    00000004                  : netapp.obj (.const:_SlGetHostByNameCtrl)
                  200105c2    00000004                  : netapp.obj (.const:_SlNetAppSendTokenValueCmdCtrl)
                  200105c6    00000004                  : netcfg.obj (.const:_SlNetCfgSetCmdCtrl)
                  200105ca    00000004                  : wlan.obj (.const:_SlPolicySetCmdCtrl)
                  200105ce    00000004                  : wlan.obj (.const:_SlProfileDelCmdCtrl)
                  200105d2    00000004                  : socket.obj (.const:_SlRecvCmdCtrl)
                  200105d6    00000004                  : netapp.obj (.const:_SlRegisterServiceCtrl)
                  200105da    00000004                  : wlan.obj (.const:_SlRxFilterSetCmdCtrl)
                  200105de    00000004                  : socket.obj (.const:_SlSendCmdCtrl)
                  200105e2    00000004                  : socket.obj (.const:_SlSetSockOptCmdCtrl)
                  200105e6    00000004                  : socket.obj (.const:_SlSockCloseCmdCtrl)
                  200105ea    00000004                  : socket.obj (.const:_SlSockSocketCmdCtrl)
                  200105ee    00000004                  : device.obj (.const:_SlStopCmdCtrl)
                  200105f2    00000004                  : wlan.obj (.const:_SlWlanCfgSetCmdCtrl)
                  200105f6    00000004                  : wlan.obj (.const:_SlWlanSetModeCmdCtrl)
                  200105fa    00000002     --HOLE-- [fill = 0]
                  200105fc    00000004                  : driver.obj (.const:httpServer_callbacks)
                  20010600    00000004                  : driver.obj (.const:netApp_callbacks)

.cinit     0    20010608    00000068     
                  20010608    00000041     (.cinit..data.load) [load image, compression = lzss]
                  20010649    00000003     --HOLE-- [fill = 0]
                  2001064c    0000000c     (__TI_handler_table)
                  20010658    00000008     (.cinit..bss.load) [load image, compression = zero_init]
                  20010660    00000010     (__TI_cinit_table)

.sysmem    0    20017000    00008000     UNINITIALIZED
                  20017000    00000010     rtsv7M4_T_le_eabi.lib : memory.c.obj (.sysmem)
                  20017010    00007ff0     --HOLE--

.bss       0    2001f000    000002e8     UNINITIALIZED
                  2001f000    00000168     simplelink.a : driver.obj (.bss:g_StatMem)
                  2001f168    00000064     main.obj (.bss:g_ucRxBuff)
                  2001f1cc    00000064     main.obj (.bss:g_ucTxBuff)
                  2001f230    00000050     (.common:g_ucDinDout)
                  2001f280    0000002c     (.common:g_time)
                  2001f2ac    00000024     (.common:g_ucConnectionSSID)
                  2001f2d0    00000008     (.common:g_ucConnectionBSSID)
                  2001f2d8    00000004     uart_if.obj (.bss)
                  2001f2dc    00000004     (.common:GlobalX)
                  2001f2e0    00000002     main.obj (.bss)
                  2001f2e2    00000001     (.common:RxIrqCnt)
                  2001f2e3    00000001     (.common:g_bDeviceRestartIsRequired)
                  2001f2e4    00000001     (.common:g_cDummy)
                  2001f2e5    00000001     (.common:g_ucLED1Pin)
                  2001f2e6    00000001     (.common:g_ucLED2Pin)
                  2001f2e7    00000001     (.common:g_ucLED3Pin)

.data      0    2001f2e8    000000c0     UNINITIALIZED
                  2001f2e8    0000003c     simplelink.a : nonos.obj (.data:g__SlNonOsCB)
                  2001f324    00000015     Adafruit_GFX.obj (.data)
                  2001f339    00000003     --HOLE--
                  2001f33c    00000014     main.obj (.data)
                  2001f350    00000014     gpio_if.obj (.data:ulReg)
                  2001f364    0000000d     simplelink.a : driver.obj (.data)
                  2001f371    00000003     --HOLE--
                  2001f374    0000000c     gpio_if.obj (.data)
                  2001f380    00000009     simplelink.a : cc_pal.obj (.data)
                  2001f389    00000003     --HOLE--
                  2001f38c    00000008     rtsv7M4_T_le_eabi.lib : _lock.c.obj (.data:$O1$$)
                  2001f394    00000008                           : memory.c.obj (.data:$O1$$)
                  2001f39c    00000004                           : errno.c.obj (.data)
                  2001f3a0    00000004                           : strtok.c.obj (.data)
                  2001f3a4    00000004     simplelink.a : driver.obj (.data:wlan_callbacks)

.stack     0    2002f000    00001000     UNINITIALIZED
                  2002f000    00000004     rtsv7M4_T_le_eabi.lib : boot_cortex_m.c.obj (.stack)
                  2002f004    00000ffc     --HOLE--

MODULE SUMMARY

       Module                       code    ro data   rw data
       ------                       ----    -------   -------
    .\
       main.obj                     9532    205       314    
       Adafruit_GFX.obj             2688    1275      21     
       Adafruit_OLED.obj            1146    0         0      
       startup_ccs.obj              14      1024      0      
       gpio_if.obj                  920     0         35     
       i2c_if.obj                   692     0         0      
       uart_if.obj                  640     0         4      
       pinmux.obj                   268     0         0      
       network_common.obj           38      0         0      
    +--+----------------------------+-------+---------+---------+
       Total:                       15938   2504      374    
                                                             
    C:/ti/CC3200SDK_1.5.0/cc3200-sdk/driverlib/ccs/Release/driverlib.a
       spi.obj                      1594    60        0      
       prcm.obj                     852     168       0      
       interrupt.obj                608     284       0      
       udma.obj                     604     0         0      
       pin.obj                      328     256       0      
       gpio.obj                     388     0         0      
       i2c.obj                      376     0         0      
       uart.obj                     306     0         0      
       timer.obj                    210     0         0      
       cpu.obj                      20      0         0      
       utils.obj                    6       0         0      
    +--+----------------------------+-------+---------+---------+
       Total:                       5292    768       0      
                                                             
    C:/ti/CC3200SDK_1.5.0/cc3200-sdk/simplelink/ccs/NON_OS_debug/simplelink.a
       driver.obj                   7906    192       379    
       cc_pal.obj                   1960    0         90     
       socket.obj                   1830    40        0      
       netapp.obj                   1572    12        0      
       wlan.obj                     1316    24        0      
       device.obj                   1234    20        0      
       nonos.obj                    416     20        60     
       netcfg.obj                   152     4         0      
    +--+----------------------------+-------+---------+---------+
       Total:                       16386   312       529    
                                                             
    C:\ti\ccs930\ccs\tools\compiler\ti-cgt-arm_18.12.4.LTS\lib\rtsv7M4_T_le_eabi.lib
       _printfi.c.obj               4835    0         0      
       memory.c.obj                 928     0         8      
       fd_add_t2.asm.obj            438     0         0      
       fd_div_t2.asm.obj            310     0         0      
       strtoul.c.obj                272     0         0      
       fd_cmp_t2.asm.obj            268     0         0      
       ctype.c.obj                  0       257       0      
       fd_mul_t2.asm.obj            252     0         0      
       s_scalbn.c.obj               208     0         0      
       memcpy_t2.asm.obj            156     0         0      
       ull_div_t2.asm.obj           150     0         0      
       vsnprintf.c.obj              136     0         0      
       memset_t2.asm.obj            122     0         0      
       copy_decompress_lzss.c.obj   104     0         0      
       sprintf.c.obj                98      0         0      
       s_frexp.c.obj                92      0         0      
       ltoa.c.obj                   84      0         0      
       atoi.c.obj                   76      0         0      
       fd_toi_t2.asm.obj            72      0         0      
       autoinit.c.obj               68      0         0      
       strtok.c.obj                 64      0         4      
       strstr.c.obj                 52      0         0      
       i_tofd_t2.asm.obj            46      0         0      
       strspn.c.obj                 42      0         0      
       boot_cortex_m.c.obj          36      0         0      
       memmov.c.obj                 36      0         0      
       strcspn.c.obj                36      0         0      
       copy_zero_init.c.obj         28      0         0      
       memccpy.c.obj                28      0         0      
       strcmp.c.obj                 24      0         0      
       strchr.c.obj                 22      0         0      
       strcpy.c.obj                 20      0         0      
       strlen.c.obj                 20      0         0      
       wcslen.c.obj                 18      0         0      
       copy_decompress_none.c.obj   14      0         0      
       errno.c.obj                  8       0         4      
       s_copysign.c.obj             12      0         0      
       _lock.c.obj                  2       0         8      
       exit.c.obj                   4       0         0      
       pre_init.c.obj               4       0         0      
       div0.asm.obj                 2       0         0      
    +--+----------------------------+-------+---------+---------+
       Total:                       9187    257       24     
                                                             
       Heap:                        0       0         32768  
       Stack:                       0       0         4096   
       Linker Generated:            0       101       0      
    +--+----------------------------+-------+---------+---------+
       Grand Total:                 46803   3942      37791  


LINKER GENERATED COPY TABLES

__TI_cinit_table @ 20010660 records: 2, size/record: 8, table size: 16
	.data: load addr=20010608, load size=00000041 bytes, run addr=2001f2e8, run size=000000c0 bytes, compression=lzss
	.bss: load addr=20010658, load size=00000008 bytes, run addr=2001f000, run size=000002e8 bytes, compression=zero_init


LINKER GENERATED HANDLER TABLE

__TI_handler_table @ 2001064c records: 3, size/record: 4, table size: 12
	index: 0, handler: __TI_decompress_lzss
	index: 1, handler: __TI_decompress_none
	index: 2, handler: __TI_zero_init


GLOBAL SYMBOLS: SORTED ALPHABETICALLY BY Name 

address   name                                  
-------   ----                                  
200083fd  Adafruit_Init                         
2000faf3  C$$EXIT                               
2000f9ab  CPUcpsie                              
20009125  ClearTerm                             
20008573  Color565                              
20004cb9  DisplayBuffer                         
200045d1  DisplayPrompt                         
2000486d  DisplayUsage                          
2000f36d  DmaSpiSwIntHandler                    
2000912f  Error                                 
2000ef61  GPIODirModeSet                        
2000f9bf  GPIOIntClear                          
2000f721  GPIOIntEnable                         
2000f58d  GPIOIntRegister                       
2000da55  GPIOIntTypeSet                        
2000f7f1  GPIOPinRead                           
2000f4ab  GPIOPinWrite                          
20008ad9  GPIO_IF_ConfigureNIntEnable           
20008b65  GPIO_IF_Get                           
20008a93  GPIO_IF_GetPortNPin                   
20008855  GPIO_IF_LedConfigure                  
20008947  GPIO_IF_LedOff                        
20008893  GPIO_IF_LedOn                         
200089fb  GPIO_IF_LedStatus                     
20008a65  GPIO_IF_LedToggle                     
20008b21  GPIO_IF_Set                           
20009167  GetCmd                                
2001f33c  GlobalTrigger                         
2001f2dc  GlobalX                               
2000fa11  I2CMasterControl                      
2000fa69  I2CMasterDataGet                      
2000f911  I2CMasterDataPut                      
2000f927  I2CMasterEnable                       
2000f127  I2CMasterErr                          
2000d8c9  I2CMasterInitExpClk                   
2000fa23  I2CMasterIntClearEx                   
2000f809  I2CMasterIntEnableEx                  
2000f5ab  I2CMasterIntStatusEx                  
2000f445  I2CMasterSlaveAddrSet                 
2000fa35  I2CMasterTimeoutSet                   
20008e4f  I2C_IF_Close                          
20008de9  I2C_IF_Open                           
20008ce7  I2C_IF_Read                           
20008da3  I2C_IF_ReadFrom                       
20008c37  I2C_IF_Write                          
200090e5  InitTerm                              
2000c9b1  IntDisable                            
2000ca59  IntEnable                             
2000fac5  IntMasterEnable                       
2000e3c9  IntPendClear                          
2000e4d1  IntPrioritySet                        
2000f4cd  IntRegister                           
2000f391  IntUnregister                         
2000f9d5  IntVTableBaseSet                      
20004541  MasterMain                            
20009103  Message                               
2000faa1  NwpMaskInterrupt                      
2000eef1  NwpPowerOff                           
2000ef99  NwpPowerOn                            
2000d94d  NwpPowerOnPreamble                    
2000f4ed  NwpPrePowerOffTimout0                 
2000ed49  NwpRegisterInterruptHandler           
2000faad  NwpUnMaskInterrupt                    
20010370  OpcodeTranslateTable                  
200072e7  Outstr                                
2000a5b9  PRCMCC3200MCUInit                     
2000f93d  PRCMHIBRegRead                        
2000f953  PRCMHIBRegWrite                       
2000f259  PRCMPeripheralClkDisable              
2000ee01  PRCMPeripheralClkEnable               
2000d1ad  PRCMPeripheralClockGet                
2000e421  PRCMPeripheralReset                   
2000efcd  PRCMPeripheralStatusGet               
2000f155  PRCMSysResetCauseGet                  
20005033  ParseNProcessCmd                      
2000d6ad  PinConfigSet                          
2000eb89  PinModeSet                            
2000b5e1  PinMuxConfig                          
2000f069  PinTypeGPIO                           
2000f641  PinTypeI2C                            
2000f73b  PinTypeSPI                            
2000f755  PinTypeUART                           
20004d05  ProcessReadCommand                    
20004d91  ProcessReadRegCommand                 
20004f39  ProcessWriteCommand                   
20004e45  ProcessWriteRegCommand                
200092a5  Report                                
2000fa93  ResetISR                              
2001f2e2  RxIrqCnt                              
2000f821  SPICSDisable                          
2000f839  SPICSEnable                           
2000cba5  SPIConfigSetExpClk                    
2000f50d  SPIDataGet                            
2000f5c9  SPIDataPut                            
2000f851  SPIDisable                            
2000f76f  SPIDmaDisable                         
2000f789  SPIDmaEnable                          
2000f869  SPIEnable                             
2000f7a3  SPIFIFODisable                        
2000f7bd  SPIFIFOEnable                         
2000f001  SPIFIFOLevelSet                       
2000e8d5  SPIIntClear                           
2000e6c5  SPIIntEnable                          
2000f7d7  SPIIntUnregister                      
2000f467  SPIReset                              
2000d735  SPITransfer                           
2000f489  SPIWordCountSet                       
200052e9  SimpleLinkGeneralEventHandler         
200052d9  SimpleLinkHttpServerCallback          
20005211  SimpleLinkNetAppEventHandler          
20005345  SimpleLinkSockEventHandler            
200050e1  SimpleLinkWlanEventHandler            
2000e9f1  TimerConfigure                        
2000f5e7  TimerEnable                           
2000f52d  TimerGetCurrentTimestamp              
2000f1d9  TimerLoadSet                          
2000f203  TimerPrescaleSet                      
2000f65d  TimerValueGet                         
2000920d  TrimSpace                             
2000f969  UARTCharGet                           
2000f679  UARTCharGetNonBlocking                
2000f605  UARTCharPut                           
2000f881  UARTCharsAvail                        
2000dd4d  UARTConfigSetExpClk                   
2000f099  UARTDisable                           
2000f3b5  UARTEnable                            
2000fae9  UtilsDelay                            
200103ac  _SlActionLookupTable                  
2000cb01  _SlDriverHandleError                  
2000e91d  _SlDrvBasicCmd                        
2000c6d5  _SlDrvCmdOp                           
2000df19  _SlDrvCmdSend                         
20009815  _SlDrvDataReadOp                      
2000a8a1  _SlDrvDataWriteOp                     
2000cd81  _SlDrvDeviceEventHandler              
2000fa59  _SlDrvDispatchHttpServerEvents        
2000b169  _SlDrvDriverCBDeinit                  
20009f4d  _SlDrvDriverCBInit                    
2000f281  _SlDrvGlobalObjUnLock                 
2000ea35  _SlDrvHandleHttpServerEvents          
2000ebc9  _SlDrvHandleNetAppEvents              
2000ec09  _SlDrvHandleWlanEvents                
2000d509  _SlDrvIsTimeoutExpired                
2000f97f  _SlDrvMemZero                         
2000bd95  _SlDrvMsgReadSpawnCtx                 
2000b6ed  _SlDrvNetAppEventHandler              
2000f321  _SlDrvObjLockWaitForever              
2000f54d  _SlDrvObjUnLock                       
2000e75d  _SlDrvProtectAsyncRespSetting         
2000f1ad  _SlDrvProtectionObjLockWaitForever    
2000f2a9  _SlDrvProtectionObjUnLock             
200099f9  _SlDrvReleasePoolObj                  
2000fa77  _SlDrvResetCmdExt                     
2000e525  _SlDrvRxIrqHandler                    
2000f695  _SlDrvStartMeasureTimeout             
2000f56d  _SlDrvSyncObjSignal                   
2000f2d1  _SlDrvSyncObjWaitForever              
2000ea79  _SlDrvSyncObjWaitTimeout              
2000a29d  _SlDrvWaitForPoolObj                  
200105c2  _SlNetAppSendTokenValueCmdCtrl        
2000ddc5  _SlNonOsMainLoopTask                  
2000c901  _SlNonOsSemGet                        
2000f899  _SlNonOsSemSet                        
2000e059  _SlNonOsSpawn                         
20030000  __STACK_END                           
00001000  __STACK_SIZE                          
00008000  __SYSMEM_SIZE                         
20010660  __TI_CINIT_Base                       
20010670  __TI_CINIT_Limit                      
2001064c  __TI_Handler_Table_Base               
20010658  __TI_Handler_Table_Limit              
2000eabd  __TI_auto_init_nobinit_nopinit        
2000dff1  __TI_decompress_lzss                  
2000fa85  __TI_decompress_none                  
ffffffff  __TI_pprof_out_hndl                   
200073bd  __TI_printfi                          
ffffffff  __TI_prof_data_size                   
ffffffff  __TI_prof_data_start                  
20010608  __TI_static_base__                    
2000f6b1  __TI_zero_init_nomemset               
2000d7bd  __aeabi_cdcmpeq                       
2000d7bd  __aeabi_cdcmple                       
2000d843  __aeabi_cdrcmple                      
2000e965  __aeabi_d2iz                          
20009d9f  __aeabi_dadd                          
2000aefd  __aeabi_ddiv                          
2000b7f1  __aeabi_dmul                          
20009d95  __aeabi_dsub                          
2000fad9  __aeabi_errno_addr                    
2000f0f9  __aeabi_i2d                           
20009f4b  __aeabi_idiv0                         
20009f4b  __aeabi_ldiv0                         
2000dc59  __aeabi_memclr                        
2000dc59  __aeabi_memclr4                       
2000dc59  __aeabi_memclr8                       
2000cce5  __aeabi_memcpy                        
2000cce5  __aeabi_memcpy4                       
2000cce5  __aeabi_memcpy8                       
2000dc5b  __aeabi_memset                        
2000dc5b  __aeabi_memset4                       
2000dc5b  __aeabi_memset8                       
2000d115  __aeabi_uldivmod                      
ffffffff  __binit__                             
ffffffff  __c_args__                            
UNDEFED   __mpu_init                            
2002f000  __stack                               
2000f3d9  _c_int00_noargs                       
2000fff3  _ctypes_                              
2001f38c  _lock                                 
20008817  _nop                                  
2000e0bd  _sl_HandleAsync_Accept                
2000dad9  _sl_HandleAsync_Connect               
2000d241  _sl_HandleAsync_DnsGetHostByName      
2000c479  _sl_HandleAsync_DnsGetHostByService   
2000d595  _sl_HandleAsync_InitComplete          
2000d2d1  _sl_HandleAsync_PingResponse          
2000e579  _sl_HandleAsync_Select                
2000e675  _sl_HandleAsync_Stop                  
2000df85  _sl_NetAppSendTokenValue              
20017000  _sys_memory                           
UNDEFED   _system_post_cinit                    
2000faef  _system_pre_init                      
2001f390  _unlock                               
2000faf3  abort                                 
2000b3b9  aligned_alloc                         
2000e7f5  atoi                                  
ffffffff  binit                                 
20005e7f  clearWater                            
200050ad  convertHexToDec                       
2000fab9  copysign                              
2000fab9  copysignl                             
2001f324  cursor_x                              
2001f328  cursor_y                              
2000719b  drawChar                              
2000693d  drawCircle                            
20006a71  drawCircleHelper                      
20008721  drawFastHLine                         
20008681  drawFastVLine                         
20006cb7  drawLine                              
200087bd  drawPixel                             
20006da3  drawRect                              
20006df1  drawRoundRect                         
20006f59  drawTriangle                          
2001f39c  errno                                 
20006b8f  fillCircle                            
20006bc9  fillCircleHelper                      
200085cb  fillRect                              
20006edf  fillRoundRect                         
200085b5  fillScreen                            
20006f9b  fillTriangle                          
20005e0d  fillWater                             
2000bf65  free                                  
2000e36d  frexp                                 
2000e36d  frexpl                                
2001f34c  g_Host                                
2001f364  g_SlDeviceStatus                      
2001f380  g_SpiFd                               
2001f2e8  g__SlNonOsCB                          
2001f2e3  g_bDeviceRestartIsRequired            
2001f2e4  g_cDummy                              
2001f368  g_pCB                                 
2001f384  g_pHostIntHdl                         
20004000  g_pfnVectors                          
2001f280  g_time                                
2001f2d0  g_ucConnectionBSSID                   
2001f2ac  g_ucConnectionSSID                    
2001f388  g_ucDMAEnabled                        
2001f230  g_ucDinDout                           
2001f2e5  g_ucLED1Pin                           
2001f2e6  g_ucLED2Pin                           
2001f2e7  g_ucLED3Pin                           
2001f374  g_uiLED1Port                          
2001f378  g_uiLED2Port                          
2001f37c  g_uiLED3Port                          
2001f348  g_ulGatewayIP                         
2001f344  g_ulPingPacketsRecv                   
2001f340  g_ulStatus                            
2000852f  goTo                                  
2000739b  height                                
200087fb  invert                                
2000c2d9  ldexp                                 
2000c2d9  ldexpl                                
2000e5cd  ltoa                                  
200060b9  main                                  
2000fae1  malloc                                
2000b3b9  memalign                              
2000f6e9  memccpy                               
2000cce5  memcpy                                
2000f3fd  memmove                               
2000dc61  memset                                
2001f36c  pPingCallBackFunc                     
20005d29  printErrConvenience                   
2000be7d  realloc                               
2000c2d9  scalbn                                
2000c2d9  scalbnl                               
20007333  setCursor                             
2000736b  setTextColor                          
2000734b  setTextSize                           
20007383  setTextWrap                           
2000ee3d  simplelink_timerA2_start              
2000e24d  sl_Close                              
2000a42d  sl_Connect                            
2000c545  sl_DevGet                             
2000ce1d  sl_DevSet                             
2000eb45  sl_Htonl                              
2000ee79  sl_Htons                              
2000ac7d  sl_NetAppDnsGetHostByName             
2000c049  sl_NetAppMDNSRegisterUnregisterService
2000e121  sl_NetAppMDNSUnRegisterService        
2000ceb5  sl_NetCfgSet                          
2000f347  sl_Provisioning_HttpServerEventHdl    
2000f355  sl_Provisioning_NetAppEventHdl        
2000f361  sl_Provisioning_WlanEventHdl          
2000cc45  sl_Recv                               
2000b035  sl_Send                               
2000cf4d  sl_SetSockOpt                         
2000d621  sl_Socket                             
2000b8ed  sl_Start                              
2000b9dd  sl_Stop                               
20008e65  sl_WlanConnect                        
2000ef29  sl_WlanDisconnect                     
2000d361  sl_WlanPolicySet                      
2000e2ad  sl_WlanProfileDel                     
2000d9d1  sl_WlanRxFilterSet                    
2000cfe5  sl_WlanSet                            
2000e30d  sl_WlanSetMode                        
2000dcd5  spi_Close                             
2000a9f1  spi_Open                              
2000bacd  spi_Read                              
2000d07d  spi_Write                             
2000ec89  sprintf                               
2000f995  strchr                                
2000f8f9  strcmp                                
2000f9e9  strcpy                                
2000f421  strcspn                               
2000f9fd  strlen                                
2000f22d  strspn                                
2000f035  strstr                                
2000ecc9  strtok                                
2000b4d1  strtoul                               
2001f334  textbgcolor                           
2001f330  textcolor                             
2001f32c  textsize                              
2000e841  uDMAChannelAssign                     
2000e185  uDMAChannelAttributeDisable           
2000e1e9  uDMAChannelAttributeEnable            
2000eeb5  uDMAChannelControlSet                 
2000f705  uDMAChannelEnable                     
2000bbbd  uDMAChannelTransferSet                
2000ed09  vsnprintf                             
2000fa47  wcslen                                
20007397  width                                 
2001f338  wrap                                  
2000839d  writeCommand                          
200083cd  writeData                             


GLOBAL SYMBOLS: SORTED BY Symbol Address 

address   name                                  
-------   ----                                  
00001000  __STACK_SIZE                          
00008000  __SYSMEM_SIZE                         
20004000  g_pfnVectors                          
20004541  MasterMain                            
200045d1  DisplayPrompt                         
2000486d  DisplayUsage                          
20004cb9  DisplayBuffer                         
20004d05  ProcessReadCommand                    
20004d91  ProcessReadRegCommand                 
20004e45  ProcessWriteRegCommand                
20004f39  ProcessWriteCommand                   
20005033  ParseNProcessCmd                      
200050ad  convertHexToDec                       
200050e1  SimpleLinkWlanEventHandler            
20005211  SimpleLinkNetAppEventHandler          
200052d9  SimpleLinkHttpServerCallback          
200052e9  SimpleLinkGeneralEventHandler         
20005345  SimpleLinkSockEventHandler            
20005d29  printErrConvenience                   
20005e0d  fillWater                             
20005e7f  clearWater                            
200060b9  main                                  
2000693d  drawCircle                            
20006a71  drawCircleHelper                      
20006b8f  fillCircle                            
20006bc9  fillCircleHelper                      
20006cb7  drawLine                              
20006da3  drawRect                              
20006df1  drawRoundRect                         
20006edf  fillRoundRect                         
20006f59  drawTriangle                          
20006f9b  fillTriangle                          
2000719b  drawChar                              
200072e7  Outstr                                
20007333  setCursor                             
2000734b  setTextSize                           
2000736b  setTextColor                          
20007383  setTextWrap                           
20007397  width                                 
2000739b  height                                
200073bd  __TI_printfi                          
2000839d  writeCommand                          
200083cd  writeData                             
200083fd  Adafruit_Init                         
2000852f  goTo                                  
20008573  Color565                              
200085b5  fillScreen                            
200085cb  fillRect                              
20008681  drawFastVLine                         
20008721  drawFastHLine                         
200087bd  drawPixel                             
200087fb  invert                                
20008817  _nop                                  
20008855  GPIO_IF_LedConfigure                  
20008893  GPIO_IF_LedOn                         
20008947  GPIO_IF_LedOff                        
200089fb  GPIO_IF_LedStatus                     
20008a65  GPIO_IF_LedToggle                     
20008a93  GPIO_IF_GetPortNPin                   
20008ad9  GPIO_IF_ConfigureNIntEnable           
20008b21  GPIO_IF_Set                           
20008b65  GPIO_IF_Get                           
20008c37  I2C_IF_Write                          
20008ce7  I2C_IF_Read                           
20008da3  I2C_IF_ReadFrom                       
20008de9  I2C_IF_Open                           
20008e4f  I2C_IF_Close                          
20008e65  sl_WlanConnect                        
200090e5  InitTerm                              
20009103  Message                               
20009125  ClearTerm                             
2000912f  Error                                 
20009167  GetCmd                                
2000920d  TrimSpace                             
200092a5  Report                                
20009815  _SlDrvDataReadOp                      
200099f9  _SlDrvReleasePoolObj                  
20009d95  __aeabi_dsub                          
20009d9f  __aeabi_dadd                          
20009f4b  __aeabi_idiv0                         
20009f4b  __aeabi_ldiv0                         
20009f4d  _SlDrvDriverCBInit                    
2000a29d  _SlDrvWaitForPoolObj                  
2000a42d  sl_Connect                            
2000a5b9  PRCMCC3200MCUInit                     
2000a8a1  _SlDrvDataWriteOp                     
2000a9f1  spi_Open                              
2000ac7d  sl_NetAppDnsGetHostByName             
2000aefd  __aeabi_ddiv                          
2000b035  sl_Send                               
2000b169  _SlDrvDriverCBDeinit                  
2000b3b9  aligned_alloc                         
2000b3b9  memalign                              
2000b4d1  strtoul                               
2000b5e1  PinMuxConfig                          
2000b6ed  _SlDrvNetAppEventHandler              
2000b7f1  __aeabi_dmul                          
2000b8ed  sl_Start                              
2000b9dd  sl_Stop                               
2000bacd  spi_Read                              
2000bbbd  uDMAChannelTransferSet                
2000bd95  _SlDrvMsgReadSpawnCtx                 
2000be7d  realloc                               
2000bf65  free                                  
2000c049  sl_NetAppMDNSRegisterUnregisterService
2000c2d9  ldexp                                 
2000c2d9  ldexpl                                
2000c2d9  scalbn                                
2000c2d9  scalbnl                               
2000c479  _sl_HandleAsync_DnsGetHostByService   
2000c545  sl_DevGet                             
2000c6d5  _SlDrvCmdOp                           
2000c901  _SlNonOsSemGet                        
2000c9b1  IntDisable                            
2000ca59  IntEnable                             
2000cb01  _SlDriverHandleError                  
2000cba5  SPIConfigSetExpClk                    
2000cc45  sl_Recv                               
2000cce5  __aeabi_memcpy                        
2000cce5  __aeabi_memcpy4                       
2000cce5  __aeabi_memcpy8                       
2000cce5  memcpy                                
2000cd81  _SlDrvDeviceEventHandler              
2000ce1d  sl_DevSet                             
2000ceb5  sl_NetCfgSet                          
2000cf4d  sl_SetSockOpt                         
2000cfe5  sl_WlanSet                            
2000d07d  spi_Write                             
2000d115  __aeabi_uldivmod                      
2000d1ad  PRCMPeripheralClockGet                
2000d241  _sl_HandleAsync_DnsGetHostByName      
2000d2d1  _sl_HandleAsync_PingResponse          
2000d361  sl_WlanPolicySet                      
2000d509  _SlDrvIsTimeoutExpired                
2000d595  _sl_HandleAsync_InitComplete          
2000d621  sl_Socket                             
2000d6ad  PinConfigSet                          
2000d735  SPITransfer                           
2000d7bd  __aeabi_cdcmpeq                       
2000d7bd  __aeabi_cdcmple                       
2000d843  __aeabi_cdrcmple                      
2000d8c9  I2CMasterInitExpClk                   
2000d94d  NwpPowerOnPreamble                    
2000d9d1  sl_WlanRxFilterSet                    
2000da55  GPIOIntTypeSet                        
2000dad9  _sl_HandleAsync_Connect               
2000dc59  __aeabi_memclr                        
2000dc59  __aeabi_memclr4                       
2000dc59  __aeabi_memclr8                       
2000dc5b  __aeabi_memset                        
2000dc5b  __aeabi_memset4                       
2000dc5b  __aeabi_memset8                       
2000dc61  memset                                
2000dcd5  spi_Close                             
2000dd4d  UARTConfigSetExpClk                   
2000ddc5  _SlNonOsMainLoopTask                  
2000df19  _SlDrvCmdSend                         
2000df85  _sl_NetAppSendTokenValue              
2000dff1  __TI_decompress_lzss                  
2000e059  _SlNonOsSpawn                         
2000e0bd  _sl_HandleAsync_Accept                
2000e121  sl_NetAppMDNSUnRegisterService        
2000e185  uDMAChannelAttributeDisable           
2000e1e9  uDMAChannelAttributeEnable            
2000e24d  sl_Close                              
2000e2ad  sl_WlanProfileDel                     
2000e30d  sl_WlanSetMode                        
2000e36d  frexp                                 
2000e36d  frexpl                                
2000e3c9  IntPendClear                          
2000e421  PRCMPeripheralReset                   
2000e4d1  IntPrioritySet                        
2000e525  _SlDrvRxIrqHandler                    
2000e579  _sl_HandleAsync_Select                
2000e5cd  ltoa                                  
2000e675  _sl_HandleAsync_Stop                  
2000e6c5  SPIIntEnable                          
2000e75d  _SlDrvProtectAsyncRespSetting         
2000e7f5  atoi                                  
2000e841  uDMAChannelAssign                     
2000e8d5  SPIIntClear                           
2000e91d  _SlDrvBasicCmd                        
2000e965  __aeabi_d2iz                          
2000e9f1  TimerConfigure                        
2000ea35  _SlDrvHandleHttpServerEvents          
2000ea79  _SlDrvSyncObjWaitTimeout              
2000eabd  __TI_auto_init_nobinit_nopinit        
2000eb45  sl_Htonl                              
2000eb89  PinModeSet                            
2000ebc9  _SlDrvHandleNetAppEvents              
2000ec09  _SlDrvHandleWlanEvents                
2000ec89  sprintf                               
2000ecc9  strtok                                
2000ed09  vsnprintf                             
2000ed49  NwpRegisterInterruptHandler           
2000ee01  PRCMPeripheralClkEnable               
2000ee3d  simplelink_timerA2_start              
2000ee79  sl_Htons                              
2000eeb5  uDMAChannelControlSet                 
2000eef1  NwpPowerOff                           
2000ef29  sl_WlanDisconnect                     
2000ef61  GPIODirModeSet                        
2000ef99  NwpPowerOn                            
2000efcd  PRCMPeripheralStatusGet               
2000f001  SPIFIFOLevelSet                       
2000f035  strstr                                
2000f069  PinTypeGPIO                           
2000f099  UARTDisable                           
2000f0f9  __aeabi_i2d                           
2000f127  I2CMasterErr                          
2000f155  PRCMSysResetCauseGet                  
2000f1ad  _SlDrvProtectionObjLockWaitForever    
2000f1d9  TimerLoadSet                          
2000f203  TimerPrescaleSet                      
2000f22d  strspn                                
2000f259  PRCMPeripheralClkDisable              
2000f281  _SlDrvGlobalObjUnLock                 
2000f2a9  _SlDrvProtectionObjUnLock             
2000f2d1  _SlDrvSyncObjWaitForever              
2000f321  _SlDrvObjLockWaitForever              
2000f347  sl_Provisioning_HttpServerEventHdl    
2000f355  sl_Provisioning_NetAppEventHdl        
2000f361  sl_Provisioning_WlanEventHdl          
2000f36d  DmaSpiSwIntHandler                    
2000f391  IntUnregister                         
2000f3b5  UARTEnable                            
2000f3d9  _c_int00_noargs                       
2000f3fd  memmove                               
2000f421  strcspn                               
2000f445  I2CMasterSlaveAddrSet                 
2000f467  SPIReset                              
2000f489  SPIWordCountSet                       
2000f4ab  GPIOPinWrite                          
2000f4cd  IntRegister                           
2000f4ed  NwpPrePowerOffTimout0                 
2000f50d  SPIDataGet                            
2000f52d  TimerGetCurrentTimestamp              
2000f54d  _SlDrvObjUnLock                       
2000f56d  _SlDrvSyncObjSignal                   
2000f58d  GPIOIntRegister                       
2000f5ab  I2CMasterIntStatusEx                  
2000f5c9  SPIDataPut                            
2000f5e7  TimerEnable                           
2000f605  UARTCharPut                           
2000f641  PinTypeI2C                            
2000f65d  TimerValueGet                         
2000f679  UARTCharGetNonBlocking                
2000f695  _SlDrvStartMeasureTimeout             
2000f6b1  __TI_zero_init_nomemset               
2000f6e9  memccpy                               
2000f705  uDMAChannelEnable                     
2000f721  GPIOIntEnable                         
2000f73b  PinTypeSPI                            
2000f755  PinTypeUART                           
2000f76f  SPIDmaDisable                         
2000f789  SPIDmaEnable                          
2000f7a3  SPIFIFODisable                        
2000f7bd  SPIFIFOEnable                         
2000f7d7  SPIIntUnregister                      
2000f7f1  GPIOPinRead                           
2000f809  I2CMasterIntEnableEx                  
2000f821  SPICSDisable                          
2000f839  SPICSEnable                           
2000f851  SPIDisable                            
2000f869  SPIEnable                             
2000f881  UARTCharsAvail                        
2000f899  _SlNonOsSemSet                        
2000f8f9  strcmp                                
2000f911  I2CMasterDataPut                      
2000f927  I2CMasterEnable                       
2000f93d  PRCMHIBRegRead                        
2000f953  PRCMHIBRegWrite                       
2000f969  UARTCharGet                           
2000f97f  _SlDrvMemZero                         
2000f995  strchr                                
2000f9ab  CPUcpsie                              
2000f9bf  GPIOIntClear                          
2000f9d5  IntVTableBaseSet                      
2000f9e9  strcpy                                
2000f9fd  strlen                                
2000fa11  I2CMasterControl                      
2000fa23  I2CMasterIntClearEx                   
2000fa35  I2CMasterTimeoutSet                   
2000fa47  wcslen                                
2000fa59  _SlDrvDispatchHttpServerEvents        
2000fa69  I2CMasterDataGet                      
2000fa77  _SlDrvResetCmdExt                     
2000fa85  __TI_decompress_none                  
2000fa93  ResetISR                              
2000faa1  NwpMaskInterrupt                      
2000faad  NwpUnMaskInterrupt                    
2000fab9  copysign                              
2000fab9  copysignl                             
2000fac5  IntMasterEnable                       
2000fad9  __aeabi_errno_addr                    
2000fae1  malloc                                
2000fae9  UtilsDelay                            
2000faef  _system_pre_init                      
2000faf3  C$$EXIT                               
2000faf3  abort                                 
2000fff3  _ctypes_                              
20010370  OpcodeTranslateTable                  
200103ac  _SlActionLookupTable                  
200105c2  _SlNetAppSendTokenValueCmdCtrl        
20010608  __TI_static_base__                    
2001064c  __TI_Handler_Table_Base               
20010658  __TI_Handler_Table_Limit              
20010660  __TI_CINIT_Base                       
20010670  __TI_CINIT_Limit                      
20017000  _sys_memory                           
2001f230  g_ucDinDout                           
2001f280  g_time                                
2001f2ac  g_ucConnectionSSID                    
2001f2d0  g_ucConnectionBSSID                   
2001f2dc  GlobalX                               
2001f2e2  RxIrqCnt                              
2001f2e3  g_bDeviceRestartIsRequired            
2001f2e4  g_cDummy                              
2001f2e5  g_ucLED1Pin                           
2001f2e6  g_ucLED2Pin                           
2001f2e7  g_ucLED3Pin                           
2001f2e8  g__SlNonOsCB                          
2001f324  cursor_x                              
2001f328  cursor_y                              
2001f32c  textsize                              
2001f330  textcolor                             
2001f334  textbgcolor                           
2001f338  wrap                                  
2001f33c  GlobalTrigger                         
2001f340  g_ulStatus                            
2001f344  g_ulPingPacketsRecv                   
2001f348  g_ulGatewayIP                         
2001f34c  g_Host                                
2001f364  g_SlDeviceStatus                      
2001f368  g_pCB                                 
2001f36c  pPingCallBackFunc                     
2001f374  g_uiLED1Port                          
2001f378  g_uiLED2Port                          
2001f37c  g_uiLED3Port                          
2001f380  g_SpiFd                               
2001f384  g_pHostIntHdl                         
2001f388  g_ucDMAEnabled                        
2001f38c  _lock                                 
2001f390  _unlock                               
2001f39c  errno                                 
2002f000  __stack                               
20030000  __STACK_END                           
ffffffff  __TI_pprof_out_hndl                   
ffffffff  __TI_prof_data_size                   
ffffffff  __TI_prof_data_start                  
ffffffff  __binit__                             
ffffffff  __c_args__                            
ffffffff  binit                                 
UNDEFED   __mpu_init                            
UNDEFED   _system_post_cinit                    

[355 symbols]
