******************************************************************************
                  TI ARM Linker PC v18.12.4                    
******************************************************************************
>> Linked Tue Feb 16 01:10:55 2021

OUTPUT FILE NAME:   <ssl.out>
ENTRY POINT SYMBOL: "_c_int00_noargs"  address: 2000c949


MEMORY CONFIGURATION

         name            origin    length      used     unused   attr    fill
----------------------  --------  ---------  --------  --------  ----  --------
  SRAM_CODE             20004000   00013000  00009516  00009aea  RW X
  SRAM_DATA             20017000   00019000  000092ba  0000fd46  RW X


SEGMENT ALLOCATION MAP

run origin  load origin   length   init length attrs members
----------  ----------- ---------- ----------- ----- -------
20004000    20004000    00009518   00009518    r-x
  20004000    20004000    00000400   00000400    r-- .intvecs
  20004400    20004400    00008ad6   00008ad6    r-x .text
  2000ced8    2000ced8    000005e8   000005e8    r-- .const
  2000d4c0    2000d4c0    00000058   00000058    r-- .cinit
20017000    20017000    000082bc   00000000    rw-
  20017000    20017000    00008000   00000000    rw- .sysmem
  2001f000    2001f000    0000021a   00000000    rw- .bss
  2001f21c    2001f21c    000000a0   00000000    rw- .data
2002f000    2002f000    00001000   00000000    rw-
  2002f000    2002f000    00001000   00000000    rw- .stack


SECTION ALLOCATION MAP

 output                                  attributes/
section   page    origin      length       input sections
--------  ----  ----------  ----------   ----------------
.intvecs   0    20004000    00000400     
                  20004000    00000400     startup_ccs.obj (.intvecs)

.init_array 
*          0    20004000    00000000     UNINITIALIZED

.text      0    20004400    00008ad6     
                  20004400    00001250     main.obj (.text)
                  20005650    00000a4e     rtsv7M4_T_le_eabi.lib : _printfi.c.obj (.text:__TI_printfi)
                  2000609e    00000002     driverlib.a : interrupt.obj (.text:IntDefaultHandler)
                  200060a0    00000590     simplelink.a : driver.obj (.text:_SlDrvMsgRead)
                  20006630    00000398     gpio_if.obj (.text)
                  200069c8    00000280     simplelink.a : wlan.obj (.text:sl_WlanConnect)
                  20006c48    00000280     uart_if.obj (.text)
                  20006ec8    00000268     rtsv7M4_T_le_eabi.lib : _printfi.c.obj (.text:_pconv_a)
                  20007130    00000248     simplelink.a : driver.obj (.text:_SlDrvRxHdrRead)
                  20007378    000001e4                  : driver.obj (.text:_SlDrvDataReadOp)
                  2000755c    000001d0                  : driver.obj (.text:_SlDrvReleasePoolObj)
                  2000772c    000001cc     rtsv7M4_T_le_eabi.lib : _printfi.c.obj (.text:_pconv_g)
                  200078f8    000001b6                           : fd_add_t2.asm.obj (.text)
                  20007aae    00000002                           : _lock.c.obj (.text:_nop)
                  20007ab0    000001b4     simplelink.a : driver.obj (.text:_SlDrvDriverCBInit)
                  20007c64    0000019c                  : driver.obj (.text:_SlDrvMsgWrite)
                  20007e00    00000190                  : driver.obj (.text:_SlDrvWaitForPoolObj)
                  20007f90    0000018c                  : socket.obj (.text:sl_Connect)
                  2000811c    00000178     driverlib.a : prcm.obj (.text:PRCMCC3200MCUInit)
                  20008294    00000170     simplelink.a : driver.obj (.text:_SlFindAndSetActiveObj)
                  20008404    00000150                  : driver.obj (.text:_SlDrvDataWriteOp)
                  20008554    00000148                  : cc_pal.obj (.text:spi_Open)
                  2000869c    00000144                  : driver.obj (.text:_SlDrvMsgReadCmdCtx)
                  200087e0    00000144                  : netapp.obj (.text:sl_NetAppDnsGetHostByName)
                  20008924    0000013c     rtsv7M4_T_le_eabi.lib : _printfi.c.obj (.text:_pconv_e)
                  20008a60    00000136                           : fd_div_t2.asm.obj (.text)
                  20008b96    00000002                           : div0.asm.obj (.text)
                  20008b98    00000134     simplelink.a : socket.obj (.text:sl_Send)
                  20008ccc    00000130                  : driver.obj (.text:_SlDrvDriverCBDeinit)
                  20008dfc    00000120     rtsv7M4_T_le_eabi.lib : _printfi.c.obj (.text:fcvt)
                  20008f1c    00000118                           : memory.c.obj (.text:aligned_alloc)
                  20009034    00000104     simplelink.a : netapp.obj (.text:_SlDrvNetAppEventHandler)
                  20009138    000000fc     rtsv7M4_T_le_eabi.lib : fd_mul_t2.asm.obj (.text)
                  20009234    000000f0     simplelink.a : device.obj (.text:sl_Start)
                  20009324    000000f0                  : device.obj (.text:sl_Stop)
                  20009414    000000f0                  : cc_pal.obj (.text:spi_Read)
                  20009504    000000f0     driverlib.a : udma.obj (.text:uDMAChannelTransferSet)
                  200095f4    000000e8     simplelink.a : driver.obj (.text:_SlAsyncEventGenericHandler)
                  200096dc    000000e8                  : driver.obj (.text:_SlDrvMsgReadSpawnCtx)
                  200097c4    000000e8     rtsv7M4_T_le_eabi.lib : memory.c.obj (.text:realloc)
                  200098ac    000000e4                           : memory.c.obj (.text:free)
                  20009990    000000e4     simplelink.a : netapp.obj (.text:sl_NetAppMDNSRegisterUnregisterService)
                  20009a74    000000dc                  : driver.obj (.text:_SlDrvClassifyRxMsg)
                  20009b50    000000d0     rtsv7M4_T_le_eabi.lib : s_scalbn.c.obj (.text:scalbn)
                  20009c20    000000cc     simplelink.a : netapp.obj (.text:_sl_HandleAsync_DnsGetHostByService)
                  20009cec    000000cc                  : device.obj (.text:sl_DevGet)
                  20009db8    000000c4                  : driver.obj (.text:_SlRemoveFromList)
                  20009e7c    000000c0                  : driver.obj (.text:_SlDrvCmdOp)
                  20009f3c    000000b1     rtsv7M4_T_le_eabi.lib : _printfi.c.obj (.text:_ltostr)
                  20009fed    00000003     --HOLE-- [fill = 0]
                  20009ff0    000000b0     simplelink.a : nonos.obj (.text:_SlNonOsSemGet)
                  2000a0a0    000000a8     driverlib.a : interrupt.obj (.text:IntDisable)
                  2000a148    000000a8                 : interrupt.obj (.text:IntEnable)
                  2000a1f0    000000a4     simplelink.a : driver.obj (.text:_SlDriverHandleError)
                  2000a294    000000a0     driverlib.a : spi.obj (.text:SPIConfigSetExpClk)
                  2000a334    000000a0     simplelink.a : socket.obj (.text:sl_Recv)
                  2000a3d4    0000009c     rtsv7M4_T_le_eabi.lib : memcpy_t2.asm.obj (.text)
                  2000a470    0000009a     simplelink.a : device.obj (.text:_SlDrvDeviceEventHandler)
                  2000a50a    00000002     --HOLE-- [fill = 0]
                  2000a50c    00000098                  : device.obj (.text:sl_DevSet)
                  2000a5a4    00000098                  : netcfg.obj (.text:sl_NetCfgSet)
                  2000a63c    00000098                  : socket.obj (.text:sl_SetSockOpt)
                  2000a6d4    00000098                  : wlan.obj (.text:sl_WlanSet)
                  2000a76c    00000098                  : cc_pal.obj (.text:spi_Write)
                  2000a804    00000096     rtsv7M4_T_le_eabi.lib : ull_div_t2.asm.obj (.text)
                  2000a89a    00000002     --HOLE-- [fill = 0]
                  2000a89c    00000094     driverlib.a : prcm.obj (.text:PRCMPeripheralClockGet)
                  2000a930    00000090     simplelink.a : netapp.obj (.text:_sl_HandleAsync_DnsGetHostByName)
                  2000a9c0    00000090                  : netapp.obj (.text:_sl_HandleAsync_PingResponse)
                  2000aa50    00000090                  : wlan.obj (.text:sl_WlanPolicySet)
                  2000aae0    0000008c                  : cc_pal.obj (.text:SetupDMAReceive)
                  2000ab6c    0000008c                  : cc_pal.obj (.text:SetupDMASend)
                  2000abf8    0000008c                  : driver.obj (.text:_SlDrvIsTimeoutExpired)
                  2000ac84    0000008c                  : device.obj (.text:_sl_HandleAsync_InitComplete)
                  2000ad10    0000008c                  : socket.obj (.text:sl_Socket)
                  2000ad9c    00000088     driverlib.a : pin.obj (.text:PinConfigSet)
                  2000ae24    00000086     rtsv7M4_T_le_eabi.lib : fd_cmp_t2.asm.obj (.text:__aeabi_cdcmple)
                  2000aeaa    00000086                           : fd_cmp_t2.asm.obj (.text:__aeabi_cdrcmple)
                  2000af30    00000084     simplelink.a : cc_pal.obj (.text:NwpPowerOnPreamble)
                  2000afb4    00000084                  : wlan.obj (.text:sl_WlanRxFilterSet)
                  2000b038    00000082     driverlib.a : gpio.obj (.text:GPIOIntTypeSet)
                  2000b0ba    00000002     --HOLE-- [fill = 0]
                  2000b0bc    00000080     simplelink.a : socket.obj (.text:_sl_HandleAsync_Connect)
                  2000b13c    00000080                  : cc_pal.obj (.text:spi_Read_CPU)
                  2000b1bc    00000080                  : cc_pal.obj (.text:spi_Write_CPU)
                  2000b23c    0000007a     rtsv7M4_T_le_eabi.lib : memset_t2.asm.obj (.text)
                  2000b2b6    00000002     --HOLE-- [fill = 0]
                  2000b2b8    00000078     simplelink.a : cc_pal.obj (.text:spi_Close)
                  2000b330    00000076     driverlib.a : uart.obj (.text:UARTConfigSetExpClk)
                  2000b3a6    00000002     --HOLE-- [fill = 0]
                  2000b3a8    00000074     simplelink.a : nonos.obj (.text:_SlNonOsMainLoopTask)
                  2000b41c    00000070     rtsv7M4_T_le_eabi.lib : memory.c.obj (.text:split)
                  2000b48c    0000006e                           : _printfi.c.obj (.text:_mcpy)
                  2000b4fa    00000002     --HOLE-- [fill = 0]
                  2000b4fc    0000006c     simplelink.a : driver.obj (.text:_SlDrvCmdSend)
                  2000b568    0000006c                  : netapp.obj (.text:_sl_NetAppSendTokenValue)
                  2000b5d4    00000068     rtsv7M4_T_le_eabi.lib : copy_decompress_lzss.c.obj (.text:decompress:lzss:__TI_decompress_lzss)
                  2000b63c    00000064     simplelink.a : nonos.obj (.text:_SlNonOsSpawn)
                  2000b6a0    00000064                  : socket.obj (.text:_sl_HandleAsync_Accept)
                  2000b704    00000064                  : netapp.obj (.text:sl_NetAppMDNSUnRegisterService)
                  2000b768    00000064     driverlib.a : udma.obj (.text:uDMAChannelAttributeDisable)
                  2000b7cc    00000064                 : udma.obj (.text:uDMAChannelAttributeEnable)
                  2000b830    00000060     simplelink.a : socket.obj (.text:sl_Close)
                  2000b890    00000060                  : wlan.obj (.text:sl_WlanProfileDel)
                  2000b8f0    00000060                  : wlan.obj (.text:sl_WlanSetMode)
                  2000b950    0000005c     rtsv7M4_T_le_eabi.lib : s_frexp.c.obj (.text:frexp)
                  2000b9ac    00000058     driverlib.a : interrupt.obj (.text:IntPendClear)
                  2000ba04    00000058                 : prcm.obj (.text:PRCMPeripheralReset)
                  2000ba5c    00000058     pinmux.obj (.text)
                  2000bab4    00000056     rtsv7M4_T_le_eabi.lib : _printfi.c.obj (.text:_pconv_f)
                  2000bb0a    00000002     --HOLE-- [fill = 0]
                  2000bb0c    00000054     driverlib.a : interrupt.obj (.text:IntPrioritySet)
                  2000bb60    00000054     simplelink.a : driver.obj (.text:_SlDrvRxIrqHandler)
                  2000bbb4    00000054                  : socket.obj (.text:_sl_HandleAsync_Select)
                  2000bc08    00000054     rtsv7M4_T_le_eabi.lib : ltoa.c.obj (.text:ltoa)
                  2000bc5c    00000052                           : _printfi.c.obj (.text:_ecpy)
                  2000bcae    00000002     --HOLE-- [fill = 0]
                  2000bcb0    00000050     simplelink.a : device.obj (.text:_sl_HandleAsync_Stop)
                  2000bd00    0000004c     driverlib.a : spi.obj (.text:SPIIntEnable)
                  2000bd4c    0000004c                 : spi.obj (.text:SPIIntNumberGet)
                  2000bd98    0000004c     simplelink.a : driver.obj (.text:_SlDrvProtectAsyncRespSetting)
                  2000bde4    0000004c                  : socket.obj (.text:_sl_BuildAddress)
                  2000be30    0000004c     rtsv7M4_T_le_eabi.lib : atoi.c.obj (.text:atoi)
                  2000be7c    0000004c     driverlib.a : udma.obj (.text:uDMAChannelAssign)
                  2000bec8    00000048                 : gpio.obj (.text:GPIOGetIntNumber)
                  2000bf10    00000048                 : spi.obj (.text:SPIIntClear)
                  2000bf58    00000048     simplelink.a : driver.obj (.text:_SlDrvBasicCmd)
                  2000bfa0    00000048     rtsv7M4_T_le_eabi.lib : fd_toi_t2.asm.obj (.text)
                  2000bfe8    00000044     driverlib.a : spi.obj (.text:SPIDmaMaskGet)
                  2000c02c    00000044                 : timer.obj (.text:TimerConfigure)
                  2000c070    00000044     simplelink.a : driver.obj (.text:_SlDrvHandleHttpServerEvents)
                  2000c0b4    00000044                  : driver.obj (.text:_SlDrvSyncObjWaitTimeout)
                  2000c0f8    00000044     rtsv7M4_T_le_eabi.lib : autoinit.c.obj (.text:__TI_auto_init_nobinit_nopinit:__TI_auto_init_nobinit_nopinit)
                  2000c13c    00000044     simplelink.a : cc_pal.obj (.text:cc_SetupTransfer)
                  2000c180    00000042                  : socket.obj (.text:sl_Htonl)
                  2000c1c2    00000002     --HOLE-- [fill = 0]
                  2000c1c4    00000040     driverlib.a : pin.obj (.text:PinModeSet)
                  2000c204    00000040     simplelink.a : driver.obj (.text:_SlDrvHandleNetAppEvents)
                  2000c244    00000040                  : driver.obj (.text:_SlDrvHandleWlanEvents)
                  2000c284    00000040                  : socket.obj (.text:_sl_TruncatePayloadByProtocol)
                  2000c2c4    00000040     rtsv7M4_T_le_eabi.lib : sprintf.c.obj (.text:sprintf)
                  2000c304    00000040                           : vsnprintf.c.obj (.text:vsnprintf)
                  2000c344    0000003e     simplelink.a : cc_pal.obj (.text:NwpRegisterInterruptHandler)
                  2000c382    0000003e     rtsv7M4_T_le_eabi.lib : _printfi.c.obj (.text:_fcpy)
                  2000c3c0    0000003c     simplelink.a : netapp.obj (.text:CopyPingResultsToReport)
                  2000c3fc    0000003c     driverlib.a : prcm.obj (.text:PRCMPeripheralClkEnable)
                  2000c438    0000003c     simplelink.a : cc_pal.obj (.text:simplelink_timerA2_start)
                  2000c474    0000003c                  : socket.obj (.text:sl_Htons)
                  2000c4b0    0000003c     driverlib.a : udma.obj (.text:uDMAChannelControlSet)
                  2000c4ec    00000038     simplelink.a : cc_pal.obj (.text:NwpPowerOff)
                  2000c524    00000038                  : wlan.obj (.text:sl_WlanDisconnect)
                  2000c55c    00000036     driverlib.a : gpio.obj (.text:GPIODirModeSet)
                  2000c592    00000002     --HOLE-- [fill = 0]
                  2000c594    00000034     simplelink.a : cc_pal.obj (.text:NwpPowerOn)
                  2000c5c8    00000034     driverlib.a : prcm.obj (.text:PRCMPeripheralStatusGet)
                  2000c5fc    00000034                 : spi.obj (.text:SPIFIFOLevelSet)
                  2000c630    00000030                 : pin.obj (.text:PinTypeGPIO)
                  2000c660    00000030                 : uart.obj (.text:UARTDisable)
                  2000c690    00000030     rtsv7M4_T_le_eabi.lib : vsnprintf.c.obj (.text:_outs)
                  2000c6c0    0000002e                           : i_tofd_t2.asm.obj (.text)
                  2000c6ee    00000002     --HOLE-- [fill = 0]
                  2000c6f0    0000002c     driverlib.a : prcm.obj (.text:PRCMSysResetCauseGet)
                  2000c71c    0000002c     simplelink.a : driver.obj (.text:_SlDrvObjGlobalLockWaitForever)
                  2000c748    0000002c                  : driver.obj (.text:_SlDrvProtectionObjLockWaitForever)
                  2000c774    0000002a     driverlib.a : timer.obj (.text:TimerLoadSet)
                  2000c79e    0000002a                 : timer.obj (.text:TimerPrescaleSet)
                  2000c7c8    00000028                 : prcm.obj (.text:PRCMPeripheralClkDisable)
                  2000c7f0    00000028     simplelink.a : driver.obj (.text:_SlDrvGlobalObjUnLock)
                  2000c818    00000028                  : driver.obj (.text:_SlDrvProtectionObjUnLock)
                  2000c840    00000028                  : driver.obj (.text:_SlDrvSyncObjWaitForever)
                  2000c868    00000028     rtsv7M4_T_le_eabi.lib : memory.c.obj (.text:free_list_insert)
                  2000c890    00000026     simplelink.a : driver.obj (.text:_SlDrvObjLockWaitForever)
                  2000c8b6    00000026     network_common.obj (.text)
                  2000c8dc    00000024     simplelink.a : cc_pal.obj (.text:DmaSpiSwIntHandler)
                  2000c900    00000024     driverlib.a : interrupt.obj (.text:IntUnregister)
                  2000c924    00000024                 : uart.obj (.text:UARTEnable)
                  2000c948    00000024     rtsv7M4_T_le_eabi.lib : boot_cortex_m.c.obj (.text:_c_int00_noargs:_c_int00_noargs)
                  2000c96c    00000024                           : memmov.c.obj (.text:memmove)
                  2000c990    00000022     driverlib.a : spi.obj (.text:SPIReset)
                  2000c9b2    00000022                 : spi.obj (.text:SPIWordCountSet)
                  2000c9d4    00000020                 : gpio.obj (.text:GPIOPinWrite)
                  2000c9f4    00000020                 : interrupt.obj (.text:IntRegister)
                  2000ca14    00000020     simplelink.a : cc_pal.obj (.text:NwpPrePowerOffTimout0)
                  2000ca34    00000020                  : cc_pal.obj (.text:TimerGetCurrentTimestamp)
                  2000ca54    00000020                  : driver.obj (.text:_SlDrvObjUnLock)
                  2000ca74    00000020                  : driver.obj (.text:_SlDrvSyncObjSignal)
                  2000ca94    0000001e     driverlib.a : gpio.obj (.text:GPIOIntRegister)
                  2000cab2    0000001e                 : timer.obj (.text:TimerEnable)
                  2000cad0    0000001e                 : uart.obj (.text:UARTCharPut)
                  2000caee    0000001e     simplelink.a : cc_pal.obj (.text:cc_UDMAChannelSelect)
                  2000cb0c    0000001c     driverlib.a : timer.obj (.text:TimerValueGet)
                  2000cb28    0000001c                 : uart.obj (.text:UARTCharGetNonBlocking)
                  2000cb44    0000001c     simplelink.a : driver.obj (.text:_SlDrvStartMeasureTimeout)
                  2000cb60    0000001c     rtsv7M4_T_le_eabi.lib : copy_zero_init.c.obj (.text:decompress:ZI:__TI_zero_init_nomemset:__TI_zero_init_nomemset)
                  2000cb7c    0000001c                           : memory.c.obj (.text:free_list_remove)
                  2000cb98    0000001c                           : memccpy.c.obj (.text:memccpy)
                  2000cbb4    0000001c     driverlib.a : udma.obj (.text:uDMAChannelEnable)
                  2000cbd0    0000001a                 : gpio.obj (.text:GPIOIntEnable)
                  2000cbea    0000001a                 : pin.obj (.text:PinTypeUART)
                  2000cc04    0000001a                 : spi.obj (.text:SPIDmaDisable)
                  2000cc1e    0000001a                 : spi.obj (.text:SPIDmaEnable)
                  2000cc38    0000001a                 : spi.obj (.text:SPIFIFODisable)
                  2000cc52    0000001a                 : spi.obj (.text:SPIFIFOEnable)
                  2000cc6c    0000001a                 : spi.obj (.text:SPIIntUnregister)
                  2000cc86    00000018                 : gpio.obj (.text:GPIOPinRead)
                  2000cc9e    00000018                 : spi.obj (.text:SPICSDisable)
                  2000ccb6    00000018                 : spi.obj (.text:SPICSEnable)
                  2000ccce    00000018                 : spi.obj (.text:SPIDisable)
                  2000cce6    00000018                 : spi.obj (.text:SPIEnable)
                  2000ccfe    00000018                 : uart.obj (.text:UARTCharsAvail)
                  2000cd16    00000018     simplelink.a : nonos.obj (.text:_SlNonOsSemSet)
                  2000cd2e    00000018     rtsv7M4_T_le_eabi.lib : vsnprintf.c.obj (.text:_outc)
                  2000cd46    00000018                           : sprintf.c.obj (.text:_outs)
                  2000cd5e    00000002     --HOLE-- [fill = 0]
                  2000cd60    00000018     simplelink.a : device.obj (.text:_sl_GetStartResponseConvert)
                  2000cd78    00000016     driverlib.a : prcm.obj (.text:PRCMHIBRegRead)
                  2000cd8e    00000016                 : prcm.obj (.text:PRCMHIBRegWrite)
                  2000cda4    00000016     simplelink.a : driver.obj (.text:_SlDrvMemZero)
                  2000cdba    00000016     rtsv7M4_T_le_eabi.lib : strchr.c.obj (.text:strchr)
                  2000cdd0    00000014     driverlib.a : cpu.obj (.text:CPUcpsie)
                  2000cde4    00000014                 : gpio.obj (.text:GPIOIntClear)
                  2000cdf8    00000014                 : interrupt.obj (.text:IntVTableBaseSet)
                  2000ce0c    00000014     rtsv7M4_T_le_eabi.lib : strcpy.c.obj (.text:strcpy)
                  2000ce20    00000014                           : strlen.c.obj (.text:strlen)
                  2000ce34    00000012                           : wcslen.c.obj (.text:wcslen)
                  2000ce46    00000010     simplelink.a : driver.obj (.text:_SlDrvDispatchHttpServerEvents)
                  2000ce56    0000000e                  : driver.obj (.text:_SlDrvResetCmdExt)
                  2000ce64    0000000e     rtsv7M4_T_le_eabi.lib : copy_decompress_none.c.obj (.text:decompress:none:__TI_decompress_none)
                  2000ce72    0000000e     startup_ccs.obj (.text)
                  2000ce80    0000000c     simplelink.a : cc_pal.obj (.text:NwpMaskInterrupt)
                  2000ce8c    0000000c                  : cc_pal.obj (.text:NwpUnMaskInterrupt)
                  2000ce98    0000000c     rtsv7M4_T_le_eabi.lib : s_copysign.c.obj (.text:copysign)
                  2000cea4    0000000a     driverlib.a : interrupt.obj (.text:IntMasterEnable)
                  2000ceae    0000000a     rtsv7M4_T_le_eabi.lib : sprintf.c.obj (.text:_outc)
                  2000ceb8    00000008                           : errno.c.obj (.text:__aeabi_errno_addr)
                  2000cec0    00000008                           : memory.c.obj (.text:malloc)
                  2000cec8    00000006     driverlib.a : utils.obj (.text:UtilsDelay)
                  2000cece    00000004     rtsv7M4_T_le_eabi.lib : pre_init.c.obj (.text:_system_pre_init)
                  2000ced2    00000004                           : exit.c.obj (.text:abort:abort)

.const     0    2000ced8    000005e8     
                  2000ced8    00000101     rtsv7M4_T_le_eabi.lib : ctype.c.obj (.const:.string:_ctypes_)
                  2000cfd9    00000003     --HOLE-- [fill = 0]
                  2000cfdc    00000100     driverlib.a : pin.obj (.const:g_ulPinToPadMap)
                  2000d0dc    000000d4                 : interrupt.obj (.const:g_pulRegs)
                  2000d1b0    000000a8                 : prcm.obj (.const:PRCM_PeriphRegsList)
                  2000d258    0000003c     simplelink.a : driver.obj (.const:OpcodeTranslateTable)
                  2000d294    00000038                  : driver.obj (.const:_SlActionLookupTable)
                  2000d2cc    0000002c     main.obj (.const:$P$T1$2)
                  2000d2f8    00000024     driverlib.a : spi.obj (.const:g_ppulSPIIntMap)
                  2000d31c    00000022     main.obj (.const:.string:$P$T0$1)
                  2000d33e    00000002     --HOLE-- [fill = 0]
                  2000d340    00000020     simplelink.a : driver.obj (.const:RxMsgClassLUT)
                  2000d360    00000018     driverlib.a : interrupt.obj (.const:g_pulDisRegs)
                  2000d378    00000018                 : interrupt.obj (.const:g_pulEnRegs)
                  2000d390    00000018                 : interrupt.obj (.const:g_pulUnpendRegs)
                  2000d3a8    00000018                 : spi.obj (.const:g_ulSPIDmaMaskMap)
                  2000d3c0    00000015     main.obj (.const:.string:$P$T6$7)
                  2000d3d5    00000003     --HOLE-- [fill = 0]
                  2000d3d8    00000014     simplelink.a : driver.obj (.const:$P$T0$1)
                  2000d3ec    00000014                  : nonos.obj (.const:$P$T0$1)
                  2000d400    00000014     main.obj (.const:$P$T2$3)
                  2000d414    00000010     simplelink.a : socket.obj (.const:.string:_SlPayloadByProtocolLUT)
                  2000d424    0000000c     main.obj (.const:$P$T4$5)
                  2000d430    0000000c     main.obj (.const:.string:$P$T3$4)
                  2000d43c    00000009     main.obj (.const:.string:$P$T5$6)
                  2000d445    00000008     simplelink.a : device.obj (.const:StartResponseLUT)
                  2000d44d    00000003     --HOLE-- [fill = 0]
                  2000d450    00000008                  : driver.obj (.const:g_H2NCnysPattern)
                  2000d458    00000008                  : driver.obj (.const:g_H2NSyncPattern)
                  2000d460    00000006     main.obj (.const:.string)
                  2000d466    00000005     main.obj (.const:.string:$P$T7$8)
                  2000d46b    00000001     --HOLE-- [fill = 0]
                  2000d46c    00000004     simplelink.a : wlan.obj (.const:$P$T0$1)
                  2000d470    00000004                  : socket.obj (.const:$P$T2$3)
                  2000d474    00000004                  : device.obj (.const:_SlDeviceGetCmdCtrl)
                  2000d478    00000004                  : device.obj (.const:_SlDeviceSetCmdCtrl)
                  2000d47c    00000004                  : netapp.obj (.const:_SlGetHostByNameCtrl)
                  2000d480    00000004                  : netapp.obj (.const:_SlNetAppSendTokenValueCmdCtrl)
                  2000d484    00000004                  : netcfg.obj (.const:_SlNetCfgSetCmdCtrl)
                  2000d488    00000004                  : wlan.obj (.const:_SlPolicySetCmdCtrl)
                  2000d48c    00000004                  : wlan.obj (.const:_SlProfileDelCmdCtrl)
                  2000d490    00000004                  : socket.obj (.const:_SlRecvCmdCtrl)
                  2000d494    00000004                  : netapp.obj (.const:_SlRegisterServiceCtrl)
                  2000d498    00000004                  : wlan.obj (.const:_SlRxFilterSetCmdCtrl)
                  2000d49c    00000004                  : socket.obj (.const:_SlSendCmdCtrl)
                  2000d4a0    00000004                  : socket.obj (.const:_SlSetSockOptCmdCtrl)
                  2000d4a4    00000004                  : socket.obj (.const:_SlSockCloseCmdCtrl)
                  2000d4a8    00000004                  : socket.obj (.const:_SlSockSocketCmdCtrl)
                  2000d4ac    00000004                  : device.obj (.const:_SlStopCmdCtrl)
                  2000d4b0    00000004                  : wlan.obj (.const:_SlWlanCfgSetCmdCtrl)
                  2000d4b4    00000004                  : wlan.obj (.const:_SlWlanSetModeCmdCtrl)
                  2000d4b8    00000004                  : driver.obj (.const:httpServer_callbacks)
                  2000d4bc    00000004                  : driver.obj (.const:netApp_callbacks)

.cinit     0    2000d4c0    00000058     
                  2000d4c0    00000033     (.cinit..data.load) [load image, compression = lzss]
                  2000d4f3    00000001     --HOLE-- [fill = 0]
                  2000d4f4    0000000c     (__TI_handler_table)
                  2000d500    00000008     (.cinit..bss.load) [load image, compression = zero_init]
                  2000d508    00000010     (__TI_cinit_table)

.sysmem    0    20017000    00008000     UNINITIALIZED
                  20017000    00000010     rtsv7M4_T_le_eabi.lib : memory.c.obj (.sysmem)
                  20017010    00007ff0     --HOLE--

.bss       0    2001f000    0000021a     UNINITIALIZED
                  2001f000    00000168     simplelink.a : driver.obj (.bss:g_StatMem)
                  2001f168    00000050     (.common:g_ucDinDout)
                  2001f1b8    0000002c     (.common:g_time)
                  2001f1e4    00000024     (.common:g_ucConnectionSSID)
                  2001f208    00000008     (.common:g_ucConnectionBSSID)
                  2001f210    00000004     uart_if.obj (.bss)
                  2001f214    00000001     (.common:RxIrqCnt)
                  2001f215    00000001     (.common:g_bDeviceRestartIsRequired)
                  2001f216    00000001     (.common:g_cDummy)
                  2001f217    00000001     (.common:g_ucLED1Pin)
                  2001f218    00000001     (.common:g_ucLED2Pin)
                  2001f219    00000001     (.common:g_ucLED3Pin)

.data      0    2001f21c    000000a0     UNINITIALIZED
                  2001f21c    0000003c     simplelink.a : nonos.obj (.data:g__SlNonOsCB)
                  2001f258    00000014     gpio_if.obj (.data:ulReg)
                  2001f26c    00000010     main.obj (.data)
                  2001f27c    0000000d     simplelink.a : driver.obj (.data)
                  2001f289    00000003     --HOLE--
                  2001f28c    0000000c     gpio_if.obj (.data)
                  2001f298    00000009     simplelink.a : cc_pal.obj (.data)
                  2001f2a1    00000003     --HOLE--
                  2001f2a4    00000008     rtsv7M4_T_le_eabi.lib : _lock.c.obj (.data:$O1$$)
                  2001f2ac    00000008                           : memory.c.obj (.data:$O1$$)
                  2001f2b4    00000004                           : errno.c.obj (.data)
                  2001f2b8    00000004     simplelink.a : driver.obj (.data:wlan_callbacks)

.stack     0    2002f000    00001000     UNINITIALIZED
                  2002f000    00000004     rtsv7M4_T_le_eabi.lib : boot_cortex_m.c.obj (.stack)
                  2002f004    00000ffc     --HOLE--

MODULE SUMMARY

       Module                       code    ro data   rw data
       ------                       ----    -------   -------
    .\
       main.obj                     4688    163       104    
       startup_ccs.obj              14      1024      0      
       gpio_if.obj                  920     0         35     
       uart_if.obj                  640     0         4      
       pinmux.obj                   88      0         0      
       network_common.obj           38      0         0      
    +--+----------------------------+-------+---------+---------+
       Total:                       6388    1187      143    
                                                             
    C:/ti/CC3200SDK_1.5.0/cc3200-sdk/driverlib/ccs/Release/driverlib.a
       prcm.obj                     852     168       0      
       interrupt.obj                608     284       0      
       spi.obj                      798     60        0      
       udma.obj                     604     0         0      
       pin.obj                      274     256       0      
       gpio.obj                     388     0         0      
       uart.obj                     284     0         0      
       timer.obj                    210     0         0      
       cpu.obj                      20      0         0      
       utils.obj                    6       0         0      
    +--+----------------------------+-------+---------+---------+
       Total:                       4044    768       0      
                                                             
    C:/ti/CC3200SDK_1.5.0/cc3200-sdk/simplelink/ccs/NON_OS_debug/simplelink.a
       driver.obj                   7906    192       379    
       cc_pal.obj                   1960    0         90     
       socket.obj                   1830    40        0      
       netapp.obj                   1572    12        0      
       wlan.obj                     1316    24        0      
       device.obj                   1234    20        0      
       nonos.obj                    416     20        60     
       netcfg.obj                   152     4         0      
    +--+----------------------------+-------+---------+---------+
       Total:                       16386   312       529    
                                                             
    C:\ti\ccs930\ccs\tools\compiler\ti-cgt-arm_18.12.4.LTS\lib\rtsv7M4_T_le_eabi.lib
       _printfi.c.obj               4835    0         0      
       memory.c.obj                 928     0         8      
       fd_add_t2.asm.obj            438     0         0      
       fd_div_t2.asm.obj            310     0         0      
       fd_cmp_t2.asm.obj            268     0         0      
       ctype.c.obj                  0       257       0      
       fd_mul_t2.asm.obj            252     0         0      
       s_scalbn.c.obj               208     0         0      
       memcpy_t2.asm.obj            156     0         0      
       ull_div_t2.asm.obj           150     0         0      
       vsnprintf.c.obj              136     0         0      
       memset_t2.asm.obj            122     0         0      
       copy_decompress_lzss.c.obj   104     0         0      
       sprintf.c.obj                98      0         0      
       s_frexp.c.obj                92      0         0      
       ltoa.c.obj                   84      0         0      
       atoi.c.obj                   76      0         0      
       fd_toi_t2.asm.obj            72      0         0      
       autoinit.c.obj               68      0         0      
       i_tofd_t2.asm.obj            46      0         0      
       boot_cortex_m.c.obj          36      0         0      
       memmov.c.obj                 36      0         0      
       copy_zero_init.c.obj         28      0         0      
       memccpy.c.obj                28      0         0      
       strchr.c.obj                 22      0         0      
       strcpy.c.obj                 20      0         0      
       strlen.c.obj                 20      0         0      
       wcslen.c.obj                 18      0         0      
       copy_decompress_none.c.obj   14      0         0      
       errno.c.obj                  8       0         4      
       s_copysign.c.obj             12      0         0      
       _lock.c.obj                  2       0         8      
       exit.c.obj                   4       0         0      
       pre_init.c.obj               4       0         0      
       div0.asm.obj                 2       0         0      
    +--+----------------------------+-------+---------+---------+
       Total:                       8697    257       20     
                                                             
       Heap:                        0       0         32768  
       Stack:                       0       0         4096   
       Linker Generated:            0       87        0      
    +--+----------------------------+-------+---------+---------+
       Grand Total:                 35515   2611      37556  


LINKER GENERATED COPY TABLES

__TI_cinit_table @ 2000d508 records: 2, size/record: 8, table size: 16
	.data: load addr=2000d4c0, load size=00000033 bytes, run addr=2001f21c, run size=000000a0 bytes, compression=lzss
	.bss: load addr=2000d500, load size=00000008 bytes, run addr=2001f000, run size=0000021a bytes, compression=zero_init


LINKER GENERATED HANDLER TABLE

__TI_handler_table @ 2000d4f4 records: 3, size/record: 4, table size: 12
	index: 0, handler: __TI_decompress_lzss
	index: 1, handler: __TI_decompress_none
	index: 2, handler: __TI_zero_init


GLOBAL SYMBOLS: SORTED ALPHABETICALLY BY Name 

address   name                                  
-------   ----                                  
2000ced3  C$$EXIT                               
2000cdd1  CPUcpsie                              
20006c89  ClearTerm                             
2000c8dd  DmaSpiSwIntHandler                    
20006c93  Error                                 
2000c55d  GPIODirModeSet                        
2000cde5  GPIOIntClear                          
2000cbd1  GPIOIntEnable                         
2000ca95  GPIOIntRegister                       
2000b039  GPIOIntTypeSet                        
2000cc87  GPIOPinRead                           
2000c9d5  GPIOPinWrite                          
200068f1  GPIO_IF_ConfigureNIntEnable           
2000697d  GPIO_IF_Get                           
200068ab  GPIO_IF_GetPortNPin                   
2000666d  GPIO_IF_LedConfigure                  
2000675f  GPIO_IF_LedOff                        
200066ab  GPIO_IF_LedOn                         
20006813  GPIO_IF_LedStatus                     
2000687d  GPIO_IF_LedToggle                     
20006939  GPIO_IF_Set                           
20006ccb  GetCmd                                
20006c49  InitTerm                              
2000a0a1  IntDisable                            
2000a149  IntEnable                             
2000cea5  IntMasterEnable                       
2000b9ad  IntPendClear                          
2000bb0d  IntPrioritySet                        
2000c9f5  IntRegister                           
2000c901  IntUnregister                         
2000cdf9  IntVTableBaseSet                      
20006c67  Message                               
2000ce81  NwpMaskInterrupt                      
2000c4ed  NwpPowerOff                           
2000c595  NwpPowerOn                            
2000af31  NwpPowerOnPreamble                    
2000ca15  NwpPrePowerOffTimout0                 
2000c345  NwpRegisterInterruptHandler           
2000ce8d  NwpUnMaskInterrupt                    
2000d258  OpcodeTranslateTable                  
2000811d  PRCMCC3200MCUInit                     
2000cd79  PRCMHIBRegRead                        
2000cd8f  PRCMHIBRegWrite                       
2000c7c9  PRCMPeripheralClkDisable              
2000c3fd  PRCMPeripheralClkEnable               
2000a89d  PRCMPeripheralClockGet                
2000ba05  PRCMPeripheralReset                   
2000c5c9  PRCMPeripheralStatusGet               
2000c6f1  PRCMSysResetCauseGet                  
2000ad9d  PinConfigSet                          
2000c1c5  PinModeSet                            
2000ba5d  PinMuxConfig                          
2000c631  PinTypeGPIO                           
2000cbeb  PinTypeUART                           
20006e09  Report                                
2000ce73  ResetISR                              
2001f214  RxIrqCnt                              
2000cc9f  SPICSDisable                          
2000ccb7  SPICSEnable                           
2000a295  SPIConfigSetExpClk                    
2000cccf  SPIDisable                            
2000cc05  SPIDmaDisable                         
2000cc1f  SPIDmaEnable                          
2000cce7  SPIEnable                             
2000cc39  SPIFIFODisable                        
2000cc53  SPIFIFOEnable                         
2000c5fd  SPIFIFOLevelSet                       
2000bf11  SPIIntClear                           
2000bd01  SPIIntEnable                          
2000cc6d  SPIIntUnregister                      
2000c991  SPIReset                              
2000c9b3  SPIWordCountSet                       
200045d5  SimpleLinkGeneralEventHandler         
200045b1  SimpleLinkHttpServerCallback          
2000450f  SimpleLinkNetAppEventHandler          
200045f5  SimpleLinkSockEventHandler            
20004401  SimpleLinkWlanEventHandler            
2000c02d  TimerConfigure                        
2000cab3  TimerEnable                           
2000ca35  TimerGetCurrentTimestamp              
2000c775  TimerLoadSet                          
2000c79f  TimerPrescaleSet                      
2000cb0d  TimerValueGet                         
20006d71  TrimSpace                             
2000cb29  UARTCharGetNonBlocking                
2000cad1  UARTCharPut                           
2000ccff  UARTCharsAvail                        
2000b331  UARTConfigSetExpClk                   
2000c661  UARTDisable                           
2000c925  UARTEnable                            
2000cec9  UtilsDelay                            
2000d294  _SlActionLookupTable                  
2000a1f1  _SlDriverHandleError                  
2000bf59  _SlDrvBasicCmd                        
20009e7d  _SlDrvCmdOp                           
2000b4fd  _SlDrvCmdSend                         
20007379  _SlDrvDataReadOp                      
20008405  _SlDrvDataWriteOp                     
2000a471  _SlDrvDeviceEventHandler              
2000ce47  _SlDrvDispatchHttpServerEvents        
20008ccd  _SlDrvDriverCBDeinit                  
20007ab1  _SlDrvDriverCBInit                    
2000c7f1  _SlDrvGlobalObjUnLock                 
2000c071  _SlDrvHandleHttpServerEvents          
2000c205  _SlDrvHandleNetAppEvents              
2000c245  _SlDrvHandleWlanEvents                
2000abf9  _SlDrvIsTimeoutExpired                
2000cda5  _SlDrvMemZero                         
200096dd  _SlDrvMsgReadSpawnCtx                 
20009035  _SlDrvNetAppEventHandler              
2000c891  _SlDrvObjLockWaitForever              
2000ca55  _SlDrvObjUnLock                       
2000bd99  _SlDrvProtectAsyncRespSetting         
2000c749  _SlDrvProtectionObjLockWaitForever    
2000c819  _SlDrvProtectionObjUnLock             
2000755d  _SlDrvReleasePoolObj                  
2000ce57  _SlDrvResetCmdExt                     
2000bb61  _SlDrvRxIrqHandler                    
2000cb45  _SlDrvStartMeasureTimeout             
2000ca75  _SlDrvSyncObjSignal                   
2000c841  _SlDrvSyncObjWaitForever              
2000c0b5  _SlDrvSyncObjWaitTimeout              
20007e01  _SlDrvWaitForPoolObj                  
2000d480  _SlNetAppSendTokenValueCmdCtrl        
2000b3a9  _SlNonOsMainLoopTask                  
20009ff1  _SlNonOsSemGet                        
2000cd17  _SlNonOsSemSet                        
2000b63d  _SlNonOsSpawn                         
20030000  __STACK_END                           
00001000  __STACK_SIZE                          
00008000  __SYSMEM_SIZE                         
2000d508  __TI_CINIT_Base                       
2000d518  __TI_CINIT_Limit                      
2000d4f4  __TI_Handler_Table_Base               
2000d500  __TI_Handler_Table_Limit              
2000c0f9  __TI_auto_init_nobinit_nopinit        
2000b5d5  __TI_decompress_lzss                  
2000ce65  __TI_decompress_none                  
ffffffff  __TI_pprof_out_hndl                   
20005651  __TI_printfi                          
ffffffff  __TI_prof_data_size                   
ffffffff  __TI_prof_data_start                  
2000d4c0  __TI_static_base__                    
2000cb61  __TI_zero_init_nomemset               
2000ae25  __aeabi_cdcmpeq                       
2000ae25  __aeabi_cdcmple                       
2000aeab  __aeabi_cdrcmple                      
2000bfa1  __aeabi_d2iz                          
20007903  __aeabi_dadd                          
20008a61  __aeabi_ddiv                          
20009139  __aeabi_dmul                          
200078f9  __aeabi_dsub                          
2000ceb9  __aeabi_errno_addr                    
2000c6c1  __aeabi_i2d                           
20008b97  __aeabi_idiv0                         
20008b97  __aeabi_ldiv0                         
2000b23d  __aeabi_memclr                        
2000b23d  __aeabi_memclr4                       
2000b23d  __aeabi_memclr8                       
2000a3d5  __aeabi_memcpy                        
2000a3d5  __aeabi_memcpy4                       
2000a3d5  __aeabi_memcpy8                       
2000b23f  __aeabi_memset                        
2000b23f  __aeabi_memset4                       
2000b23f  __aeabi_memset8                       
2000a805  __aeabi_uldivmod                      
ffffffff  __binit__                             
ffffffff  __c_args__                            
UNDEFED   __mpu_init                            
2002f000  __stack                               
2000c949  _c_int00_noargs                       
2000ced8  _ctypes_                              
2001f2a4  _lock                                 
20007aaf  _nop                                  
2000b6a1  _sl_HandleAsync_Accept                
2000b0bd  _sl_HandleAsync_Connect               
2000a931  _sl_HandleAsync_DnsGetHostByName      
20009c21  _sl_HandleAsync_DnsGetHostByService   
2000ac85  _sl_HandleAsync_InitComplete          
2000a9c1  _sl_HandleAsync_PingResponse          
2000bbb5  _sl_HandleAsync_Select                
2000bcb1  _sl_HandleAsync_Stop                  
2000b569  _sl_NetAppSendTokenValue              
20017000  _sys_memory                           
UNDEFED   _system_post_cinit                    
2000cecf  _system_pre_init                      
2001f2a8  _unlock                               
2000ced3  abort                                 
20008f1d  aligned_alloc                         
2000be31  atoi                                  
ffffffff  binit                                 
2000ce99  copysign                              
2000ce99  copysignl                             
2001f2b4  errno                                 
200098ad  free                                  
2000b951  frexp                                 
2000b951  frexpl                                
2001f278  g_Host                                
2001f27c  g_SlDeviceStatus                      
2001f298  g_SpiFd                               
2001f21c  g__SlNonOsCB                          
2001f215  g_bDeviceRestartIsRequired            
2001f216  g_cDummy                              
2001f280  g_pCB                                 
2001f29c  g_pHostIntHdl                         
20004000  g_pfnVectors                          
2001f1b8  g_time                                
2001f208  g_ucConnectionBSSID                   
2001f1e4  g_ucConnectionSSID                    
2001f2a0  g_ucDMAEnabled                        
2001f168  g_ucDinDout                           
2001f217  g_ucLED1Pin                           
2001f218  g_ucLED2Pin                           
2001f219  g_ucLED3Pin                           
2001f28c  g_uiLED1Port                          
2001f290  g_uiLED2Port                          
2001f294  g_uiLED3Port                          
2001f274  g_ulGatewayIP                         
2001f270  g_ulPingPacketsRecv                   
2001f26c  g_ulStatus                            
20009b51  ldexp                                 
20009b51  ldexpl                                
2000bc09  ltoa                                  
20005091  main                                  
2000cec1  malloc                                
20008f1d  memalign                              
2000cb99  memccpy                               
2000a3d5  memcpy                                
2000c96d  memmove                               
2000b245  memset                                
2001f284  pPingCallBackFunc                     
20004fb1  printErrConvenience                   
200097c5  realloc                               
20009b51  scalbn                                
20009b51  scalbnl                               
2000c439  simplelink_timerA2_start              
2000b831  sl_Close                              
20007f91  sl_Connect                            
20009ced  sl_DevGet                             
2000a50d  sl_DevSet                             
2000c181  sl_Htonl                              
2000c475  sl_Htons                              
200087e1  sl_NetAppDnsGetHostByName             
20009991  sl_NetAppMDNSRegisterUnregisterService
2000b705  sl_NetAppMDNSUnRegisterService        
2000a5a5  sl_NetCfgSet                          
2000c8b7  sl_Provisioning_HttpServerEventHdl    
2000c8c5  sl_Provisioning_NetAppEventHdl        
2000c8d1  sl_Provisioning_WlanEventHdl          
2000a335  sl_Recv                               
20008b99  sl_Send                               
2000a63d  sl_SetSockOpt                         
2000ad11  sl_Socket                             
20009235  sl_Start                              
20009325  sl_Stop                               
200069c9  sl_WlanConnect                        
2000c525  sl_WlanDisconnect                     
2000aa51  sl_WlanPolicySet                      
2000b891  sl_WlanProfileDel                     
2000afb5  sl_WlanRxFilterSet                    
2000a6d5  sl_WlanSet                            
2000b8f1  sl_WlanSetMode                        
2000b2b9  spi_Close                             
20008555  spi_Open                              
20009415  spi_Read                              
2000a76d  spi_Write                             
2000c2c5  sprintf                               
2000cdbb  strchr                                
2000ce0d  strcpy                                
2000ce21  strlen                                
2000be7d  uDMAChannelAssign                     
2000b769  uDMAChannelAttributeDisable           
2000b7cd  uDMAChannelAttributeEnable            
2000c4b1  uDMAChannelControlSet                 
2000cbb5  uDMAChannelEnable                     
20009505  uDMAChannelTransferSet                
2000c305  vsnprintf                             
2000ce35  wcslen                                


GLOBAL SYMBOLS: SORTED BY Symbol Address 

address   name                                  
-------   ----                                  
00001000  __STACK_SIZE                          
00008000  __SYSMEM_SIZE                         
20004000  g_pfnVectors                          
20004401  SimpleLinkWlanEventHandler            
2000450f  SimpleLinkNetAppEventHandler          
200045b1  SimpleLinkHttpServerCallback          
200045d5  SimpleLinkGeneralEventHandler         
200045f5  SimpleLinkSockEventHandler            
20004fb1  printErrConvenience                   
20005091  main                                  
20005651  __TI_printfi                          
2000666d  GPIO_IF_LedConfigure                  
200066ab  GPIO_IF_LedOn                         
2000675f  GPIO_IF_LedOff                        
20006813  GPIO_IF_LedStatus                     
2000687d  GPIO_IF_LedToggle                     
200068ab  GPIO_IF_GetPortNPin                   
200068f1  GPIO_IF_ConfigureNIntEnable           
20006939  GPIO_IF_Set                           
2000697d  GPIO_IF_Get                           
200069c9  sl_WlanConnect                        
20006c49  InitTerm                              
20006c67  Message                               
20006c89  ClearTerm                             
20006c93  Error                                 
20006ccb  GetCmd                                
20006d71  TrimSpace                             
20006e09  Report                                
20007379  _SlDrvDataReadOp                      
2000755d  _SlDrvReleasePoolObj                  
200078f9  __aeabi_dsub                          
20007903  __aeabi_dadd                          
20007aaf  _nop                                  
20007ab1  _SlDrvDriverCBInit                    
20007e01  _SlDrvWaitForPoolObj                  
20007f91  sl_Connect                            
2000811d  PRCMCC3200MCUInit                     
20008405  _SlDrvDataWriteOp                     
20008555  spi_Open                              
200087e1  sl_NetAppDnsGetHostByName             
20008a61  __aeabi_ddiv                          
20008b97  __aeabi_idiv0                         
20008b97  __aeabi_ldiv0                         
20008b99  sl_Send                               
20008ccd  _SlDrvDriverCBDeinit                  
20008f1d  aligned_alloc                         
20008f1d  memalign                              
20009035  _SlDrvNetAppEventHandler              
20009139  __aeabi_dmul                          
20009235  sl_Start                              
20009325  sl_Stop                               
20009415  spi_Read                              
20009505  uDMAChannelTransferSet                
200096dd  _SlDrvMsgReadSpawnCtx                 
200097c5  realloc                               
200098ad  free                                  
20009991  sl_NetAppMDNSRegisterUnregisterService
20009b51  ldexp                                 
20009b51  ldexpl                                
20009b51  scalbn                                
20009b51  scalbnl                               
20009c21  _sl_HandleAsync_DnsGetHostByService   
20009ced  sl_DevGet                             
20009e7d  _SlDrvCmdOp                           
20009ff1  _SlNonOsSemGet                        
2000a0a1  IntDisable                            
2000a149  IntEnable                             
2000a1f1  _SlDriverHandleError                  
2000a295  SPIConfigSetExpClk                    
2000a335  sl_Recv                               
2000a3d5  __aeabi_memcpy                        
2000a3d5  __aeabi_memcpy4                       
2000a3d5  __aeabi_memcpy8                       
2000a3d5  memcpy                                
2000a471  _SlDrvDeviceEventHandler              
2000a50d  sl_DevSet                             
2000a5a5  sl_NetCfgSet                          
2000a63d  sl_SetSockOpt                         
2000a6d5  sl_WlanSet                            
2000a76d  spi_Write                             
2000a805  __aeabi_uldivmod                      
2000a89d  PRCMPeripheralClockGet                
2000a931  _sl_HandleAsync_DnsGetHostByName      
2000a9c1  _sl_HandleAsync_PingResponse          
2000aa51  sl_WlanPolicySet                      
2000abf9  _SlDrvIsTimeoutExpired                
2000ac85  _sl_HandleAsync_InitComplete          
2000ad11  sl_Socket                             
2000ad9d  PinConfigSet                          
2000ae25  __aeabi_cdcmpeq                       
2000ae25  __aeabi_cdcmple                       
2000aeab  __aeabi_cdrcmple                      
2000af31  NwpPowerOnPreamble                    
2000afb5  sl_WlanRxFilterSet                    
2000b039  GPIOIntTypeSet                        
2000b0bd  _sl_HandleAsync_Connect               
2000b23d  __aeabi_memclr                        
2000b23d  __aeabi_memclr4                       
2000b23d  __aeabi_memclr8                       
2000b23f  __aeabi_memset                        
2000b23f  __aeabi_memset4                       
2000b23f  __aeabi_memset8                       
2000b245  memset                                
2000b2b9  spi_Close                             
2000b331  UARTConfigSetExpClk                   
2000b3a9  _SlNonOsMainLoopTask                  
2000b4fd  _SlDrvCmdSend                         
2000b569  _sl_NetAppSendTokenValue              
2000b5d5  __TI_decompress_lzss                  
2000b63d  _SlNonOsSpawn                         
2000b6a1  _sl_HandleAsync_Accept                
2000b705  sl_NetAppMDNSUnRegisterService        
2000b769  uDMAChannelAttributeDisable           
2000b7cd  uDMAChannelAttributeEnable            
2000b831  sl_Close                              
2000b891  sl_WlanProfileDel                     
2000b8f1  sl_WlanSetMode                        
2000b951  frexp                                 
2000b951  frexpl                                
2000b9ad  IntPendClear                          
2000ba05  PRCMPeripheralReset                   
2000ba5d  PinMuxConfig                          
2000bb0d  IntPrioritySet                        
2000bb61  _SlDrvRxIrqHandler                    
2000bbb5  _sl_HandleAsync_Select                
2000bc09  ltoa                                  
2000bcb1  _sl_HandleAsync_Stop                  
2000bd01  SPIIntEnable                          
2000bd99  _SlDrvProtectAsyncRespSetting         
2000be31  atoi                                  
2000be7d  uDMAChannelAssign                     
2000bf11  SPIIntClear                           
2000bf59  _SlDrvBasicCmd                        
2000bfa1  __aeabi_d2iz                          
2000c02d  TimerConfigure                        
2000c071  _SlDrvHandleHttpServerEvents          
2000c0b5  _SlDrvSyncObjWaitTimeout              
2000c0f9  __TI_auto_init_nobinit_nopinit        
2000c181  sl_Htonl                              
2000c1c5  PinModeSet                            
2000c205  _SlDrvHandleNetAppEvents              
2000c245  _SlDrvHandleWlanEvents                
2000c2c5  sprintf                               
2000c305  vsnprintf                             
2000c345  NwpRegisterInterruptHandler           
2000c3fd  PRCMPeripheralClkEnable               
2000c439  simplelink_timerA2_start              
2000c475  sl_Htons                              
2000c4b1  uDMAChannelControlSet                 
2000c4ed  NwpPowerOff                           
2000c525  sl_WlanDisconnect                     
2000c55d  GPIODirModeSet                        
2000c595  NwpPowerOn                            
2000c5c9  PRCMPeripheralStatusGet               
2000c5fd  SPIFIFOLevelSet                       
2000c631  PinTypeGPIO                           
2000c661  UARTDisable                           
2000c6c1  __aeabi_i2d                           
2000c6f1  PRCMSysResetCauseGet                  
2000c749  _SlDrvProtectionObjLockWaitForever    
2000c775  TimerLoadSet                          
2000c79f  TimerPrescaleSet                      
2000c7c9  PRCMPeripheralClkDisable              
2000c7f1  _SlDrvGlobalObjUnLock                 
2000c819  _SlDrvProtectionObjUnLock             
2000c841  _SlDrvSyncObjWaitForever              
2000c891  _SlDrvObjLockWaitForever              
2000c8b7  sl_Provisioning_HttpServerEventHdl    
2000c8c5  sl_Provisioning_NetAppEventHdl        
2000c8d1  sl_Provisioning_WlanEventHdl          
2000c8dd  DmaSpiSwIntHandler                    
2000c901  IntUnregister                         
2000c925  UARTEnable                            
2000c949  _c_int00_noargs                       
2000c96d  memmove                               
2000c991  SPIReset                              
2000c9b3  SPIWordCountSet                       
2000c9d5  GPIOPinWrite                          
2000c9f5  IntRegister                           
2000ca15  NwpPrePowerOffTimout0                 
2000ca35  TimerGetCurrentTimestamp              
2000ca55  _SlDrvObjUnLock                       
2000ca75  _SlDrvSyncObjSignal                   
2000ca95  GPIOIntRegister                       
2000cab3  TimerEnable                           
2000cad1  UARTCharPut                           
2000cb0d  TimerValueGet                         
2000cb29  UARTCharGetNonBlocking                
2000cb45  _SlDrvStartMeasureTimeout             
2000cb61  __TI_zero_init_nomemset               
2000cb99  memccpy                               
2000cbb5  uDMAChannelEnable                     
2000cbd1  GPIOIntEnable                         
2000cbeb  PinTypeUART                           
2000cc05  SPIDmaDisable                         
2000cc1f  SPIDmaEnable                          
2000cc39  SPIFIFODisable                        
2000cc53  SPIFIFOEnable                         
2000cc6d  SPIIntUnregister                      
2000cc87  GPIOPinRead                           
2000cc9f  SPICSDisable                          
2000ccb7  SPICSEnable                           
2000cccf  SPIDisable                            
2000cce7  SPIEnable                             
2000ccff  UARTCharsAvail                        
2000cd17  _SlNonOsSemSet                        
2000cd79  PRCMHIBRegRead                        
2000cd8f  PRCMHIBRegWrite                       
2000cda5  _SlDrvMemZero                         
2000cdbb  strchr                                
2000cdd1  CPUcpsie                              
2000cde5  GPIOIntClear                          
2000cdf9  IntVTableBaseSet                      
2000ce0d  strcpy                                
2000ce21  strlen                                
2000ce35  wcslen                                
2000ce47  _SlDrvDispatchHttpServerEvents        
2000ce57  _SlDrvResetCmdExt                     
2000ce65  __TI_decompress_none                  
2000ce73  ResetISR                              
2000ce81  NwpMaskInterrupt                      
2000ce8d  NwpUnMaskInterrupt                    
2000ce99  copysign                              
2000ce99  copysignl                             
2000cea5  IntMasterEnable                       
2000ceb9  __aeabi_errno_addr                    
2000cec1  malloc                                
2000cec9  UtilsDelay                            
2000cecf  _system_pre_init                      
2000ced3  C$$EXIT                               
2000ced3  abort                                 
2000ced8  _ctypes_                              
2000d258  OpcodeTranslateTable                  
2000d294  _SlActionLookupTable                  
2000d480  _SlNetAppSendTokenValueCmdCtrl        
2000d4c0  __TI_static_base__                    
2000d4f4  __TI_Handler_Table_Base               
2000d500  __TI_Handler_Table_Limit              
2000d508  __TI_CINIT_Base                       
2000d518  __TI_CINIT_Limit                      
20017000  _sys_memory                           
2001f168  g_ucDinDout                           
2001f1b8  g_time                                
2001f1e4  g_ucConnectionSSID                    
2001f208  g_ucConnectionBSSID                   
2001f214  RxIrqCnt                              
2001f215  g_bDeviceRestartIsRequired            
2001f216  g_cDummy                              
2001f217  g_ucLED1Pin                           
2001f218  g_ucLED2Pin                           
2001f219  g_ucLED3Pin                           
2001f21c  g__SlNonOsCB                          
2001f26c  g_ulStatus                            
2001f270  g_ulPingPacketsRecv                   
2001f274  g_ulGatewayIP                         
2001f278  g_Host                                
2001f27c  g_SlDeviceStatus                      
2001f280  g_pCB                                 
2001f284  pPingCallBackFunc                     
2001f28c  g_uiLED1Port                          
2001f290  g_uiLED2Port                          
2001f294  g_uiLED3Port                          
2001f298  g_SpiFd                               
2001f29c  g_pHostIntHdl                         
2001f2a0  g_ucDMAEnabled                        
2001f2a4  _lock                                 
2001f2a8  _unlock                               
2001f2b4  errno                                 
2002f000  __stack                               
20030000  __STACK_END                           
ffffffff  __TI_pprof_out_hndl                   
ffffffff  __TI_prof_data_size                   
ffffffff  __TI_prof_data_start                  
ffffffff  __binit__                             
ffffffff  __c_args__                            
ffffffff  binit                                 
UNDEFED   __mpu_init                            
UNDEFED   _system_post_cinit                    

[278 symbols]
